<?xml version="1.0" encoding="ISO-8859-1" ?>
<link_info>
   <banner>MSP430 Linker PC v20.2.4.LTS</banner>
   <copyright>Copyright (c) 2003-2018 Texas Instruments Incorporated</copyright>
   <link_time>0x5ff20169</link_time>
   <link_errors>0x0</link_errors>
   <output_file>LCD_TEST.out</output_file>
   <entry_point>
      <name>_c_int00_noargs</name>
      <address>0xd446</address>
   </entry_point>
   <input_file_list>
      <input_file id="fl-2">
         <path>.\</path>
         <kind>object</kind>
         <file>Pages.obj</file>
         <name>Pages.obj</name>
      </input_file>
      <input_file id="fl-3">
         <path>.\</path>
         <kind>object</kind>
         <file>SPI.obj</file>
         <name>SPI.obj</name>
      </input_file>
      <input_file id="fl-4">
         <path>.\</path>
         <kind>object</kind>
         <file>ST7920.obj</file>
         <name>ST7920.obj</name>
      </input_file>
      <input_file id="fl-5">
         <path>.\</path>
         <kind>object</kind>
         <file>UTILS.obj</file>
         <name>UTILS.obj</name>
      </input_file>
      <input_file id="fl-6">
         <path>.\</path>
         <kind>object</kind>
         <file>main.obj</file>
         <name>main.obj</name>
      </input_file>
      <input_file id="fl-b">
         <kind>object</kind>
         <file>&lt;internal&gt;</file>
         <name>&lt;internal&gt;</name>
      </input_file>
      <input_file id="fl-21">
         <path>C:\ti\ccs1011\ccs\tools\compiler\ti-cgt-msp430_20.2.4.LTS\lib\</path>
         <kind>archive</kind>
         <file>rts430x_lc_sd_eabi.lib</file>
         <name>new.cpp.obj</name>
      </input_file>
      <input_file id="fl-22">
         <path>C:\ti\ccs1011\ccs\tools\compiler\ti-cgt-msp430_20.2.4.LTS\lib\</path>
         <kind>archive</kind>
         <file>rts430x_lc_sd_eabi.lib</file>
         <name>dtor_list.c.obj</name>
      </input_file>
      <input_file id="fl-23">
         <path>C:\ti\ccs1011\ccs\tools\compiler\ti-cgt-msp430_20.2.4.LTS\lib\</path>
         <kind>archive</kind>
         <file>rts430x_lc_sd_eabi.lib</file>
         <name>typeinfo.c.obj</name>
      </input_file>
      <input_file id="fl-24">
         <path>C:\ti\ccs1011\ccs\tools\compiler\ti-cgt-msp430_20.2.4.LTS\lib\</path>
         <kind>archive</kind>
         <file>rts430x_lc_sd_eabi.lib</file>
         <name>div16s.asm.obj</name>
      </input_file>
      <input_file id="fl-25">
         <path>C:\ti\ccs1011\ccs\tools\compiler\ti-cgt-msp430_20.2.4.LTS\lib\</path>
         <kind>archive</kind>
         <file>rts430x_lc_sd_eabi.lib</file>
         <name>div16u.asm.obj</name>
      </input_file>
      <input_file id="fl-26">
         <path>C:\ti\ccs1011\ccs\tools\compiler\ti-cgt-msp430_20.2.4.LTS\lib\</path>
         <kind>archive</kind>
         <file>rts430x_lc_sd_eabi.lib</file>
         <name>int45.asm.obj</name>
      </input_file>
      <input_file id="fl-27">
         <path>C:\ti\ccs1011\ccs\tools\compiler\ti-cgt-msp430_20.2.4.LTS\lib\</path>
         <kind>archive</kind>
         <file>rts430x_lc_sd_eabi.lib</file>
         <name>int46.asm.obj</name>
      </input_file>
      <input_file id="fl-28">
         <path>C:\ti\ccs1011\ccs\tools\compiler\ti-cgt-msp430_20.2.4.LTS\lib\</path>
         <kind>archive</kind>
         <file>rts430x_lc_sd_eabi.lib</file>
         <name>int47.asm.obj</name>
      </input_file>
      <input_file id="fl-29">
         <path>C:\ti\ccs1011\ccs\tools\compiler\ti-cgt-msp430_20.2.4.LTS\lib\</path>
         <kind>archive</kind>
         <file>rts430x_lc_sd_eabi.lib</file>
         <name>int49.asm.obj</name>
      </input_file>
      <input_file id="fl-2a">
         <path>C:\ti\ccs1011\ccs\tools\compiler\ti-cgt-msp430_20.2.4.LTS\lib\</path>
         <kind>archive</kind>
         <file>rts430x_lc_sd_eabi.lib</file>
         <name>int50.asm.obj</name>
      </input_file>
      <input_file id="fl-2b">
         <path>C:\ti\ccs1011\ccs\tools\compiler\ti-cgt-msp430_20.2.4.LTS\lib\</path>
         <kind>archive</kind>
         <file>rts430x_lc_sd_eabi.lib</file>
         <name>int51.asm.obj</name>
      </input_file>
      <input_file id="fl-2c">
         <path>C:\ti\ccs1011\ccs\tools\compiler\ti-cgt-msp430_20.2.4.LTS\lib\</path>
         <kind>archive</kind>
         <file>rts430x_lc_sd_eabi.lib</file>
         <name>int52.asm.obj</name>
      </input_file>
      <input_file id="fl-2d">
         <path>C:\ti\ccs1011\ccs\tools\compiler\ti-cgt-msp430_20.2.4.LTS\lib\</path>
         <kind>archive</kind>
         <file>rts430x_lc_sd_eabi.lib</file>
         <name>int53.asm.obj</name>
      </input_file>
      <input_file id="fl-2e">
         <path>C:\ti\ccs1011\ccs\tools\compiler\ti-cgt-msp430_20.2.4.LTS\lib\</path>
         <kind>archive</kind>
         <file>rts430x_lc_sd_eabi.lib</file>
         <name>int54.asm.obj</name>
      </input_file>
      <input_file id="fl-2f">
         <path>C:\ti\ccs1011\ccs\tools\compiler\ti-cgt-msp430_20.2.4.LTS\lib\</path>
         <kind>archive</kind>
         <file>rts430x_lc_sd_eabi.lib</file>
         <name>int55.asm.obj</name>
      </input_file>
      <input_file id="fl-30">
         <path>C:\ti\ccs1011\ccs\tools\compiler\ti-cgt-msp430_20.2.4.LTS\lib\</path>
         <kind>archive</kind>
         <file>rts430x_lc_sd_eabi.lib</file>
         <name>int56.asm.obj</name>
      </input_file>
      <input_file id="fl-31">
         <path>C:\ti\ccs1011\ccs\tools\compiler\ti-cgt-msp430_20.2.4.LTS\lib\</path>
         <kind>archive</kind>
         <file>rts430x_lc_sd_eabi.lib</file>
         <name>int57.asm.obj</name>
      </input_file>
      <input_file id="fl-32">
         <path>C:\ti\ccs1011\ccs\tools\compiler\ti-cgt-msp430_20.2.4.LTS\lib\</path>
         <kind>archive</kind>
         <file>rts430x_lc_sd_eabi.lib</file>
         <name>int58.asm.obj</name>
      </input_file>
      <input_file id="fl-33">
         <path>C:\ti\ccs1011\ccs\tools\compiler\ti-cgt-msp430_20.2.4.LTS\lib\</path>
         <kind>archive</kind>
         <file>rts430x_lc_sd_eabi.lib</file>
         <name>isr_trap.asm.obj</name>
      </input_file>
      <input_file id="fl-34">
         <path>C:\ti\ccs1011\ccs\tools\compiler\ti-cgt-msp430_20.2.4.LTS\lib\</path>
         <kind>archive</kind>
         <file>rts430x_lc_sd_eabi.lib</file>
         <name>lsl16.asm.obj</name>
      </input_file>
      <input_file id="fl-35">
         <path>C:\ti\ccs1011\ccs\tools\compiler\ti-cgt-msp430_20.2.4.LTS\lib\</path>
         <kind>archive</kind>
         <file>rts430x_lc_sd_eabi.lib</file>
         <name>mult16.asm.obj</name>
      </input_file>
      <input_file id="fl-36">
         <path>C:\ti\ccs1011\ccs\tools\compiler\ti-cgt-msp430_20.2.4.LTS\lib\</path>
         <kind>archive</kind>
         <file>rts430x_lc_sd_eabi.lib</file>
         <name>boot.c.obj</name>
      </input_file>
      <input_file id="fl-37">
         <path>C:\ti\ccs1011\ccs\tools\compiler\ti-cgt-msp430_20.2.4.LTS\lib\</path>
         <kind>archive</kind>
         <file>rts430x_lc_sd_eabi.lib</file>
         <name>autoinit.c.obj</name>
      </input_file>
      <input_file id="fl-38">
         <path>C:\ti\ccs1011\ccs\tools\compiler\ti-cgt-msp430_20.2.4.LTS\lib\</path>
         <kind>archive</kind>
         <file>rts430x_lc_sd_eabi.lib</file>
         <name>copy_zero_init.c.obj</name>
      </input_file>
      <input_file id="fl-39">
         <path>C:\ti\ccs1011\ccs\tools\compiler\ti-cgt-msp430_20.2.4.LTS\lib\</path>
         <kind>archive</kind>
         <file>rts430x_lc_sd_eabi.lib</file>
         <name>exit_gvars.c.obj</name>
      </input_file>
      <input_file id="fl-3a">
         <path>C:\ti\ccs1011\ccs\tools\compiler\ti-cgt-msp430_20.2.4.LTS\lib\</path>
         <kind>archive</kind>
         <file>rts430x_lc_sd_eabi.lib</file>
         <name>cpy_tbl.c.obj</name>
      </input_file>
      <input_file id="fl-3b">
         <path>C:\ti\ccs1011\ccs\tools\compiler\ti-cgt-msp430_20.2.4.LTS\lib\</path>
         <kind>archive</kind>
         <file>rts430x_lc_sd_eabi.lib</file>
         <name>mpu_init.c.obj</name>
      </input_file>
      <input_file id="fl-3c">
         <path>C:\ti\ccs1011\ccs\tools\compiler\ti-cgt-msp430_20.2.4.LTS\lib\</path>
         <kind>archive</kind>
         <file>rts430x_lc_sd_eabi.lib</file>
         <name>pre_init.c.obj</name>
      </input_file>
      <input_file id="fl-3d">
         <path>C:\ti\ccs1011\ccs\tools\compiler\ti-cgt-msp430_20.2.4.LTS\lib\</path>
         <kind>archive</kind>
         <file>rts430x_lc_sd_eabi.lib</file>
         <name>startup.c.obj</name>
      </input_file>
      <input_file id="fl-3e">
         <path>C:\ti\ccs1011\ccs\tools\compiler\ti-cgt-msp430_20.2.4.LTS\lib\</path>
         <kind>archive</kind>
         <file>rts430x_lc_sd_eabi.lib</file>
         <name>copy_decompress_none.c.obj</name>
      </input_file>
      <input_file id="fl-3f">
         <path>C:\ti\ccs1011\ccs\tools\compiler\ti-cgt-msp430_20.2.4.LTS\lib\</path>
         <kind>archive</kind>
         <file>rts430x_lc_sd_eabi.lib</file>
         <name>copy_decompress_lzss.c.obj</name>
      </input_file>
      <input_file id="fl-40">
         <path>C:\ti\ccs1011\ccs\tools\compiler\ti-cgt-msp430_20.2.4.LTS\lib\</path>
         <kind>archive</kind>
         <file>rts430x_lc_sd_eabi.lib</file>
         <name>exit.c.obj</name>
      </input_file>
      <input_file id="fl-41">
         <path>C:\ti\ccs1011\ccs\tools\compiler\ti-cgt-msp430_20.2.4.LTS\lib\</path>
         <kind>archive</kind>
         <file>rts430x_lc_sd_eabi.lib</file>
         <name>_lock.c.obj</name>
      </input_file>
      <input_file id="fl-42">
         <path>C:\ti\ccs1011\ccs\tools\compiler\ti-cgt-msp430_20.2.4.LTS\lib\</path>
         <kind>archive</kind>
         <file>rts430x_lc_sd_eabi.lib</file>
         <name>args_main.c.obj</name>
      </input_file>
      <input_file id="fl-43">
         <path>C:\ti\ccs1011\ccs\tools\compiler\ti-cgt-msp430_20.2.4.LTS\lib\</path>
         <kind>archive</kind>
         <file>rts430x_lc_sd_eabi.lib</file>
         <name>memcpy.c.obj</name>
      </input_file>
      <input_file id="fl-44">
         <path>C:\ti\ccs1011\ccs\tools\compiler\ti-cgt-msp430_20.2.4.LTS\lib\</path>
         <kind>archive</kind>
         <file>rts430x_lc_sd_eabi.lib</file>
         <name>memory.c.obj</name>
      </input_file>
      <input_file id="fl-45">
         <path>C:\ti\ccs1011\ccs\tools\compiler\ti-cgt-msp430_20.2.4.LTS\lib\</path>
         <kind>archive</kind>
         <file>rts430x_lc_sd_eabi.lib</file>
         <name>memset.c.obj</name>
      </input_file>
      <input_file id="fl-46">
         <path>C:\ti\ccs1011\ccs\tools\compiler\ti-cgt-msp430_20.2.4.LTS\lib\</path>
         <kind>archive</kind>
         <file>rts430x_lc_sd_eabi.lib</file>
         <name>strcat.c.obj</name>
      </input_file>
      <input_file id="fl-47">
         <path>C:\ti\ccs1011\ccs\tools\compiler\ti-cgt-msp430_20.2.4.LTS\lib\</path>
         <kind>archive</kind>
         <file>rts430x_lc_sd_eabi.lib</file>
         <name>strlen.c.obj</name>
      </input_file>
      <input_file id="fl-48">
         <path>C:\ti\ccs1011\ccs\tools\compiler\ti-cgt-msp430_20.2.4.LTS\lib\</path>
         <kind>archive</kind>
         <file>rts430x_lc_sd_eabi.lib</file>
         <name>abs.c.obj</name>
      </input_file>
      <input_file id="fl-49">
         <path>C:\ti\ccs1011\ccs\tools\compiler\ti-cgt-msp430_20.2.4.LTS\lib\</path>
         <kind>archive</kind>
         <file>rts430x_lc_sd_eabi.lib</file>
         <name>stdlib_typeinfo.cpp.obj</name>
      </input_file>
      <input_file id="fl-4a">
         <path>C:\ti\ccs1011\ccs\tools\compiler\ti-cgt-msp430_20.2.4.LTS\lib\</path>
         <kind>archive</kind>
         <file>rts430x_lc_sd_eabi.lib</file>
         <name>cpy_util.asm.obj</name>
      </input_file>
      <input_file id="fl-4b">
         <path>C:\ti\ccs1011\ccs\tools\compiler\ti-cgt-msp430_20.2.4.LTS\lib\</path>
         <kind>archive</kind>
         <file>rts430x_lc_sd_eabi.lib</file>
         <name>stdlib_exception.cpp.obj</name>
      </input_file>
   </input_file_list>
   <object_component_list>
      <object_component id="oc-6f1">
         <name>.cinit..data.load</name>
         <load_address>0xc400</load_address>
         <run_address>0xc400</run_address>
         <size>0x54</size>
      </object_component>
      <object_component id="oc-6ee">
         <name>__TI_handler_table</name>
         <load_address>0xc456</load_address>
         <run_address>0xc456</run_address>
         <size>0xc</size>
      </object_component>
      <object_component id="oc-6f0">
         <name>.cinit..bss.load</name>
         <load_address>0xc462</load_address>
         <run_address>0xc462</run_address>
         <size>0x6</size>
      </object_component>
      <object_component id="oc-6ef">
         <name>__TI_cinit_table</name>
         <load_address>0xc468</load_address>
         <run_address>0xc468</run_address>
         <size>0x10</size>
      </object_component>
      <object_component id="oc-686">
         <name>.binit</name>
         <load_address>0xc478</load_address>
         <run_address>0xc478</run_address>
         <size>0x0</size>
      </object_component>
      <object_component id="oc-27c">
         <name>.init_array</name>
         <load_address>0xc478</load_address>
         <run_address>0xc478</run_address>
         <size>0x4</size>
         <input_file_ref idref="fl-6"/>
      </object_component>
      <object_component id="oc-27b">
         <name>.init_array</name>
         <load_address>0xc47c</load_address>
         <run_address>0xc47c</run_address>
         <size>0x4</size>
         <input_file_ref idref="fl-2"/>
      </object_component>
      <object_component id="oc-6f2">
         <name>__TI_INITARRAY_Limit</name>
         <load_address>0xc480</load_address>
         <run_address>0xc480</run_address>
         <size>0x0</size>
      </object_component>
      <object_component id="oc-535">
         <name>.const:.string:FONT</name>
         <load_address>0xc480</load_address>
         <run_address>0xc480</run_address>
         <size>0x268</size>
         <input_file_ref idref="fl-4"/>
      </object_component>
      <object_component id="oc-396">
         <name>.const:.string</name>
         <load_address>0xc6e8</load_address>
         <run_address>0xc6e8</run_address>
         <size>0x4a</size>
         <input_file_ref idref="fl-2"/>
      </object_component>
      <object_component id="oc-673">
         <name>.const:.typeinfo:_ZTSN10__cxxabiv120__si_class_type_infoE</name>
         <load_address>0xc732</load_address>
         <run_address>0xc732</run_address>
         <size>0x25</size>
         <input_file_ref idref="fl-23"/>
      </object_component>
      <object_component id="oc-627">
         <name>.const:.typeinfo:_ZTSN10__cxxabiv117__class_type_infoE</name>
         <load_address>0xc758</load_address>
         <run_address>0xc758</run_address>
         <size>0x22</size>
         <input_file_ref idref="fl-23"/>
      </object_component>
      <object_component id="oc-546">
         <name>.const:RIGHT_ARROW</name>
         <load_address>0xc77a</load_address>
         <run_address>0xc77a</run_address>
         <size>0x10</size>
         <input_file_ref idref="fl-4"/>
      </object_component>
      <object_component id="oc-4da">
         <name>.const:_ZTV3SPI</name>
         <load_address>0xc78a</load_address>
         <run_address>0xc78a</run_address>
         <size>0x10</size>
         <input_file_ref idref="fl-3"/>
      </object_component>
      <object_component id="oc-44e">
         <name>.const:_ZTV5Pages</name>
         <load_address>0xc79a</load_address>
         <run_address>0xc79a</run_address>
         <size>0x10</size>
         <input_file_ref idref="fl-2"/>
      </object_component>
      <object_component id="oc-457">
         <name>.const:_ZTV5UTILS</name>
         <load_address>0xc7aa</load_address>
         <run_address>0xc7aa</run_address>
         <size>0x10</size>
         <input_file_ref idref="fl-5"/>
      </object_component>
      <object_component id="oc-418">
         <name>.const:_ZTV6ST7920</name>
         <load_address>0xc7ba</load_address>
         <run_address>0xc7ba</run_address>
         <size>0x10</size>
         <input_file_ref idref="fl-4"/>
      </object_component>
      <object_component id="oc-57f">
         <name>.const:_ZTVN10__cxxabiv117__class_type_infoE</name>
         <load_address>0xc7ca</load_address>
         <run_address>0xc7ca</run_address>
         <size>0x10</size>
         <input_file_ref idref="fl-23"/>
      </object_component>
      <object_component id="oc-622">
         <name>.const:_ZTVN10__cxxabiv120__si_class_type_infoE</name>
         <load_address>0xc7da</load_address>
         <run_address>0xc7da</run_address>
         <size>0x10</size>
         <input_file_ref idref="fl-23"/>
      </object_component>
      <object_component id="oc-666">
         <name>.const:.typeinfo:_ZTSSt9type_info</name>
         <load_address>0xc7ea</load_address>
         <run_address>0xc7ea</run_address>
         <size>0xd</size>
         <input_file_ref idref="fl-49"/>
      </object_component>
      <object_component id="oc-584">
         <name>.const:.typeinfo:_ZTS6ST7920</name>
         <load_address>0xc7f8</load_address>
         <run_address>0xc7f8</run_address>
         <size>0x8</size>
         <input_file_ref idref="fl-4"/>
      </object_component>
      <object_component id="oc-5ae">
         <name>.const:.typeinfo:_ZTS5Pages</name>
         <load_address>0xc800</load_address>
         <run_address>0xc800</run_address>
         <size>0x7</size>
         <input_file_ref idref="fl-2"/>
      </object_component>
      <object_component id="oc-5b5">
         <name>.const:.typeinfo:_ZTS5UTILS</name>
         <load_address>0xc808</load_address>
         <run_address>0xc808</run_address>
         <size>0x7</size>
         <input_file_ref idref="fl-5"/>
      </object_component>
      <object_component id="oc-5da">
         <name>.const:.typeinfo:_ZTIN10__cxxabiv117__class_type_infoE</name>
         <load_address>0xc810</load_address>
         <run_address>0xc810</run_address>
         <size>0x6</size>
         <input_file_ref idref="fl-23"/>
      </object_component>
      <object_component id="oc-655">
         <name>.const:.typeinfo:_ZTIN10__cxxabiv120__si_class_type_infoE</name>
         <load_address>0xc816</load_address>
         <run_address>0xc816</run_address>
         <size>0x6</size>
         <input_file_ref idref="fl-23"/>
      </object_component>
      <object_component id="oc-5f7">
         <name>.const:.typeinfo:_ZTS3SPI</name>
         <load_address>0xc81c</load_address>
         <run_address>0xc81c</run_address>
         <size>0x5</size>
         <input_file_ref idref="fl-3"/>
      </object_component>
      <object_component id="oc-591">
         <name>.const:.typeinfo:_ZTI3SPI</name>
         <load_address>0xc822</load_address>
         <run_address>0xc822</run_address>
         <size>0x4</size>
         <input_file_ref idref="fl-3"/>
      </object_component>
      <object_component id="oc-504">
         <name>.const:.typeinfo:_ZTI5Pages</name>
         <load_address>0xc826</load_address>
         <run_address>0xc826</run_address>
         <size>0x4</size>
         <input_file_ref idref="fl-2"/>
      </object_component>
      <object_component id="oc-510">
         <name>.const:.typeinfo:_ZTI5UTILS</name>
         <load_address>0xc82a</load_address>
         <run_address>0xc82a</run_address>
         <size>0x4</size>
         <input_file_ref idref="fl-5"/>
      </object_component>
      <object_component id="oc-4d0">
         <name>.const:.typeinfo:_ZTI6ST7920</name>
         <load_address>0xc82e</load_address>
         <run_address>0xc82e</run_address>
         <size>0x4</size>
         <input_file_ref idref="fl-4"/>
      </object_component>
      <object_component id="oc-62c">
         <name>.const:.typeinfo:_ZTISt9type_info</name>
         <load_address>0xc832</load_address>
         <run_address>0xc832</run_address>
         <size>0x4</size>
         <input_file_ref idref="fl-49"/>
      </object_component>
      <object_component id="oc-3ca">
         <name>.const:.string</name>
         <load_address>0xc836</load_address>
         <run_address>0xc836</run_address>
         <size>0x2</size>
         <input_file_ref idref="fl-6"/>
      </object_component>
      <object_component id="oc-5a0">
         <name>.text:aligned_alloc</name>
         <load_address>0xc838</load_address>
         <run_address>0xc838</run_address>
         <size>0xf0</size>
         <input_file_ref idref="fl-44"/>
      </object_component>
      <object_component id="oc-64">
         <name>.text:decompress:lzss:__TI_decompress_lzss</name>
         <load_address>0xc928</load_address>
         <run_address>0xc928</run_address>
         <size>0xee</size>
         <input_file_ref idref="fl-3f"/>
      </object_component>
      <object_component id="oc-617">
         <name>.text:free</name>
         <load_address>0xca16</load_address>
         <run_address>0xca16</run_address>
         <size>0xd2</size>
         <input_file_ref idref="fl-44"/>
      </object_component>
      <object_component id="oc-308">
         <name>.text:_ZN5Pages6PickerEib</name>
         <load_address>0xcae8</load_address>
         <run_address>0xcae8</run_address>
         <size>0xac</size>
         <input_file_ref idref="fl-2"/>
      </object_component>
      <object_component id="oc-46e">
         <name>.text:_ZN6ST792010fillScreenEh</name>
         <load_address>0xcb94</load_address>
         <run_address>0xcb94</run_address>
         <size>0xa8</size>
         <input_file_ref idref="fl-4"/>
      </object_component>
      <object_component id="oc-325">
         <name>.text:main</name>
         <load_address>0xcc3c</load_address>
         <run_address>0xcc3c</run_address>
         <size>0x96</size>
         <input_file_ref idref="fl-6"/>
      </object_component>
      <object_component id="oc-3fc">
         <name>.text:__TI_auto_init_nobinit_hold_wdt:__TI_auto_init_nobinit_hold_wdt</name>
         <load_address>0xccd2</load_address>
         <run_address>0xccd2</run_address>
         <size>0x84</size>
         <input_file_ref idref="fl-37"/>
      </object_component>
      <object_component id="oc-494">
         <name>.text:_ZN6ST79204initEv</name>
         <load_address>0xcd56</load_address>
         <run_address>0xcd56</run_address>
         <size>0x7e</size>
         <input_file_ref idref="fl-4"/>
      </object_component>
      <object_component id="oc-474">
         <name>.text:_ZN6ST792011printStringEPKcii</name>
         <load_address>0xcdd4</load_address>
         <run_address>0xcdd4</run_address>
         <size>0x74</size>
         <input_file_ref idref="fl-4"/>
      </object_component>
      <object_component id="oc-397">
         <name>.text:_ZN5Pages11ConnectWifiEiPKc</name>
         <load_address>0xce48</load_address>
         <run_address>0xce48</run_address>
         <size>0x72</size>
         <input_file_ref idref="fl-2"/>
      </object_component>
      <object_component id="oc-3a8">
         <name>.text:_ZN5Pages8MainMenuEib</name>
         <load_address>0xceba</load_address>
         <run_address>0xceba</run_address>
         <size>0x72</size>
         <input_file_ref idref="fl-2"/>
      </object_component>
      <object_component id="oc-39d">
         <name>.text:_ZN5Pages8SettingsEib</name>
         <load_address>0xcf2c</load_address>
         <run_address>0xcf2c</run_address>
         <size>0x6e</size>
         <input_file_ref idref="fl-2"/>
      </object_component>
      <object_component id="oc-2a0">
         <name>.text:_isr:_Z7ADC_ISRv</name>
         <load_address>0xcf9a</load_address>
         <run_address>0xcf9a</run_address>
         <size>0x6e</size>
         <input_file_ref idref="fl-6"/>
      </object_component>
      <object_component id="oc-610">
         <name>.text:split</name>
         <load_address>0xd008</load_address>
         <run_address>0xd008</run_address>
         <size>0x68</size>
         <input_file_ref idref="fl-44"/>
      </object_component>
      <object_component id="oc-522">
         <name>.text:_ZN6ST79206gotoXYEii</name>
         <load_address>0xd070</load_address>
         <run_address>0xd070</run_address>
         <size>0x58</size>
         <input_file_ref idref="fl-4"/>
      </object_component>
      <object_component id="oc-3d8">
         <name>.text:exit</name>
         <load_address>0xd0c8</load_address>
         <run_address>0xd0c8</run_address>
         <size>0x48</size>
         <input_file_ref idref="fl-40"/>
      </object_component>
      <object_component id="oc-555">
         <name>.text:_ZN6ST792011sendCommandEh</name>
         <load_address>0xd110</load_address>
         <run_address>0xd110</run_address>
         <size>0x46</size>
         <input_file_ref idref="fl-4"/>
      </object_component>
      <object_component id="oc-538">
         <name>.text:_ZN6ST79208sendDataEh</name>
         <load_address>0xd156</load_address>
         <run_address>0xd156</run_address>
         <size>0x46</size>
         <input_file_ref idref="fl-4"/>
      </object_component>
      <object_component id="oc-444">
         <name>.text:_Z25__add_destruction_to_listPP20a_needed_destructionPFYvPvES2_S2_</name>
         <load_address>0xd19c</load_address>
         <run_address>0xd19c</run_address>
         <size>0x44</size>
         <input_file_ref idref="fl-22"/>
      </object_component>
      <object_component id="oc-480">
         <name>.text:_ZN6ST792014drawRightArrowEii</name>
         <load_address>0xd1e0</load_address>
         <run_address>0xd1e0</run_address>
         <size>0x40</size>
         <input_file_ref idref="fl-4"/>
      </object_component>
      <object_component id="oc-28f">
         <name>.text:__memcpy_far</name>
         <load_address>0xd220</load_address>
         <run_address>0xd220</run_address>
         <size>0x40</size>
         <input_file_ref idref="fl-4a"/>
      </object_component>
      <object_component id="oc-5a7">
         <name>.text:_Z23__finalize_destructionsPP20a_needed_destructionPv</name>
         <load_address>0xd260</load_address>
         <run_address>0xd260</run_address>
         <size>0x3e</size>
         <input_file_ref idref="fl-22"/>
      </object_component>
      <object_component id="oc-2a6">
         <name>.text:decompress:ZI:__TI_zero_init_nomemset:__TI_zero_init_nomemset</name>
         <load_address>0xd29e</load_address>
         <run_address>0xd29e</run_address>
         <size>0x3e</size>
         <input_file_ref idref="fl-38"/>
      </object_component>
      <object_component id="oc-6a">
         <name>.text:decompress:none:__TI_decompress_none</name>
         <load_address>0xd2dc</load_address>
         <run_address>0xd2dc</run_address>
         <size>0x3c</size>
         <input_file_ref idref="fl-3e"/>
      </object_component>
      <object_component id="oc-54f">
         <name>.text:_ZN3SPI4initEv</name>
         <load_address>0xd318</load_address>
         <run_address>0xd318</run_address>
         <size>0x34</size>
         <input_file_ref idref="fl-3"/>
      </object_component>
      <object_component id="oc-2e8">
         <name>.text:__sti___8_main_cpp_Pages</name>
         <load_address>0xd34c</load_address>
         <run_address>0xd34c</run_address>
         <size>0x32</size>
         <input_file_ref idref="fl-6"/>
      </object_component>
      <object_component id="oc-3a3">
         <name>.text</name>
         <load_address>0xd37e</load_address>
         <run_address>0xd37e</run_address>
         <size>0x2c</size>
         <input_file_ref idref="fl-24"/>
      </object_component>
      <object_component id="oc-3c4">
         <name>.text:_ZN5UTILS9init_gpioEv</name>
         <load_address>0xd3aa</load_address>
         <run_address>0xd3aa</run_address>
         <size>0x28</size>
         <input_file_ref idref="fl-5"/>
      </object_component>
      <object_component id="oc-60a">
         <name>.text:free_list_insert</name>
         <load_address>0xd3d2</load_address>
         <run_address>0xd3d2</run_address>
         <size>0x28</size>
         <input_file_ref idref="fl-44"/>
      </object_component>
      <object_component id="oc-353">
         <name>.text:_ZN33_INTERNAL_11_dtor_list_c_14e673d611__TI_atexitEPFYvPvES0_S0_</name>
         <load_address>0xd3fa</load_address>
         <run_address>0xd3fa</run_address>
         <size>0x26</size>
         <input_file_ref idref="fl-22"/>
      </object_component>
      <object_component id="oc-3be">
         <name>.text:_ZN5UTILS13configure_adcEv</name>
         <load_address>0xd420</load_address>
         <run_address>0xd420</run_address>
         <size>0x26</size>
         <input_file_ref idref="fl-5"/>
      </object_component>
      <object_component id="oc-2b8">
         <name>.text:_isr:_c_int00_noargs</name>
         <load_address>0xd446</load_address>
         <run_address>0xd446</run_address>
         <size>0x1c</size>
         <input_file_ref idref="fl-36"/>
      </object_component>
      <object_component id="oc-604">
         <name>.text:free_list_remove</name>
         <load_address>0xd462</load_address>
         <run_address>0xd462</run_address>
         <size>0x1c</size>
         <input_file_ref idref="fl-44"/>
      </object_component>
      <object_component id="oc-3cb">
         <name>.text:_ZN5Pages6TypingEiPKc</name>
         <load_address>0xd47e</load_address>
         <run_address>0xd47e</run_address>
         <size>0x1a</size>
         <input_file_ref idref="fl-2"/>
      </object_component>
      <object_component id="oc-2e2">
         <name>.text:__sti___9_Pages_cpp_ST7920</name>
         <load_address>0xd498</load_address>
         <run_address>0xd498</run_address>
         <size>0x1a</size>
         <input_file_ref idref="fl-2"/>
      </object_component>
      <object_component id="oc-465">
         <name>.text:strcat</name>
         <load_address>0xd4b2</load_address>
         <run_address>0xd4b2</run_address>
         <size>0x1a</size>
         <input_file_ref idref="fl-46"/>
      </object_component>
      <object_component id="oc-344">
         <name>.text:_ZN6ST7920C1Ev</name>
         <load_address>0xd4cc</load_address>
         <run_address>0xd4cc</run_address>
         <size>0x18</size>
         <input_file_ref idref="fl-4"/>
      </object_component>
      <object_component id="oc-660">
         <name>.text:_ZN10__cxxabiv120__si_class_type_infoD0Ev</name>
         <load_address>0xd4e4</load_address>
         <run_address>0xd4e4</run_address>
         <size>0x16</size>
         <input_file_ref idref="fl-23"/>
      </object_component>
      <object_component id="oc-311">
         <name>.text:_ZN5UTILS8delay_msEj</name>
         <load_address>0xd4fa</load_address>
         <run_address>0xd4fa</run_address>
         <size>0x16</size>
         <input_file_ref idref="fl-5"/>
      </object_component>
      <object_component id="oc-48a">
         <name>.text</name>
         <load_address>0xd510</load_address>
         <run_address>0xd510</run_address>
         <size>0x16</size>
         <input_file_ref idref="fl-25"/>
      </object_component>
      <object_component id="oc-5e5">
         <name>.text:_ZN10__cxxabiv117__class_type_infoD0Ev</name>
         <load_address>0xd526</load_address>
         <run_address>0xd526</run_address>
         <size>0x14</size>
         <input_file_ref idref="fl-23"/>
      </object_component>
      <object_component id="oc-528">
         <name>.text:_ZN3SPI5setCSEb</name>
         <load_address>0xd53a</load_address>
         <run_address>0xd53a</run_address>
         <size>0x14</size>
         <input_file_ref idref="fl-3"/>
      </object_component>
      <object_component id="oc-52e">
         <name>.text:_ZN3SPI5writeEh</name>
         <load_address>0xd54e</load_address>
         <run_address>0xd54e</run_address>
         <size>0x14</size>
         <input_file_ref idref="fl-3"/>
      </object_component>
      <object_component id="oc-4d5">
         <name>.text:_ZN6ST7920D0Ev</name>
         <load_address>0xd562</load_address>
         <run_address>0xd562</run_address>
         <size>0x14</size>
         <input_file_ref idref="fl-4"/>
      </object_component>
      <object_component id="oc-47b">
         <name>.text</name>
         <load_address>0xd576</load_address>
         <run_address>0xd576</run_address>
         <size>0x14</size>
         <input_file_ref idref="fl-35"/>
      </object_component>
      <object_component id="oc-34a">
         <name>.text:_ZN6ST7920D1Ev</name>
         <load_address>0xd58a</load_address>
         <run_address>0xd58a</run_address>
         <size>0x12</size>
         <input_file_ref idref="fl-4"/>
      </object_component>
      <object_component id="oc-5df">
         <name>.text:_ZN10__cxxabiv117__class_type_infoD1Ev</name>
         <load_address>0xd59c</load_address>
         <run_address>0xd59c</run_address>
         <size>0xe</size>
         <input_file_ref idref="fl-23"/>
      </object_component>
      <object_component id="oc-65a">
         <name>.text:_ZN10__cxxabiv120__si_class_type_infoD1Ev</name>
         <load_address>0xd5aa</load_address>
         <run_address>0xd5aa</run_address>
         <size>0xe</size>
         <input_file_ref idref="fl-23"/>
      </object_component>
      <object_component id="oc-53e">
         <name>.text:strlen</name>
         <load_address>0xd5b8</load_address>
         <run_address>0xd5b8</run_address>
         <size>0xe</size>
         <input_file_ref idref="fl-47"/>
      </object_component>
      <object_component id="oc-3b8">
         <name>.text:_ZN5Pages10InitializeEv</name>
         <load_address>0xd5c6</load_address>
         <run_address>0xd5c6</run_address>
         <size>0xa</size>
         <input_file_ref idref="fl-2"/>
      </object_component>
      <object_component id="oc-5ee">
         <name>.text:_ZdlPv</name>
         <load_address>0xd5d0</load_address>
         <run_address>0xd5d0</run_address>
         <size>0xa</size>
         <input_file_ref idref="fl-21"/>
      </object_component>
      <object_component id="oc-4fb">
         <name>.text:__cxa_ia64_exit</name>
         <load_address>0xd5da</load_address>
         <run_address>0xd5da</run_address>
         <size>0xa</size>
         <input_file_ref idref="fl-22"/>
      </object_component>
      <object_component id="oc-2ff">
         <name>.text:abs</name>
         <load_address>0xd5e4</load_address>
         <run_address>0xd5e4</run_address>
         <size>0xa</size>
         <input_file_ref idref="fl-48"/>
      </object_component>
      <object_component id="oc-41d">
         <name>.text:_ZN3SPIC1Ev</name>
         <load_address>0xd5ee</load_address>
         <run_address>0xd5ee</run_address>
         <size>0x8</size>
         <input_file_ref idref="fl-3"/>
      </object_component>
      <object_component id="oc-596">
         <name>.text:_ZN3SPID0Ev</name>
         <load_address>0xd5f6</load_address>
         <run_address>0xd5f6</run_address>
         <size>0x8</size>
         <input_file_ref idref="fl-3"/>
      </object_component>
      <object_component id="oc-35a">
         <name>.text:_ZN5PagesC1Ev</name>
         <load_address>0xd5fe</load_address>
         <run_address>0xd5fe</run_address>
         <size>0x8</size>
         <input_file_ref idref="fl-2"/>
      </object_component>
      <object_component id="oc-509">
         <name>.text:_ZN5PagesD0Ev</name>
         <load_address>0xd606</load_address>
         <run_address>0xd606</run_address>
         <size>0x8</size>
         <input_file_ref idref="fl-2"/>
      </object_component>
      <object_component id="oc-366">
         <name>.text:_ZN5UTILSC1Ev</name>
         <load_address>0xd60e</load_address>
         <run_address>0xd60e</run_address>
         <size>0x8</size>
         <input_file_ref idref="fl-5"/>
      </object_component>
      <object_component id="oc-515">
         <name>.text:_ZN5UTILSD0Ev</name>
         <load_address>0xd616</load_address>
         <run_address>0xd616</run_address>
         <size>0x8</size>
         <input_file_ref idref="fl-5"/>
      </object_component>
      <object_component id="oc-29b">
         <name>.text:_isr:__TI_ISR_TRAP</name>
         <load_address>0xd61e</load_address>
         <run_address>0xd61e</run_address>
         <size>0x8</size>
         <input_file_ref idref="fl-33"/>
      </object_component>
      <object_component id="oc-4f5">
         <name>.text:malloc</name>
         <load_address>0xd626</load_address>
         <run_address>0xd626</run_address>
         <size>0x8</size>
         <input_file_ref idref="fl-44"/>
      </object_component>
      <object_component id="oc-3d2">
         <name>.text:abort</name>
         <load_address>0xd62e</load_address>
         <run_address>0xd62e</run_address>
         <size>0x6</size>
         <input_file_ref idref="fl-40"/>
      </object_component>
      <object_component id="oc-589">
         <name>.text:_ZdlPvj</name>
         <load_address>0xd634</load_address>
         <run_address>0xd634</run_address>
         <size>0x4</size>
         <input_file_ref idref="fl-21"/>
      </object_component>
      <object_component id="oc-31f">
         <name>.text:_system_pre_init</name>
         <load_address>0xd638</load_address>
         <run_address>0xd638</run_address>
         <size>0x4</size>
         <input_file_ref idref="fl-3c"/>
      </object_component>
      <object_component id="oc-426">
         <name>.text:_ZN3SPID1Ev</name>
         <load_address>0xd63c</load_address>
         <run_address>0xd63c</run_address>
         <size>0x2</size>
         <input_file_ref idref="fl-3"/>
      </object_component>
      <object_component id="oc-360">
         <name>.text:_ZN5PagesD1Ev</name>
         <load_address>0xd63e</load_address>
         <run_address>0xd63e</run_address>
         <size>0x2</size>
         <input_file_ref idref="fl-2"/>
      </object_component>
      <object_component id="oc-36c">
         <name>.text:_ZN5UTILSD1Ev</name>
         <load_address>0xd640</load_address>
         <run_address>0xd640</run_address>
         <size>0x2</size>
         <input_file_ref idref="fl-5"/>
      </object_component>
      <object_component id="oc-631">
         <name>.text:_ZNSt9type_infoD1Ev</name>
         <load_address>0xd642</load_address>
         <run_address>0xd642</run_address>
         <size>0x2</size>
         <input_file_ref idref="fl-49"/>
      </object_component>
      <object_component id="oc-4ea">
         <name>.text:_nop</name>
         <load_address>0xd644</load_address>
         <run_address>0xd644</run_address>
         <size>0x2</size>
         <input_file_ref idref="fl-41"/>
      </object_component>
      <object_component id="oc-4aa">
         <name>.text:_system_post_cinit</name>
         <load_address>0xd646</load_address>
         <run_address>0xd646</run_address>
         <size>0x2</size>
         <input_file_ref idref="fl-3d"/>
      </object_component>
      <object_component id="oc-341">
         <name>.bss:ST7920</name>
         <uninitialized>true</uninitialized>
         <run_address>0x20ee</run_address>
         <size>0x4</size>
         <input_file_ref idref="fl-2"/>
      </object_component>
      <object_component id="oc-305">
         <name>.bss:Pages</name>
         <uninitialized>true</uninitialized>
         <run_address>0x20f2</run_address>
         <size>0x2</size>
         <input_file_ref idref="fl-6"/>
      </object_component>
      <object_component id="oc-30e">
         <name>.bss:UTILS</name>
         <uninitialized>true</uninitialized>
         <run_address>0x20f4</run_address>
         <size>0x2</size>
         <input_file_ref idref="fl-6"/>
      </object_component>
      <object_component id="oc-601">
         <name>.bss</name>
         <uninitialized>true</uninitialized>
         <run_address>0x20f6</run_address>
         <size>0x2</size>
         <input_file_ref idref="fl-44"/>
      </object_component>
      <object_component id="oc-350">
         <name>.common:__dso_handle</name>
         <uninitialized>true</uninitialized>
         <run_address>0x20f8</run_address>
         <size>0x2</size>
      </object_component>
      <object_component id="oc-393">
         <name>.data</name>
         <load_address>0x20e6</load_address>
         <run_address>0x20e6</run_address>
         <size>0x2</size>
         <input_file_ref idref="fl-2"/>
      </object_component>
      <object_component id="oc-462">
         <name>.data:SSID</name>
         <load_address>0x20b4</load_address>
         <run_address>0x20b4</run_address>
         <size>0x14</size>
         <input_file_ref idref="fl-2"/>
      </object_component>
      <object_component id="oc-46b">
         <name>.data:PSWD</name>
         <load_address>0x20a0</load_address>
         <run_address>0x20a0</run_address>
         <size>0x14</size>
         <input_file_ref idref="fl-2"/>
      </object_component>
      <object_component id="oc-490">
         <name>.data:picker_MainMenu</name>
         <load_address>0x20c8</load_address>
         <run_address>0x20c8</run_address>
         <size>0x6</size>
         <input_file_ref idref="fl-2"/>
      </object_component>
      <object_component id="oc-486">
         <name>.data:picker_Settings</name>
         <load_address>0x20e2</load_address>
         <run_address>0x20e2</run_address>
         <size>0x4</size>
         <input_file_ref idref="fl-2"/>
      </object_component>
      <object_component id="oc-2fc">
         <name>.data</name>
         <load_address>0x20de</load_address>
         <run_address>0x20de</run_address>
         <size>0x4</size>
         <input_file_ref idref="fl-6"/>
      </object_component>
      <object_component id="oc-441">
         <name>.data</name>
         <load_address>0x20e8</load_address>
         <run_address>0x20e8</run_address>
         <size>0x2</size>
         <input_file_ref idref="fl-22"/>
      </object_component>
      <object_component id="oc-4a5">
         <name>.data:__TI_cleanup_ptr</name>
         <load_address>0x20ce</load_address>
         <run_address>0x20ce</run_address>
         <size>0x4</size>
         <input_file_ref idref="fl-39"/>
      </object_component>
      <object_component id="oc-4a2">
         <name>.data:__TI_dtors_ptr</name>
         <load_address>0x20d2</load_address>
         <run_address>0x20d2</run_address>
         <size>0x4</size>
         <input_file_ref idref="fl-39"/>
      </object_component>
      <object_component id="oc-49f">
         <name>.data</name>
         <load_address>0x20ea</load_address>
         <run_address>0x20ea</run_address>
         <size>0x2</size>
         <input_file_ref idref="fl-40"/>
      </object_component>
      <object_component id="oc-43e">
         <name>.data:_lock</name>
         <load_address>0x20d6</load_address>
         <run_address>0x20d6</run_address>
         <size>0x4</size>
         <input_file_ref idref="fl-41"/>
      </object_component>
      <object_component id="oc-44a">
         <name>.data:_unlock</name>
         <load_address>0x20da</load_address>
         <run_address>0x20da</run_address>
         <size>0x4</size>
         <input_file_ref idref="fl-41"/>
      </object_component>
      <object_component id="oc-5fe">
         <name>.data</name>
         <load_address>0x20ec</load_address>
         <run_address>0x20ec</run_address>
         <size>0x2</size>
         <input_file_ref idref="fl-44"/>
      </object_component>
      <object_component id="oc-281">
         <name>.sysmem</name>
         <uninitialized>true</uninitialized>
         <run_address>0x2000</run_address>
         <size>0x8</size>
         <input_file_ref idref="fl-44"/>
      </object_component>
      <object_component id="oc-6f4">
         <name>.sysmem</name>
         <uninitialized>true</uninitialized>
         <run_address>0x2000</run_address>
         <size>0x0</size>
      </object_component>
      <object_component id="oc-27d">
         <name>.stack</name>
         <uninitialized>true</uninitialized>
         <run_address>0x2760</run_address>
         <size>0x2</size>
         <input_file_ref idref="fl-36"/>
      </object_component>
      <object_component id="oc-6f3">
         <name>.stack</name>
         <uninitialized>true</uninitialized>
         <run_address>0x2760</run_address>
         <size>0x0</size>
      </object_component>
      <object_component id="oc-70">
         <name>.int45</name>
         <load_address>0xffe2</load_address>
         <run_address>0xffe2</run_address>
         <size>0x2</size>
         <input_file_ref idref="fl-26"/>
      </object_component>
      <object_component id="oc-71">
         <name>.int46</name>
         <load_address>0xffe4</load_address>
         <run_address>0xffe4</run_address>
         <size>0x2</size>
         <input_file_ref idref="fl-27"/>
      </object_component>
      <object_component id="oc-72">
         <name>.int47</name>
         <load_address>0xffe6</load_address>
         <run_address>0xffe6</run_address>
         <size>0x2</size>
         <input_file_ref idref="fl-28"/>
      </object_component>
      <object_component id="oc-73">
         <name>.int48</name>
         <load_address>0xffe8</load_address>
         <run_address>0xffe8</run_address>
         <size>0x2</size>
         <input_file_ref idref="fl-6"/>
      </object_component>
      <object_component id="oc-74">
         <name>.int49</name>
         <load_address>0xffea</load_address>
         <run_address>0xffea</run_address>
         <size>0x2</size>
         <input_file_ref idref="fl-29"/>
      </object_component>
      <object_component id="oc-75">
         <name>.int50</name>
         <load_address>0xffec</load_address>
         <run_address>0xffec</run_address>
         <size>0x2</size>
         <input_file_ref idref="fl-2a"/>
      </object_component>
      <object_component id="oc-76">
         <name>.int51</name>
         <load_address>0xffee</load_address>
         <run_address>0xffee</run_address>
         <size>0x2</size>
         <input_file_ref idref="fl-2b"/>
      </object_component>
      <object_component id="oc-77">
         <name>.int52</name>
         <load_address>0xfff0</load_address>
         <run_address>0xfff0</run_address>
         <size>0x2</size>
         <input_file_ref idref="fl-2c"/>
      </object_component>
      <object_component id="oc-78">
         <name>.int53</name>
         <load_address>0xfff2</load_address>
         <run_address>0xfff2</run_address>
         <size>0x2</size>
         <input_file_ref idref="fl-2d"/>
      </object_component>
      <object_component id="oc-79">
         <name>.int54</name>
         <load_address>0xfff4</load_address>
         <run_address>0xfff4</run_address>
         <size>0x2</size>
         <input_file_ref idref="fl-2e"/>
      </object_component>
      <object_component id="oc-7a">
         <name>.int55</name>
         <load_address>0xfff6</load_address>
         <run_address>0xfff6</run_address>
         <size>0x2</size>
         <input_file_ref idref="fl-2f"/>
      </object_component>
      <object_component id="oc-7b">
         <name>.int56</name>
         <load_address>0xfff8</load_address>
         <run_address>0xfff8</run_address>
         <size>0x2</size>
         <input_file_ref idref="fl-30"/>
      </object_component>
      <object_component id="oc-7c">
         <name>.int57</name>
         <load_address>0xfffa</load_address>
         <run_address>0xfffa</run_address>
         <size>0x2</size>
         <input_file_ref idref="fl-31"/>
      </object_component>
      <object_component id="oc-7d">
         <name>.int58</name>
         <load_address>0xfffc</load_address>
         <run_address>0xfffc</run_address>
         <size>0x2</size>
         <input_file_ref idref="fl-32"/>
      </object_component>
      <object_component id="oc-280">
         <name>.reset</name>
         <load_address>0xfffe</load_address>
         <run_address>0xfffe</run_address>
         <size>0x2</size>
         <input_file_ref idref="fl-36"/>
      </object_component>
      <object_component id="oc-454">
         <name>.debug_info</name>
         <load_address>0x0</load_address>
         <run_address>0x0</run_address>
         <size>0xa3f</size>
         <input_file_ref idref="fl-2"/>
      </object_component>
      <object_component id="oc-342">
         <name>.debug_info</name>
         <load_address>0xa3f</load_address>
         <run_address>0xa3f</run_address>
         <size>0xe0</size>
         <input_file_ref idref="fl-2"/>
      </object_component>
      <object_component id="oc-394">
         <name>.debug_info</name>
         <load_address>0xb1f</load_address>
         <run_address>0xb1f</run_address>
         <size>0xe8</size>
         <input_file_ref idref="fl-2"/>
      </object_component>
      <object_component id="oc-463">
         <name>.debug_info</name>
         <load_address>0xc07</load_address>
         <run_address>0xc07</run_address>
         <size>0xdc</size>
         <input_file_ref idref="fl-2"/>
      </object_component>
      <object_component id="oc-46c">
         <name>.debug_info</name>
         <load_address>0xce3</load_address>
         <run_address>0xce3</run_address>
         <size>0xdc</size>
         <input_file_ref idref="fl-2"/>
      </object_component>
      <object_component id="oc-491">
         <name>.debug_info</name>
         <load_address>0xdbf</load_address>
         <run_address>0xdbf</run_address>
         <size>0xf2</size>
         <input_file_ref idref="fl-2"/>
      </object_component>
      <object_component id="oc-487">
         <name>.debug_info</name>
         <load_address>0xeb1</load_address>
         <run_address>0xeb1</run_address>
         <size>0xf2</size>
         <input_file_ref idref="fl-2"/>
      </object_component>
      <object_component id="oc-44f">
         <name>.debug_info</name>
         <load_address>0xfa3</load_address>
         <run_address>0xfa3</run_address>
         <size>0xfe</size>
         <input_file_ref idref="fl-2"/>
      </object_component>
      <object_component id="oc-505">
         <name>.debug_info</name>
         <load_address>0x10a1</load_address>
         <run_address>0x10a1</run_address>
         <size>0xf0</size>
         <input_file_ref idref="fl-2"/>
      </object_component>
      <object_component id="oc-5af">
         <name>.debug_info</name>
         <load_address>0x1191</load_address>
         <run_address>0x1191</run_address>
         <size>0xf5</size>
         <input_file_ref idref="fl-2"/>
      </object_component>
      <object_component id="oc-2e4">
         <name>.debug_info</name>
         <load_address>0x1286</load_address>
         <run_address>0x1286</run_address>
         <size>0x13f</size>
         <input_file_ref idref="fl-2"/>
      </object_component>
      <object_component id="oc-362">
         <name>.debug_info</name>
         <load_address>0x13c5</load_address>
         <run_address>0x13c5</run_address>
         <size>0x127</size>
         <input_file_ref idref="fl-2"/>
      </object_component>
      <object_component id="oc-50a">
         <name>.debug_info</name>
         <load_address>0x14ec</load_address>
         <run_address>0x14ec</run_address>
         <size>0x115</size>
         <input_file_ref idref="fl-2"/>
      </object_component>
      <object_component id="oc-35c">
         <name>.debug_info</name>
         <load_address>0x1601</load_address>
         <run_address>0x1601</run_address>
         <size>0x137</size>
         <input_file_ref idref="fl-2"/>
      </object_component>
      <object_component id="oc-3a0">
         <name>.debug_info</name>
         <load_address>0x1738</load_address>
         <run_address>0x1738</run_address>
         <size>0x224</size>
         <input_file_ref idref="fl-2"/>
      </object_component>
      <object_component id="oc-3aa">
         <name>.debug_info</name>
         <load_address>0x195c</load_address>
         <run_address>0x195c</run_address>
         <size>0x224</size>
         <input_file_ref idref="fl-2"/>
      </object_component>
      <object_component id="oc-399">
         <name>.debug_info</name>
         <load_address>0x1b80</load_address>
         <run_address>0x1b80</run_address>
         <size>0x24b</size>
         <input_file_ref idref="fl-2"/>
      </object_component>
      <object_component id="oc-3ce">
         <name>.debug_info</name>
         <load_address>0x1dcb</load_address>
         <run_address>0x1dcb</run_address>
         <size>0x175</size>
         <input_file_ref idref="fl-2"/>
      </object_component>
      <object_component id="oc-309">
         <name>.debug_info</name>
         <load_address>0x1f40</load_address>
         <run_address>0x1f40</run_address>
         <size>0x241</size>
         <input_file_ref idref="fl-2"/>
      </object_component>
      <object_component id="oc-3b9">
         <name>.debug_info</name>
         <load_address>0x2181</load_address>
         <run_address>0x2181</run_address>
         <size>0x14d</size>
         <input_file_ref idref="fl-2"/>
      </object_component>
      <object_component id="oc-38e">
         <name>.debug_info</name>
         <load_address>0x22ce</load_address>
         <run_address>0x22ce</run_address>
         <size>0x121</size>
         <input_file_ref idref="fl-2"/>
      </object_component>
      <object_component id="oc-4cb">
         <name>.debug_info</name>
         <load_address>0x23ef</load_address>
         <run_address>0x23ef</run_address>
         <size>0xbe</size>
         <input_file_ref idref="fl-2"/>
      </object_component>
      <object_component id="oc-413">
         <name>.debug_info</name>
         <load_address>0x24ad</load_address>
         <run_address>0x24ad</run_address>
         <size>0x1b0</size>
         <input_file_ref idref="fl-2"/>
      </object_component>
      <object_component id="oc-386">
         <name>.debug_info</name>
         <load_address>0x265d</load_address>
         <run_address>0x265d</run_address>
         <size>0x8b</size>
         <input_file_ref idref="fl-2"/>
      </object_component>
      <object_component id="oc-4e4">
         <name>.debug_info</name>
         <load_address>0x26e8</load_address>
         <run_address>0x26e8</run_address>
         <size>0x2c</size>
         <input_file_ref idref="fl-2"/>
      </object_component>
      <object_component id="oc-4e0">
         <name>.debug_info</name>
         <load_address>0x2714</load_address>
         <run_address>0x2714</run_address>
         <size>0x7a8</size>
         <input_file_ref idref="fl-3"/>
      </object_component>
      <object_component id="oc-4db">
         <name>.debug_info</name>
         <load_address>0x2ebc</load_address>
         <run_address>0x2ebc</run_address>
         <size>0xf9</size>
         <input_file_ref idref="fl-3"/>
      </object_component>
      <object_component id="oc-592">
         <name>.debug_info</name>
         <load_address>0x2fb5</load_address>
         <run_address>0x2fb5</run_address>
         <size>0xeb</size>
         <input_file_ref idref="fl-3"/>
      </object_component>
      <object_component id="oc-5f8">
         <name>.debug_info</name>
         <load_address>0x30a0</load_address>
         <run_address>0x30a0</run_address>
         <size>0xf0</size>
         <input_file_ref idref="fl-3"/>
      </object_component>
      <object_component id="oc-428">
         <name>.debug_info</name>
         <load_address>0x3190</load_address>
         <run_address>0x3190</run_address>
         <size>0x11d</size>
         <input_file_ref idref="fl-3"/>
      </object_component>
      <object_component id="oc-598">
         <name>.debug_info</name>
         <load_address>0x32ad</load_address>
         <run_address>0x32ad</run_address>
         <size>0x10f</size>
         <input_file_ref idref="fl-3"/>
      </object_component>
      <object_component id="oc-420">
         <name>.debug_info</name>
         <load_address>0x33bc</load_address>
         <run_address>0x33bc</run_address>
         <size>0x12d</size>
         <input_file_ref idref="fl-3"/>
      </object_component>
      <object_component id="oc-52f">
         <name>.debug_info</name>
         <load_address>0x34e9</load_address>
         <run_address>0x34e9</run_address>
         <size>0x144</size>
         <input_file_ref idref="fl-3"/>
      </object_component>
      <object_component id="oc-52a">
         <name>.debug_info</name>
         <load_address>0x362d</load_address>
         <run_address>0x362d</run_address>
         <size>0x144</size>
         <input_file_ref idref="fl-3"/>
      </object_component>
      <object_component id="oc-550">
         <name>.debug_info</name>
         <load_address>0x3771</load_address>
         <run_address>0x3771</run_address>
         <size>0x136</size>
         <input_file_ref idref="fl-3"/>
      </object_component>
      <object_component id="oc-424">
         <name>.debug_info</name>
         <load_address>0x38a7</load_address>
         <run_address>0x38a7</run_address>
         <size>0x87b</size>
         <input_file_ref idref="fl-4"/>
      </object_component>
      <object_component id="oc-536">
         <name>.debug_info</name>
         <load_address>0x4122</load_address>
         <run_address>0x4122</run_address>
         <size>0xdc</size>
         <input_file_ref idref="fl-4"/>
      </object_component>
      <object_component id="oc-547">
         <name>.debug_info</name>
         <load_address>0x41fe</load_address>
         <run_address>0x41fe</run_address>
         <size>0xea</size>
         <input_file_ref idref="fl-4"/>
      </object_component>
      <object_component id="oc-419">
         <name>.debug_info</name>
         <load_address>0x42e8</load_address>
         <run_address>0x42e8</run_address>
         <size>0x101</size>
         <input_file_ref idref="fl-4"/>
      </object_component>
      <object_component id="oc-4d1">
         <name>.debug_info</name>
         <load_address>0x43e9</load_address>
         <run_address>0x43e9</run_address>
         <size>0xf3</size>
         <input_file_ref idref="fl-4"/>
      </object_component>
      <object_component id="oc-585">
         <name>.debug_info</name>
         <load_address>0x44dc</load_address>
         <run_address>0x44dc</run_address>
         <size>0xf8</size>
         <input_file_ref idref="fl-4"/>
      </object_component>
      <object_component id="oc-34b">
         <name>.debug_info</name>
         <load_address>0x45d4</load_address>
         <run_address>0x45d4</run_address>
         <size>0x14f</size>
         <input_file_ref idref="fl-4"/>
      </object_component>
      <object_component id="oc-4d6">
         <name>.debug_info</name>
         <load_address>0x4723</load_address>
         <run_address>0x4723</run_address>
         <size>0x13e</size>
         <input_file_ref idref="fl-4"/>
      </object_component>
      <object_component id="oc-345">
         <name>.debug_info</name>
         <load_address>0x4861</load_address>
         <run_address>0x4861</run_address>
         <size>0x14e</size>
         <input_file_ref idref="fl-4"/>
      </object_component>
      <object_component id="oc-556">
         <name>.debug_info</name>
         <load_address>0x49af</load_address>
         <run_address>0x49af</run_address>
         <size>0x1d8</size>
         <input_file_ref idref="fl-4"/>
      </object_component>
      <object_component id="oc-523">
         <name>.debug_info</name>
         <load_address>0x4b87</load_address>
         <run_address>0x4b87</run_address>
         <size>0x1ae</size>
         <input_file_ref idref="fl-4"/>
      </object_component>
      <object_component id="oc-539">
         <name>.debug_info</name>
         <load_address>0x4d35</load_address>
         <run_address>0x4d35</run_address>
         <size>0x1d5</size>
         <input_file_ref idref="fl-4"/>
      </object_component>
      <object_component id="oc-46f">
         <name>.debug_info</name>
         <load_address>0x4f0a</load_address>
         <run_address>0x4f0a</run_address>
         <size>0x25a</size>
         <input_file_ref idref="fl-4"/>
      </object_component>
      <object_component id="oc-495">
         <name>.debug_info</name>
         <load_address>0x5164</load_address>
         <run_address>0x5164</run_address>
         <size>0x271</size>
         <input_file_ref idref="fl-4"/>
      </object_component>
      <object_component id="oc-481">
         <name>.debug_info</name>
         <load_address>0x53d5</load_address>
         <run_address>0x53d5</run_address>
         <size>0x1dd</size>
         <input_file_ref idref="fl-4"/>
      </object_component>
      <object_component id="oc-475">
         <name>.debug_info</name>
         <load_address>0x55b2</load_address>
         <run_address>0x55b2</run_address>
         <size>0x213</size>
         <input_file_ref idref="fl-4"/>
      </object_component>
      <object_component id="oc-45d">
         <name>.debug_info</name>
         <load_address>0x57c5</load_address>
         <run_address>0x57c5</run_address>
         <size>0x82e</size>
         <input_file_ref idref="fl-5"/>
      </object_component>
      <object_component id="oc-458">
         <name>.debug_info</name>
         <load_address>0x5ff3</load_address>
         <run_address>0x5ff3</run_address>
         <size>0xff</size>
         <input_file_ref idref="fl-5"/>
      </object_component>
      <object_component id="oc-511">
         <name>.debug_info</name>
         <load_address>0x60f2</load_address>
         <run_address>0x60f2</run_address>
         <size>0xf1</size>
         <input_file_ref idref="fl-5"/>
      </object_component>
      <object_component id="oc-5b6">
         <name>.debug_info</name>
         <load_address>0x61e3</load_address>
         <run_address>0x61e3</run_address>
         <size>0xf6</size>
         <input_file_ref idref="fl-5"/>
      </object_component>
      <object_component id="oc-36f">
         <name>.debug_info</name>
         <load_address>0x62d9</load_address>
         <run_address>0x62d9</run_address>
         <size>0x127</size>
         <input_file_ref idref="fl-5"/>
      </object_component>
      <object_component id="oc-516">
         <name>.debug_info</name>
         <load_address>0x6400</load_address>
         <run_address>0x6400</run_address>
         <size>0x115</size>
         <input_file_ref idref="fl-5"/>
      </object_component>
      <object_component id="oc-367">
         <name>.debug_info</name>
         <load_address>0x6515</load_address>
         <run_address>0x6515</run_address>
         <size>0x137</size>
         <input_file_ref idref="fl-5"/>
      </object_component>
      <object_component id="oc-3c5">
         <name>.debug_info</name>
         <load_address>0x664c</load_address>
         <run_address>0x664c</run_address>
         <size>0x132</size>
         <input_file_ref idref="fl-5"/>
      </object_component>
      <object_component id="oc-312">
         <name>.debug_info</name>
         <load_address>0x677e</load_address>
         <run_address>0x677e</run_address>
         <size>0x14a</size>
         <input_file_ref idref="fl-5"/>
      </object_component>
      <object_component id="oc-3c0">
         <name>.debug_info</name>
         <load_address>0x68c8</load_address>
         <run_address>0x68c8</run_address>
         <size>0x13b</size>
         <input_file_ref idref="fl-5"/>
      </object_component>
      <object_component id="oc-3b1">
         <name>.debug_info</name>
         <load_address>0x6a03</load_address>
         <run_address>0x6a03</run_address>
         <size>0xb4</size>
         <input_file_ref idref="fl-5"/>
      </object_component>
      <object_component id="oc-28a">
         <name>.debug_info</name>
         <load_address>0x6ab7</load_address>
         <run_address>0x6ab7</run_address>
         <size>0x84</size>
         <input_file_ref idref="fl-5"/>
      </object_component>
      <object_component id="oc-306">
         <name>.debug_info</name>
         <load_address>0x6b3b</load_address>
         <run_address>0x6b3b</run_address>
         <size>0xdd</size>
         <input_file_ref idref="fl-6"/>
      </object_component>
      <object_component id="oc-30f">
         <name>.debug_info</name>
         <load_address>0x6c18</load_address>
         <run_address>0x6c18</run_address>
         <size>0xdd</size>
         <input_file_ref idref="fl-6"/>
      </object_component>
      <object_component id="oc-2fd">
         <name>.debug_info</name>
         <load_address>0x6cf5</load_address>
         <run_address>0x6cf5</run_address>
         <size>0x10c</size>
         <input_file_ref idref="fl-6"/>
      </object_component>
      <object_component id="oc-326">
         <name>.debug_info</name>
         <load_address>0x6e01</load_address>
         <run_address>0x6e01</run_address>
         <size>0x202</size>
         <input_file_ref idref="fl-6"/>
      </object_component>
      <object_component id="oc-2e9">
         <name>.debug_info</name>
         <load_address>0x7003</load_address>
         <run_address>0x7003</run_address>
         <size>0x160</size>
         <input_file_ref idref="fl-6"/>
      </object_component>
      <object_component id="oc-2a2">
         <name>.debug_info</name>
         <load_address>0x7163</load_address>
         <run_address>0x7163</run_address>
         <size>0x192</size>
         <input_file_ref idref="fl-6"/>
      </object_component>
      <object_component id="oc-5f5">
         <name>.debug_info</name>
         <load_address>0x72f5</load_address>
         <run_address>0x72f5</run_address>
         <size>0x213</size>
         <input_file_ref idref="fl-21"/>
      </object_component>
      <object_component id="oc-5f0">
         <name>.debug_info</name>
         <load_address>0x7508</load_address>
         <run_address>0x7508</run_address>
         <size>0x17b</size>
         <input_file_ref idref="fl-21"/>
      </object_component>
      <object_component id="oc-58b">
         <name>.debug_info</name>
         <load_address>0x7683</load_address>
         <run_address>0x7683</run_address>
         <size>0x178</size>
         <input_file_ref idref="fl-21"/>
      </object_component>
      <object_component id="oc-648">
         <name>.debug_info</name>
         <load_address>0x77fb</load_address>
         <run_address>0x77fb</run_address>
         <size>0x6c</size>
         <input_file_ref idref="fl-21"/>
      </object_component>
      <object_component id="oc-42f">
         <name>.debug_info</name>
         <load_address>0x7867</load_address>
         <run_address>0x7867</run_address>
         <size>0x2c</size>
         <input_file_ref idref="fl-21"/>
      </object_component>
      <object_component id="oc-351">
         <name>.debug_info</name>
         <load_address>0x7893</load_address>
         <run_address>0x7893</run_address>
         <size>0x29d</size>
         <input_file_ref idref="fl-22"/>
      </object_component>
      <object_component id="oc-442">
         <name>.debug_info</name>
         <load_address>0x7b30</load_address>
         <run_address>0x7b30</run_address>
         <size>0x126</size>
         <input_file_ref idref="fl-22"/>
      </object_component>
      <object_component id="oc-445">
         <name>.debug_info</name>
         <load_address>0x7c56</load_address>
         <run_address>0x7c56</run_address>
         <size>0x2cf</size>
         <input_file_ref idref="fl-22"/>
      </object_component>
      <object_component id="oc-5a8">
         <name>.debug_info</name>
         <load_address>0x7f25</load_address>
         <run_address>0x7f25</run_address>
         <size>0x250</size>
         <input_file_ref idref="fl-22"/>
      </object_component>
      <object_component id="oc-4fe">
         <name>.debug_info</name>
         <load_address>0x8175</load_address>
         <run_address>0x8175</run_address>
         <size>0x19f</size>
         <input_file_ref idref="fl-22"/>
      </object_component>
      <object_component id="oc-354">
         <name>.debug_info</name>
         <load_address>0x8314</load_address>
         <run_address>0x8314</run_address>
         <size>0x2ac</size>
         <input_file_ref idref="fl-22"/>
      </object_component>
      <object_component id="oc-439">
         <name>.debug_info</name>
         <load_address>0x85c0</load_address>
         <run_address>0x85c0</run_address>
         <size>0x46</size>
         <input_file_ref idref="fl-22"/>
      </object_component>
      <object_component id="oc-434">
         <name>.debug_info</name>
         <load_address>0x8606</load_address>
         <run_address>0x8606</run_address>
         <size>0xbc</size>
         <input_file_ref idref="fl-22"/>
      </object_component>
      <object_component id="oc-5eb">
         <name>.debug_info</name>
         <load_address>0x86c2</load_address>
         <run_address>0x86c2</run_address>
         <size>0x7e6</size>
         <input_file_ref idref="fl-23"/>
      </object_component>
      <object_component id="oc-580">
         <name>.debug_info</name>
         <load_address>0x8ea8</load_address>
         <run_address>0x8ea8</run_address>
         <size>0x155</size>
         <input_file_ref idref="fl-23"/>
      </object_component>
      <object_component id="oc-623">
         <name>.debug_info</name>
         <load_address>0x8ffd</load_address>
         <run_address>0x8ffd</run_address>
         <size>0x15b</size>
         <input_file_ref idref="fl-23"/>
      </object_component>
      <object_component id="oc-5db">
         <name>.debug_info</name>
         <load_address>0x9158</load_address>
         <run_address>0x9158</run_address>
         <size>0x147</size>
         <input_file_ref idref="fl-23"/>
      </object_component>
      <object_component id="oc-656">
         <name>.debug_info</name>
         <load_address>0x929f</load_address>
         <run_address>0x929f</run_address>
         <size>0x14d</size>
         <input_file_ref idref="fl-23"/>
      </object_component>
      <object_component id="oc-628">
         <name>.debug_info</name>
         <load_address>0x93ec</load_address>
         <run_address>0x93ec</run_address>
         <size>0x14c</size>
         <input_file_ref idref="fl-23"/>
      </object_component>
      <object_component id="oc-674">
         <name>.debug_info</name>
         <load_address>0x9538</load_address>
         <run_address>0x9538</run_address>
         <size>0x152</size>
         <input_file_ref idref="fl-23"/>
      </object_component>
      <object_component id="oc-5e0">
         <name>.debug_info</name>
         <load_address>0x968a</load_address>
         <run_address>0x968a</run_address>
         <size>0x1a5</size>
         <input_file_ref idref="fl-23"/>
      </object_component>
      <object_component id="oc-65b">
         <name>.debug_info</name>
         <load_address>0x982f</load_address>
         <run_address>0x982f</run_address>
         <size>0x1ab</size>
         <input_file_ref idref="fl-23"/>
      </object_component>
      <object_component id="oc-661">
         <name>.debug_info</name>
         <load_address>0x99da</load_address>
         <run_address>0x99da</run_address>
         <size>0x19a</size>
         <input_file_ref idref="fl-23"/>
      </object_component>
      <object_component id="oc-5e6">
         <name>.debug_info</name>
         <load_address>0x9b74</load_address>
         <run_address>0x9b74</run_address>
         <size>0x194</size>
         <input_file_ref idref="fl-23"/>
      </object_component>
      <object_component id="oc-638">
         <name>.debug_info</name>
         <load_address>0x9d08</load_address>
         <run_address>0x9d08</run_address>
         <size>0x59b</size>
         <input_file_ref idref="fl-23"/>
      </object_component>
      <object_component id="oc-640">
         <name>.debug_info</name>
         <load_address>0xa2a3</load_address>
         <run_address>0xa2a3</run_address>
         <size>0x11f</size>
         <input_file_ref idref="fl-23"/>
      </object_component>
      <object_component id="oc-3a4">
         <name>.debug_info</name>
         <load_address>0xa3c2</load_address>
         <run_address>0xa3c2</run_address>
         <size>0x135</size>
         <input_file_ref idref="fl-24"/>
      </object_component>
      <object_component id="oc-48d">
         <name>.debug_info</name>
         <load_address>0xa4f7</load_address>
         <run_address>0xa4f7</run_address>
         <size>0x121</size>
         <input_file_ref idref="fl-25"/>
      </object_component>
      <object_component id="oc-29d">
         <name>.debug_info</name>
         <load_address>0xa618</load_address>
         <run_address>0xa618</run_address>
         <size>0x10f</size>
         <input_file_ref idref="fl-33"/>
      </object_component>
      <object_component id="oc-47c">
         <name>.debug_info</name>
         <load_address>0xa727</load_address>
         <run_address>0xa727</run_address>
         <size>0x121</size>
         <input_file_ref idref="fl-35"/>
      </object_component>
      <object_component id="oc-27e">
         <name>.debug_info</name>
         <load_address>0xa848</load_address>
         <run_address>0xa848</run_address>
         <size>0x100</size>
         <input_file_ref idref="fl-36"/>
      </object_component>
      <object_component id="oc-2bb">
         <name>.debug_info</name>
         <load_address>0xa948</load_address>
         <run_address>0xa948</run_address>
         <size>0x17a</size>
         <input_file_ref idref="fl-36"/>
      </object_component>
      <object_component id="oc-4b1">
         <name>.debug_info</name>
         <load_address>0xaac2</load_address>
         <run_address>0xaac2</run_address>
         <size>0x409</size>
         <input_file_ref idref="fl-37"/>
      </object_component>
      <object_component id="oc-3fd">
         <name>.debug_info</name>
         <load_address>0xaecb</load_address>
         <run_address>0xaecb</run_address>
         <size>0x20d</size>
         <input_file_ref idref="fl-37"/>
      </object_component>
      <object_component id="oc-568">
         <name>.debug_info</name>
         <load_address>0xb0d8</load_address>
         <run_address>0xb0d8</run_address>
         <size>0x39</size>
         <input_file_ref idref="fl-37"/>
      </object_component>
      <object_component id="oc-57a">
         <name>.debug_info</name>
         <load_address>0xb111</load_address>
         <run_address>0xb111</run_address>
         <size>0x2c</size>
         <input_file_ref idref="fl-37"/>
      </object_component>
      <object_component id="oc-4bc">
         <name>.debug_info</name>
         <load_address>0xb13d</load_address>
         <run_address>0xb13d</run_address>
         <size>0x2c</size>
         <input_file_ref idref="fl-37"/>
      </object_component>
      <object_component id="oc-56d">
         <name>.debug_info</name>
         <load_address>0xb169</load_address>
         <run_address>0xb169</run_address>
         <size>0xcd</size>
         <input_file_ref idref="fl-37"/>
      </object_component>
      <object_component id="oc-2aa">
         <name>.debug_info</name>
         <load_address>0xb236</load_address>
         <run_address>0xb236</run_address>
         <size>0x1d3</size>
         <input_file_ref idref="fl-38"/>
      </object_component>
      <object_component id="oc-319">
         <name>.debug_info</name>
         <load_address>0xb409</load_address>
         <run_address>0xb409</run_address>
         <size>0x46</size>
         <input_file_ref idref="fl-38"/>
      </object_component>
      <object_component id="oc-560">
         <name>.debug_info</name>
         <load_address>0xb44f</load_address>
         <run_address>0xb44f</run_address>
         <size>0x103</size>
         <input_file_ref idref="fl-39"/>
      </object_component>
      <object_component id="oc-4a6">
         <name>.debug_info</name>
         <load_address>0xb552</load_address>
         <run_address>0xb552</run_address>
         <size>0x11a</size>
         <input_file_ref idref="fl-39"/>
      </object_component>
      <object_component id="oc-4a3">
         <name>.debug_info</name>
         <load_address>0xb66c</load_address>
         <run_address>0xb66c</run_address>
         <size>0x116</size>
         <input_file_ref idref="fl-39"/>
      </object_component>
      <object_component id="oc-5c5">
         <name>.debug_info</name>
         <load_address>0xb782</load_address>
         <run_address>0xb782</run_address>
         <size>0x2c</size>
         <input_file_ref idref="fl-3a"/>
      </object_component>
      <object_component id="oc-322">
         <name>.debug_info</name>
         <load_address>0xb7ae</load_address>
         <run_address>0xb7ae</run_address>
         <size>0x153</size>
         <input_file_ref idref="fl-3c"/>
      </object_component>
      <object_component id="oc-4ab">
         <name>.debug_info</name>
         <load_address>0xb901</load_address>
         <run_address>0xb901</run_address>
         <size>0x150</size>
         <input_file_ref idref="fl-3d"/>
      </object_component>
      <object_component id="oc-29a">
         <name>.debug_info</name>
         <load_address>0xba51</load_address>
         <run_address>0xba51</run_address>
         <size>0x1da</size>
         <input_file_ref idref="fl-3e"/>
      </object_component>
      <object_component id="oc-6d">
         <name>.debug_info</name>
         <load_address>0xbc2b</load_address>
         <run_address>0xbc2b</run_address>
         <size>0x1f2</size>
         <input_file_ref idref="fl-3e"/>
      </object_component>
      <object_component id="oc-295">
         <name>.debug_info</name>
         <load_address>0xbe1d</load_address>
         <run_address>0xbe1d</run_address>
         <size>0x46</size>
         <input_file_ref idref="fl-3e"/>
      </object_component>
      <object_component id="oc-66">
         <name>.debug_info</name>
         <load_address>0xbe63</load_address>
         <run_address>0xbe63</run_address>
         <size>0x2b8</size>
         <input_file_ref idref="fl-3f"/>
      </object_component>
      <object_component id="oc-37f">
         <name>.debug_info</name>
         <load_address>0xc11b</load_address>
         <run_address>0xc11b</run_address>
         <size>0x46</size>
         <input_file_ref idref="fl-3f"/>
      </object_component>
      <object_component id="oc-2f3">
         <name>.debug_info</name>
         <load_address>0xc161</load_address>
         <run_address>0xc161</run_address>
         <size>0x39</size>
         <input_file_ref idref="fl-3f"/>
      </object_component>
      <object_component id="oc-285">
         <name>.debug_info</name>
         <load_address>0xc19a</load_address>
         <run_address>0xc19a</run_address>
         <size>0x60</size>
         <input_file_ref idref="fl-3f"/>
      </object_component>
      <object_component id="oc-4a9">
         <name>.debug_info</name>
         <load_address>0xc1fa</load_address>
         <run_address>0xc1fa</run_address>
         <size>0x22e</size>
         <input_file_ref idref="fl-40"/>
      </object_component>
      <object_component id="oc-4a0">
         <name>.debug_info</name>
         <load_address>0xc428</load_address>
         <run_address>0xc428</run_address>
         <size>0x132</size>
         <input_file_ref idref="fl-40"/>
      </object_component>
      <object_component id="oc-3d4">
         <name>.debug_info</name>
         <load_address>0xc55a</load_address>
         <run_address>0xc55a</run_address>
         <size>0x122</size>
         <input_file_ref idref="fl-40"/>
      </object_component>
      <object_component id="oc-3da">
         <name>.debug_info</name>
         <load_address>0xc67c</load_address>
         <run_address>0xc67c</run_address>
         <size>0x197</size>
[...]
      </symbol>
      <symbol id="sm-318">
         <name>_ZTI5Pages</name>
         <value>0xc826</value>
         <object_component_ref idref="oc-504"/>
      </symbol>
      <symbol id="sm-319">
         <name>__sti___9_Pages_cpp_ST7920</name>
         <value>0xd498</value>
         <object_component_ref idref="oc-2e2"/>
      </symbol>
      <symbol id="sm-31a">
         <name>PageNumber</name>
         <value>0x20e6</value>
         <object_component_ref idref="oc-393"/>
      </symbol>
      <symbol id="sm-31b">
         <name>SSID</name>
         <value>0x20b4</value>
         <object_component_ref idref="oc-462"/>
      </symbol>
      <symbol id="sm-31c">
         <name>ST7920</name>
         <value>0x20ee</value>
         <object_component_ref idref="oc-341"/>
      </symbol>
      <symbol id="sm-31d">
         <name>_ZN5Pages11ConnectWifiEiPKc</name>
         <value>0xce48</value>
         <object_component_ref idref="oc-397"/>
      </symbol>
      <symbol id="sm-31e">
         <name>_ZN5PagesC1Ev</name>
         <value>0xd5fe</value>
         <object_component_ref idref="oc-35a"/>
      </symbol>
      <symbol id="sm-31f">
         <name>picker_Settings</name>
         <value>0x20e2</value>
         <object_component_ref idref="oc-486"/>
      </symbol>
      <symbol id="sm-362">
         <name>_ZN3SPIC2Ev</name>
         <value>0xd5ee</value>
         <object_component_ref idref="oc-41d"/>
      </symbol>
      <symbol id="sm-363">
         <name>_ZTS3SPI</name>
         <value>0xc81c</value>
         <object_component_ref idref="oc-5f7"/>
      </symbol>
      <symbol id="sm-364">
         <name>_ZN3SPI5setCSEb</name>
         <value>0xd53a</value>
         <object_component_ref idref="oc-528"/>
      </symbol>
      <symbol id="sm-365">
         <name>_ZN3SPID0Ev</name>
         <value>0xd5f6</value>
         <object_component_ref idref="oc-596"/>
      </symbol>
      <symbol id="sm-366">
         <name>_ZTV3SPI</name>
         <value>0xc78a</value>
         <object_component_ref idref="oc-4da"/>
      </symbol>
      <symbol id="sm-367">
         <name>_ZN3SPID1Ev</name>
         <value>0xd63c</value>
         <object_component_ref idref="oc-426"/>
      </symbol>
      <symbol id="sm-368">
         <name>_ZN3SPI5writeEh</name>
         <value>0xd54e</value>
         <object_component_ref idref="oc-52e"/>
      </symbol>
      <symbol id="sm-369">
         <name>_ZTI3SPI</name>
         <value>0xc822</value>
         <object_component_ref idref="oc-591"/>
      </symbol>
      <symbol id="sm-36a">
         <name>_ZN3SPI4initEv</name>
         <value>0xd318</value>
         <object_component_ref idref="oc-54f"/>
      </symbol>
      <symbol id="sm-36b">
         <name>_ZN3SPID2Ev</name>
         <value>0xd63c</value>
         <object_component_ref idref="oc-426"/>
      </symbol>
      <symbol id="sm-36c">
         <name>_ZN3SPIC1Ev</name>
         <value>0xd5ee</value>
         <object_component_ref idref="oc-41d"/>
      </symbol>
      <symbol id="sm-3e9">
         <name>_ZN6ST7920C2Ev</name>
         <value>0xd4cc</value>
         <object_component_ref idref="oc-344"/>
      </symbol>
      <symbol id="sm-3ea">
         <name>_ZN6ST7920D0Ev</name>
         <value>0xd562</value>
         <object_component_ref idref="oc-4d5"/>
      </symbol>
      <symbol id="sm-3eb">
         <name>_ZN6ST7920C1Ev</name>
         <value>0xd4cc</value>
         <object_component_ref idref="oc-344"/>
      </symbol>
      <symbol id="sm-3ec">
         <name>_ZTV6ST7920</name>
         <value>0xc7ba</value>
         <object_component_ref idref="oc-418"/>
      </symbol>
      <symbol id="sm-3ed">
         <name>_ZN6ST79208sendDataEh</name>
         <value>0xd156</value>
         <object_component_ref idref="oc-538"/>
      </symbol>
      <symbol id="sm-3ee">
         <name>_ZN6ST79206gotoXYEii</name>
         <value>0xd070</value>
         <object_component_ref idref="oc-522"/>
      </symbol>
      <symbol id="sm-3ef">
         <name>_ZN6ST7920D2Ev</name>
         <value>0xd58a</value>
         <object_component_ref idref="oc-34a"/>
      </symbol>
      <symbol id="sm-3f0">
         <name>_ZN6ST79204initEv</name>
         <value>0xcd56</value>
         <object_component_ref idref="oc-494"/>
      </symbol>
      <symbol id="sm-3f1">
         <name>_ZN6ST792011sendCommandEh</name>
         <value>0xd110</value>
         <object_component_ref idref="oc-555"/>
      </symbol>
      <symbol id="sm-3f2">
         <name>_ZN6ST792011printStringEPKcii</name>
         <value>0xcdd4</value>
         <object_component_ref idref="oc-474"/>
      </symbol>
      <symbol id="sm-3f3">
         <name>_ZTI6ST7920</name>
         <value>0xc82e</value>
         <object_component_ref idref="oc-4d0"/>
      </symbol>
      <symbol id="sm-3f4">
         <name>_ZN6ST7920D1Ev</name>
         <value>0xd58a</value>
         <object_component_ref idref="oc-34a"/>
      </symbol>
      <symbol id="sm-3f5">
         <name>_ZTS6ST7920</name>
         <value>0xc7f8</value>
         <object_component_ref idref="oc-584"/>
      </symbol>
      <symbol id="sm-3f6">
         <name>_ZN6ST792010fillScreenEh</name>
         <value>0xcb94</value>
         <object_component_ref idref="oc-46e"/>
      </symbol>
      <symbol id="sm-3f7">
         <name>_ZN6ST792014drawRightArrowEii</name>
         <value>0xd1e0</value>
         <object_component_ref idref="oc-480"/>
      </symbol>
      <symbol id="sm-443">
         <name>_ZN5UTILSC1Ev</name>
         <value>0xd60e</value>
         <object_component_ref idref="oc-366"/>
      </symbol>
      <symbol id="sm-444">
         <name>_ZTV5UTILS</name>
         <value>0xc7aa</value>
         <object_component_ref idref="oc-457"/>
      </symbol>
      <symbol id="sm-445">
         <name>_ZTS5UTILS</name>
         <value>0xc808</value>
         <object_component_ref idref="oc-5b5"/>
      </symbol>
      <symbol id="sm-446">
         <name>_ZN5UTILSD1Ev</name>
         <value>0xd640</value>
         <object_component_ref idref="oc-36c"/>
      </symbol>
      <symbol id="sm-447">
         <name>_ZN5UTILSC2Ev</name>
         <value>0xd60e</value>
         <object_component_ref idref="oc-366"/>
      </symbol>
      <symbol id="sm-448">
         <name>_ZN5UTILSD2Ev</name>
         <value>0xd640</value>
         <object_component_ref idref="oc-36c"/>
      </symbol>
      <symbol id="sm-449">
         <name>_ZN5UTILS9init_gpioEv</name>
         <value>0xd3aa</value>
         <object_component_ref idref="oc-3c4"/>
      </symbol>
      <symbol id="sm-44a">
         <name>_ZN5UTILS8delay_msEj</name>
         <value>0xd4fa</value>
         <object_component_ref idref="oc-311"/>
      </symbol>
      <symbol id="sm-44b">
         <name>_ZN5UTILS13configure_adcEv</name>
         <value>0xd420</value>
         <object_component_ref idref="oc-3be"/>
      </symbol>
      <symbol id="sm-44c">
         <name>_ZN5UTILSD0Ev</name>
         <value>0xd616</value>
         <object_component_ref idref="oc-515"/>
      </symbol>
      <symbol id="sm-44d">
         <name>_ZTI5UTILS</name>
         <value>0xc82a</value>
         <object_component_ref idref="oc-510"/>
      </symbol>
      <symbol id="sm-47b">
         <name>Pages</name>
         <value>0x20f2</value>
         <object_component_ref idref="oc-305"/>
      </symbol>
      <symbol id="sm-47c">
         <name>_Z7ADC_ISRv</name>
         <value>0xcf9a</value>
         <object_component_ref idref="oc-2a0"/>
      </symbol>
      <symbol id="sm-47d">
         <name>__TI_int48</name>
         <value>0xffe8</value>
         <object_component_ref idref="oc-73"/>
      </symbol>
      <symbol id="sm-47e">
         <name>option_num</name>
         <value>0x20de</value>
         <object_component_ref idref="oc-2fc"/>
      </symbol>
      <symbol id="sm-47f">
         <name>main</name>
         <value>0xcc3c</value>
         <object_component_ref idref="oc-325"/>
      </symbol>
      <symbol id="sm-480">
         <name>ADC_Result</name>
         <value>0x20e0</value>
         <object_component_ref idref="oc-2fc"/>
      </symbol>
      <symbol id="sm-481">
         <name>UTILS</name>
         <value>0x20f4</value>
         <object_component_ref idref="oc-30e"/>
      </symbol>
      <symbol id="sm-482">
         <name>__sti___8_main_cpp_Pages</name>
         <value>0xd34c</value>
         <object_component_ref idref="oc-2e8"/>
      </symbol>
      <symbol id="sm-4a1">
         <name>_ZdlPv</name>
         <value>0xd5d0</value>
         <object_component_ref idref="oc-5ee"/>
      </symbol>
      <symbol id="sm-4a2">
         <name>_ZdlPvj</name>
         <value>0xd634</value>
         <object_component_ref idref="oc-589"/>
      </symbol>
      <symbol id="sm-4dc">
         <name>__dso_handle</name>
         <value>0x20f8</value>
      </symbol>
      <symbol id="sm-4dd">
         <name>_Z25__add_destruction_to_listPP20a_needed_destructionPFYvPvES2_S2_</name>
         <value>0xd19c</value>
         <object_component_ref idref="oc-444"/>
      </symbol>
      <symbol id="sm-4de">
         <name>__cxa_atexit</name>
         <value>0xd3fa</value>
         <object_component_ref idref="oc-353"/>
      </symbol>
      <symbol id="sm-4df">
         <name>_Z23__finalize_destructionsPP20a_needed_destructionPv</name>
         <value>0xd260</value>
         <object_component_ref idref="oc-5a7"/>
      </symbol>
      <symbol id="sm-4e0">
         <name>__cxa_ia64_exit</name>
         <value>0xd5da</value>
         <object_component_ref idref="oc-4fb"/>
      </symbol>
      <symbol id="sm-52b">
         <name>_ZN10__cxxabiv117__class_type_infoD1Ev</name>
         <value>0xd59c</value>
         <object_component_ref idref="oc-5df"/>
      </symbol>
      <symbol id="sm-52c">
         <name>_ZTSN10__cxxabiv120__si_class_type_infoE</name>
         <value>0xc732</value>
         <object_component_ref idref="oc-673"/>
      </symbol>
      <symbol id="sm-52d">
         <name>_ZTSN10__cxxabiv117__class_type_infoE</name>
         <value>0xc758</value>
         <object_component_ref idref="oc-627"/>
      </symbol>
      <symbol id="sm-52e">
         <name>_ZN10__cxxabiv117__class_type_infoD2Ev</name>
         <value>0xd59c</value>
         <object_component_ref idref="oc-5df"/>
      </symbol>
      <symbol id="sm-52f">
         <name>_ZN10__cxxabiv120__si_class_type_infoD2Ev</name>
         <value>0xd5aa</value>
         <object_component_ref idref="oc-65a"/>
      </symbol>
      <symbol id="sm-530">
         <name>_ZTVN10__cxxabiv117__class_type_infoE</name>
         <value>0xc7ca</value>
         <object_component_ref idref="oc-57f"/>
      </symbol>
      <symbol id="sm-531">
         <name>_ZTIN10__cxxabiv117__class_type_infoE</name>
         <value>0xc810</value>
         <object_component_ref idref="oc-5da"/>
      </symbol>
      <symbol id="sm-532">
         <name>_ZN10__cxxabiv120__si_class_type_infoD1Ev</name>
         <value>0xd5aa</value>
         <object_component_ref idref="oc-65a"/>
      </symbol>
      <symbol id="sm-533">
         <name>_ZTIN10__cxxabiv120__si_class_type_infoE</name>
         <value>0xc816</value>
         <object_component_ref idref="oc-655"/>
      </symbol>
      <symbol id="sm-534">
         <name>_ZN10__cxxabiv117__class_type_infoD0Ev</name>
         <value>0xd526</value>
         <object_component_ref idref="oc-5e5"/>
      </symbol>
      <symbol id="sm-535">
         <name>_ZTVN10__cxxabiv120__si_class_type_infoE</name>
         <value>0xc7da</value>
         <object_component_ref idref="oc-622"/>
      </symbol>
      <symbol id="sm-536">
         <name>_ZN10__cxxabiv120__si_class_type_infoD0Ev</name>
         <value>0xd4e4</value>
         <object_component_ref idref="oc-660"/>
      </symbol>
      <symbol id="sm-542">
         <name>__mspabi_remi</name>
         <value>0xd37e</value>
         <object_component_ref idref="oc-3a3"/>
      </symbol>
      <symbol id="sm-543">
         <name>__mspabi_divi</name>
         <value>0xd37e</value>
         <object_component_ref idref="oc-3a3"/>
      </symbol>
      <symbol id="sm-54d">
         <name>__mspabi_remu</name>
         <value>0xd510</value>
         <object_component_ref idref="oc-48a"/>
      </symbol>
      <symbol id="sm-54e">
         <name>__mspabi_divu</name>
         <value>0xd510</value>
         <object_component_ref idref="oc-48a"/>
      </symbol>
      <symbol id="sm-551">
         <name>__TI_int45</name>
         <value>0xffe2</value>
         <object_component_ref idref="oc-70"/>
      </symbol>
      <symbol id="sm-554">
         <name>__TI_int46</name>
         <value>0xffe4</value>
         <object_component_ref idref="oc-71"/>
      </symbol>
      <symbol id="sm-557">
         <name>__TI_int47</name>
         <value>0xffe6</value>
         <object_component_ref idref="oc-72"/>
      </symbol>
      <symbol id="sm-55a">
         <name>__TI_int49</name>
         <value>0xffea</value>
         <object_component_ref idref="oc-74"/>
      </symbol>
      <symbol id="sm-55d">
         <name>__TI_int50</name>
         <value>0xffec</value>
         <object_component_ref idref="oc-75"/>
      </symbol>
      <symbol id="sm-560">
         <name>__TI_int51</name>
         <value>0xffee</value>
         <object_component_ref idref="oc-76"/>
      </symbol>
      <symbol id="sm-563">
         <name>__TI_int52</name>
         <value>0xfff0</value>
         <object_component_ref idref="oc-77"/>
      </symbol>
      <symbol id="sm-566">
         <name>__TI_int53</name>
         <value>0xfff2</value>
         <object_component_ref idref="oc-78"/>
      </symbol>
      <symbol id="sm-569">
         <name>__TI_int54</name>
         <value>0xfff4</value>
         <object_component_ref idref="oc-79"/>
      </symbol>
      <symbol id="sm-56c">
         <name>__TI_int55</name>
         <value>0xfff6</value>
         <object_component_ref idref="oc-7a"/>
      </symbol>
      <symbol id="sm-56f">
         <name>__TI_int56</name>
         <value>0xfff8</value>
         <object_component_ref idref="oc-7b"/>
      </symbol>
      <symbol id="sm-572">
         <name>__TI_int57</name>
         <value>0xfffa</value>
         <object_component_ref idref="oc-7c"/>
      </symbol>
      <symbol id="sm-575">
         <name>__TI_int58</name>
         <value>0xfffc</value>
         <object_component_ref idref="oc-7d"/>
      </symbol>
      <symbol id="sm-57d">
         <name>__TI_ISR_TRAP</name>
         <value>0xd61e</value>
         <object_component_ref idref="oc-29b"/>
      </symbol>
      <symbol id="sm-588">
         <name>__mspabi_mpyi_sw</name>
         <value>0xd576</value>
         <object_component_ref idref="oc-47b"/>
      </symbol>
      <symbol id="sm-589">
         <name>__mspabi_mpyi</name>
         <value>0xd576</value>
         <object_component_ref idref="oc-47b"/>
      </symbol>
      <symbol id="sm-599">
         <name>_stack</name>
         <value>0x2760</value>
         <object_component_ref idref="oc-27d"/>
      </symbol>
      <symbol id="sm-59a">
         <name>_c_int00_noargs</name>
         <value>0xd446</value>
         <object_component_ref idref="oc-2b8"/>
      </symbol>
      <symbol id="sm-59b">
         <name>_reset_vector</name>
         <value>0xfffe</value>
         <object_component_ref idref="oc-280"/>
      </symbol>
      <symbol id="sm-5c0">
         <name>__TI_auto_init_nobinit_hold_wdt</name>
         <value>0xccd2</value>
         <object_component_ref idref="oc-3fc"/>
      </symbol>
      <symbol id="sm-5d0">
         <name>__TI_zero_init_nomemset</name>
         <value>0xd29e</value>
         <object_component_ref idref="oc-2a6"/>
      </symbol>
      <symbol id="sm-5df">
         <name>__TI_dtors_ptr</name>
         <value>0x20d2</value>
         <object_component_ref idref="oc-4a2"/>
      </symbol>
      <symbol id="sm-5e0">
         <name>__TI_cleanup_ptr</name>
         <value>0x20ce</value>
         <object_component_ref idref="oc-4a5"/>
      </symbol>
      <symbol id="sm-5f0">
         <name>_system_pre_init</name>
         <value>0xd638</value>
         <object_component_ref idref="oc-31f"/>
      </symbol>
      <symbol id="sm-5f9">
         <name>_system_post_cinit</name>
         <value>0xd646</value>
         <object_component_ref idref="oc-4aa"/>
      </symbol>
      <symbol id="sm-60a">
         <name>__TI_decompress_none</name>
         <value>0xd2dc</value>
         <object_component_ref idref="oc-6a"/>
      </symbol>
      <symbol id="sm-62b">
         <name>__TI_decompress_lzss</name>
         <value>0xc928</value>
         <object_component_ref idref="oc-64"/>
      </symbol>
      <symbol id="sm-648">
         <name>C$$EXIT</name>
         <value>0xd62e</value>
         <object_component_ref idref="oc-3d2"/>
      </symbol>
      <symbol id="sm-649">
         <name>abort</name>
         <value>0xd62e</value>
         <object_component_ref idref="oc-3d2"/>
      </symbol>
      <symbol id="sm-64a">
         <name>__TI_enable_exit_profile_output</name>
         <value>0x20ea</value>
         <object_component_ref idref="oc-49f"/>
      </symbol>
      <symbol id="sm-64b">
         <name>exit</name>
         <value>0xd0c8</value>
         <object_component_ref idref="oc-3d8"/>
      </symbol>
      <symbol id="sm-661">
         <name>_nop</name>
         <value>0xd644</value>
         <object_component_ref idref="oc-4ea"/>
      </symbol>
      <symbol id="sm-662">
         <name>_lock</name>
         <value>0x20d6</value>
         <object_component_ref idref="oc-43e"/>
      </symbol>
      <symbol id="sm-663">
         <name>_unlock</name>
         <value>0x20da</value>
         <object_component_ref idref="oc-44a"/>
      </symbol>
      <symbol id="sm-6e3">
         <name>_sys_memory</name>
         <value>0x2000</value>
         <object_component_ref idref="oc-281"/>
      </symbol>
      <symbol id="sm-6e4">
         <name>free</name>
         <value>0xca16</value>
         <object_component_ref idref="oc-617"/>
      </symbol>
      <symbol id="sm-6e5">
         <name>memalign</name>
         <value>0xc838</value>
         <object_component_ref idref="oc-5a0"/>
      </symbol>
      <symbol id="sm-6e6">
         <name>malloc</name>
         <value>0xd626</value>
         <object_component_ref idref="oc-4f5"/>
      </symbol>
      <symbol id="sm-6e7">
         <name>aligned_alloc</name>
         <value>0xc838</value>
         <object_component_ref idref="oc-5a0"/>
      </symbol>
      <symbol id="sm-6f7">
         <name>strcat</name>
         <value>0xd4b2</value>
         <object_component_ref idref="oc-465"/>
      </symbol>
      <symbol id="sm-704">
         <name>strlen</name>
         <value>0xd5b8</value>
         <object_component_ref idref="oc-53e"/>
      </symbol>
      <symbol id="sm-70e">
         <name>abs</name>
         <value>0xd5e4</value>
         <object_component_ref idref="oc-2ff"/>
      </symbol>
      <symbol id="sm-734">
         <name>_ZTSSt9type_info</name>
         <value>0xc7ea</value>
         <object_component_ref idref="oc-666"/>
      </symbol>
      <symbol id="sm-735">
         <name>_ZNSt9type_infoD2Ev</name>
         <value>0xd642</value>
         <object_component_ref idref="oc-631"/>
      </symbol>
      <symbol id="sm-736">
         <name>_ZNSt9type_infoD1Ev</name>
         <value>0xd642</value>
         <object_component_ref idref="oc-631"/>
      </symbol>
      <symbol id="sm-737">
         <name>_ZTISt9type_info</name>
         <value>0xc832</value>
         <object_component_ref idref="oc-62c"/>
      </symbol>
      <symbol id="sm-742">
         <name>__memcpy_far</name>
         <value>0xd220</value>
         <object_component_ref idref="oc-28f"/>
      </symbol>
      <symbol id="sm-747">
         <name>_ZSt17__throw_bad_allocv</name>
         <value>0xd62e</value>
      </symbol>
   </symbol_table>
   <title>Link successful</title>
</link_info>
