******************************************************************************
                  MSP430 Linker PC v20.2.4                     
******************************************************************************
>> Linked Fri Jan 15 19:38:59 2021

OUTPUT FILE NAME:   <LCD_TEST.out>
ENTRY POINT SYMBOL: "_c_int00_noargs"  address: 0000dfac


MEMORY CONFIGURATION

         name            origin    length      used     unused   attr    fill
----------------------  --------  ---------  --------  --------  ----  --------
  SFR                   00000000   00000010  00000000  00000010  RWIX
  PERIPHERALS_8BIT      00000010   000000f0  00000000  000000f0  RWIX
  PERIPHERALS_16BIT     00000100   00000100  00000000  00000100  RWIX
  INFOA                 00001800   00000200  00000000  00000200  RWIX
  RAM                   00002000   00000800  0000018a  00000676  RWIX
  FRAM                  0000c400   00003b80  00001e0a  00001d76  RWIX
  JTAGSIGNATURE         0000ff80   00000004  00000004  00000000  RWIX  ffff 
  BSLSIGNATURE          0000ff84   00000004  00000004  00000000  RWIX  ffff 
  INT00                 0000ff88   00000002  00000000  00000002  RWIX
  INT01                 0000ff8a   00000002  00000000  00000002  RWIX
  INT02                 0000ff8c   00000002  00000000  00000002  RWIX
  INT03                 0000ff8e   00000002  00000000  00000002  RWIX
  INT04                 0000ff90   00000002  00000000  00000002  RWIX
  INT05                 0000ff92   00000002  00000000  00000002  RWIX
  INT06                 0000ff94   00000002  00000000  00000002  RWIX
  INT07                 0000ff96   00000002  00000000  00000002  RWIX
  INT08                 0000ff98   00000002  00000000  00000002  RWIX
  INT09                 0000ff9a   00000002  00000000  00000002  RWIX
  INT10                 0000ff9c   00000002  00000000  00000002  RWIX
  INT11                 0000ff9e   00000002  00000000  00000002  RWIX
  INT12                 0000ffa0   00000002  00000000  00000002  RWIX
  INT13                 0000ffa2   00000002  00000000  00000002  RWIX
  INT14                 0000ffa4   00000002  00000000  00000002  RWIX
  INT15                 0000ffa6   00000002  00000000  00000002  RWIX
  INT16                 0000ffa8   00000002  00000000  00000002  RWIX
  INT17                 0000ffaa   00000002  00000000  00000002  RWIX
  INT18                 0000ffac   00000002  00000000  00000002  RWIX
  INT19                 0000ffae   00000002  00000000  00000002  RWIX
  INT20                 0000ffb0   00000002  00000000  00000002  RWIX
  INT21                 0000ffb2   00000002  00000000  00000002  RWIX
  INT22                 0000ffb4   00000002  00000000  00000002  RWIX
  INT23                 0000ffb6   00000002  00000000  00000002  RWIX
  INT24                 0000ffb8   00000002  00000000  00000002  RWIX
  INT25                 0000ffba   00000002  00000000  00000002  RWIX
  INT26                 0000ffbc   00000002  00000000  00000002  RWIX
  INT27                 0000ffbe   00000002  00000000  00000002  RWIX
  INT28                 0000ffc0   00000002  00000000  00000002  RWIX
  INT29                 0000ffc2   00000002  00000000  00000002  RWIX
  INT30                 0000ffc4   00000002  00000000  00000002  RWIX
  INT31                 0000ffc6   00000002  00000000  00000002  RWIX
  INT32                 0000ffc8   00000002  00000000  00000002  RWIX
  INT33                 0000ffca   00000002  00000000  00000002  RWIX
  INT34                 0000ffcc   00000002  00000000  00000002  RWIX
  INT35                 0000ffce   00000002  00000000  00000002  RWIX
  INT36                 0000ffd0   00000002  00000000  00000002  RWIX
  INT37                 0000ffd2   00000002  00000000  00000002  RWIX
  INT38                 0000ffd4   00000002  00000000  00000002  RWIX
  INT39                 0000ffd6   00000002  00000000  00000002  RWIX
  INT40                 0000ffd8   00000002  00000000  00000002  RWIX
  INT41                 0000ffda   00000002  00000000  00000002  RWIX
  INT42                 0000ffdc   00000002  00000000  00000002  RWIX
  INT43                 0000ffde   00000002  00000000  00000002  RWIX
  INT44                 0000ffe0   00000002  00000000  00000002  RWIX
  INT45                 0000ffe2   00000002  00000002  00000000  RWIX
  INT46                 0000ffe4   00000002  00000002  00000000  RWIX
  INT47                 0000ffe6   00000002  00000002  00000000  RWIX
  INT48                 0000ffe8   00000002  00000002  00000000  RWIX
  INT49                 0000ffea   00000002  00000002  00000000  RWIX
  INT50                 0000ffec   00000002  00000002  00000000  RWIX
  INT51                 0000ffee   00000002  00000002  00000000  RWIX
  INT52                 0000fff0   00000002  00000002  00000000  RWIX
  INT53                 0000fff2   00000002  00000002  00000000  RWIX
  INT54                 0000fff4   00000002  00000002  00000000  RWIX
  INT55                 0000fff6   00000002  00000002  00000000  RWIX
  INT56                 0000fff8   00000002  00000002  00000000  RWIX
  INT57                 0000fffa   00000002  00000002  00000000  RWIX
  INT58                 0000fffc   00000002  00000002  00000000  RWIX
  RESET                 0000fffe   00000002  00000002  00000000  RWIX


SECTION ALLOCATION MAP

 output                                  attributes/
section   page    origin      length       input sections
--------  ----  ----------  ----------   ----------------
.data      0    000020a0    0000002c     UNINITIALIZED
                  000020a0    00000006     Main.obj (.data)
                  000020a6    00000006     Pages.obj (.data:picker_MainMenu)
                  000020ac    00000004     Pages.obj (.data)
                  000020b0    00000004     rts430x_lc_sd_eabi.lib : exit_gvars.c.obj (.data:__TI_cleanup_ptr)
                  000020b4    00000004                            : exit_gvars.c.obj (.data:__TI_dtors_ptr)
                  000020b8    00000004                            : _lock.c.obj (.data:_lock)
                  000020bc    00000004                            : _lock.c.obj (.data:_unlock)
                  000020c0    00000004     Pages.obj (.data:picker_Settings)
                  000020c4    00000002     ST7920.obj (.data)
                  000020c6    00000002     rts430x_lc_sd_eabi.lib : dtor_list.c.obj (.data)
                  000020c8    00000002                            : exit.c.obj (.data)
                  000020ca    00000002                            : memory.c.obj (.data)

.TI.persistent 
*          0    0000c400    00000000     UNINITIALIZED

.cinit     0    0000c400    00000056     
                  0000c400    00000032     (.cinit..data.load) [load image]
                  0000c434    0000000c     (__TI_handler_table)
                  0000c440    00000006     (.cinit..bss.load) [load image, compression = zero_init]
                  0000c446    00000010     (__TI_cinit_table)

.pinit     0    0000c456    00000000     UNINITIALIZED

.binit     0    0000c456    00000000     

.init_array 
*          0    0000c456    00000008     
                  0000c456    00000004     Pages.obj (.init_array)
                  0000c45a    00000004     Main.obj (.init_array)

.mspabi.exidx 
*          0    0000c45e    00000000     UNINITIALIZED

.mspabi.extab 
*          0    0000c45e    00000000     UNINITIALIZED

.const     0    0000c45e    000002d0     
                  0000c45e    000000c0     Pages.obj (.const:.string:LOGO)
                  0000c51e    00000066     UTILS.obj (.const:.string)
                  0000c584    00000052     Pages.obj (.const:.string)
                  0000c5d6    00000044     Pages.obj (.const:.string:_ZZNSt3__29allocatorIcE8allocateEjPKvEs)
                  0000c61a    00000025     rts430x_lc_sd_eabi.lib : typeinfo.c.obj (.const:.typeinfo:_ZTSN10__cxxabiv120__si_class_type_infoE)
                  0000c63f    00000001     --HOLE-- [fill = 0]
                  0000c640    00000022                            : typeinfo.c.obj (.const:.typeinfo:_ZTSN10__cxxabiv117__class_type_infoE)
                  0000c662    00000010     SPI.obj (.const:_ZTV3SPI)
                  0000c672    00000010     Pages.obj (.const:_ZTV5Pages)
                  0000c682    00000010     UTILS.obj (.const:_ZTV5UTILS)
                  0000c692    00000010     ST7920.obj (.const:_ZTV6ST7920)
                  0000c6a2    00000010     rts430x_lc_sd_eabi.lib : typeinfo.c.obj (.const:_ZTVN10__cxxabiv117__class_type_infoE)
                  0000c6b2    00000010                            : typeinfo.c.obj (.const:_ZTVN10__cxxabiv120__si_class_type_infoE)
                  0000c6c2    0000000d                            : string.cpp.obj (.const:.string:_ZZNKSt3__221__basic_string_commonILb1EE20__throw_length_errorEvEs)
                  0000c6cf    00000001     --HOLE-- [fill = 0]
                  0000c6d0    0000000d                            : stdlib_typeinfo.cpp.obj (.const:.typeinfo:_ZTSSt9type_info)
                  0000c6dd    00000001     --HOLE-- [fill = 0]
                  0000c6de    0000000c     Main.obj (.const:.string)
                  0000c6ea    00000008     ST7920.obj (.const:.typeinfo:_ZTS6ST7920)
                  0000c6f2    00000007     Pages.obj (.const:.typeinfo:_ZTS5Pages)
                  0000c6f9    00000001     --HOLE-- [fill = 0]
                  0000c6fa    00000007     UTILS.obj (.const:.typeinfo:_ZTS5UTILS)
                  0000c701    00000001     --HOLE-- [fill = 0]
                  0000c702    00000006     rts430x_lc_sd_eabi.lib : string.cpp.obj (.const:$P$T33$4)
                  0000c708    00000006                            : typeinfo.c.obj (.const:.typeinfo:_ZTIN10__cxxabiv117__class_type_infoE)
                  0000c70e    00000006                            : typeinfo.c.obj (.const:.typeinfo:_ZTIN10__cxxabiv120__si_class_type_infoE)
                  0000c714    00000005     SPI.obj (.const:.typeinfo:_ZTS3SPI)
                  0000c719    00000001     --HOLE-- [fill = 0]
                  0000c71a    00000004     SPI.obj (.const:.typeinfo:_ZTI3SPI)
                  0000c71e    00000004     Pages.obj (.const:.typeinfo:_ZTI5Pages)
                  0000c722    00000004     UTILS.obj (.const:.typeinfo:_ZTI5UTILS)
                  0000c726    00000004     ST7920.obj (.const:.typeinfo:_ZTI6ST7920)
                  0000c72a    00000004     rts430x_lc_sd_eabi.lib : stdlib_typeinfo.cpp.obj (.const:.typeinfo:_ZTISt9type_info)

.text      0    0000c72e    00001adc     
                  0000c72e    0000032e     Pages.obj (.text:_ZN5Pages11ConnectWifiEiPKc)
                  0000ca5c    0000022c     UTILS.obj (.text:_ZN5UTILS7toASCIIEj)
                  0000cc88    000001c0     Pages.obj (.text:_ZN5Pages8MainMenuEib)
                  0000ce48    000001bc     Pages.obj (.text:_ZN5Pages8SettingsEib)
                  0000d004    000001ae     Pages.obj (.text:__sti___9_Pages_cpp_ST7920)
                  0000d1b2    00000106     rts430x_lc_sd_eabi.lib : string.cpp.obj (.text:_ZNSt3__212basic_stringIcNS_11char_traitsIcEENS_9allocatorIcEEE21__grow_by_and_replaceEjjjjjjPKc)
                  0000d2b8    000000f0                            : memory.c.obj (.text:aligned_alloc)
                  0000d3a8    000000ee                            : copy_decompress_lzss.c.obj (.text:decompress:lzss:__TI_decompress_lzss)
                  0000d496    000000e6     Main.obj (.text:_isr:_Z17Port_1_IntHandlerv)
                  0000d57c    000000d2     rts430x_lc_sd_eabi.lib : memory.c.obj (.text:free)
                  0000d64e    000000aa     ST7920.obj (.text:_ZN6ST792010SendStringEiiNSt3__212basic_stringIcNS0_11char_traitsIcEENS0_9allocatorIcEEEE)
                  0000d6f8    00000098     rts430x_lc_sd_eabi.lib : string.cpp.obj (.text:_ZNSt3__212basic_stringIcNS_11char_traitsIcEENS_9allocatorIcEEE6appendEPKcj)
                  0000d790    0000008e     Pages.obj (.text:_ZN5Pages6PickerEjb)
                  0000d81e    00000084     rts430x_lc_sd_eabi.lib : autoinit.c.obj (.text:__TI_auto_init_nobinit_hold_wdt:__TI_auto_init_nobinit_hold_wdt)
                  0000d8a2    00000082     ST7920.obj (.text:_ZN6ST79209drawImageEPKciiii)
                  0000d924    0000006c     Pages.obj (.text:_ZN5Pages5IntroEv)
                  0000d990    00000068     rts430x_lc_sd_eabi.lib : memory.c.obj (.text:split)
                  0000d9f8    0000005a                            : string.cpp.obj (.text:_ZNSt3__212basic_stringIcNS_11char_traitsIcEENS_9allocatorIcEEE6__initEPKcj)
                  0000da52    00000058     ST7920.obj (.text:_ZN6ST79206gotoXYEii)
                  0000daaa    00000056     ST7920.obj (.text:_ZN6ST792011GraphicModeEi)
                  0000db00    00000054     UTILS.obj (.text:_ZN5UTILS9init_gpioEv)
                  0000db54    00000052     ST7920.obj (.text:_ZN6ST792011sendCommandEh)
                  0000dba6    0000004c     Main.obj (.text:_isr:_Z7ADC_ISRv)
                  0000dbf2    0000004a     Main.obj (.text:main)
                  0000dc3c    00000048     rts430x_lc_sd_eabi.lib : exit.c.obj (.text:exit)
                  0000dc84    00000046     ST7920.obj (.text:_ZN6ST79208sendDataEh)
                  0000dcca    00000044     rts430x_lc_sd_eabi.lib : dtor_list.c.obj (.text:_Z25__add_destruction_to_listPP20a_needed_destructionPFYvPvES2_S2_)
                  0000dd0e    00000042     ST7920.obj (.text:_ZN6ST79204initEv)
                  0000dd50    00000040     rts430x_lc_sd_eabi.lib : cpy_util.asm.obj (.text:__memcpy_far)
                  0000dd90    0000003e                            : dtor_list.c.obj (.text:_Z23__finalize_destructionsPP20a_needed_destructionPv)
                  0000ddce    0000003e                            : copy_zero_init.c.obj (.text:decompress:ZI:__TI_zero_init_nomemset:__TI_zero_init_nomemset)
                  0000de0c    0000003c                            : copy_decompress_none.c.obj (.text:decompress:none:__TI_decompress_none)
                  0000de48    0000003a                            : string.cpp.obj (.text:_ZNSt3__212basic_stringIcNS_11char_traitsIcEENS_9allocatorIcEEEC1ERKS5_)
                  0000de82    00000034     SPI.obj (.text:_ZN3SPI4initEv)
                  0000deb6    00000032     Main.obj (.text:__sti___8_Main_cpp_Pages)
                  0000dee8    0000002c     rts430x_lc_sd_eabi.lib : div16s.asm.obj (.text)
                  0000df14    00000028                            : memory.c.obj (.text:free_list_insert)
                  0000df3c    00000026                            : dtor_list.c.obj (.text:_ZN33_INTERNAL_11_dtor_list_c_14e673d611__TI_atexitEPFYvPvES0_S0_)
                  0000df62    00000026     UTILS.obj (.text:_ZN5UTILS13configure_adcEv)
                  0000df88    00000024     rts430x_lc_sd_eabi.lib : new.cpp.obj (.text:_Znwj)
                  0000dfac    0000001c                            : boot.c.obj (.text:_isr:_c_int00_noargs)
                  0000dfc8    0000001c                            : memory.c.obj (.text:free_list_remove)
                  0000dfe4    0000001a                            : string.cpp.obj (.text:_ZNSt3__212basic_stringIcNS_11char_traitsIcEENS_9allocatorIcEEE6appendEPKc)
                  0000dffe    00000018     ST7920.obj (.text:_ZN6ST7920C1Ev)
                  0000e016    00000018     rts430x_lc_sd_eabi.lib : string.cpp.obj (.text:_ZNSt3__212basic_stringIcNS_11char_traitsIcEENS_9allocatorIcEEED1Ev)
                  0000e02e    00000018                            : strcmp.c.obj (.text:strcmp)
                  0000e046    00000016                            : typeinfo.c.obj (.text:_ZN10__cxxabiv120__si_class_type_infoD0Ev)
                  0000e05c    00000016     UTILS.obj (.text:_ZN5UTILS8delay_msEj)
                  0000e072    00000016     rts430x_lc_sd_eabi.lib : div16u.asm.obj (.text)
                  0000e088    00000014                            : typeinfo.c.obj (.text:_ZN10__cxxabiv117__class_type_infoD0Ev)
                  0000e09c    00000014     SPI.obj (.text:_ZN3SPI5setCSEb)
                  0000e0b0    00000014     SPI.obj (.text:_ZN3SPI5writeEh)
                  0000e0c4    00000014     ST7920.obj (.text:_ZN6ST792010fillScreenEh)
                  0000e0d8    00000014     ST7920.obj (.text:_ZN6ST7920D0Ev)
                  0000e0ec    00000014     rts430x_lc_sd_eabi.lib : memset.c.obj (.text:memset)
                  0000e100    00000014                            : mult16.asm.obj (.text)
                  0000e114    00000012     ST7920.obj (.text:_ZN6ST7920D1Ev)
                  0000e126    00000012     rts430x_lc_sd_eabi.lib : memcpy.c.obj (.text:memcpy)
                  0000e138    0000000e                            : typeinfo.c.obj (.text:_ZN10__cxxabiv117__class_type_infoD1Ev)
                  0000e146    0000000e                            : typeinfo.c.obj (.text:_ZN10__cxxabiv120__si_class_type_infoD1Ev)
                  0000e154    0000000e     Pages.obj (.text:_ZN5Pages6TypingEjPKc)
                  0000e162    0000000e     rts430x_lc_sd_eabi.lib : strlen.c.obj (.text:strlen)
                  0000e170    0000000a     Pages.obj (.text:_ZN5Pages10InitializeEv)
                  0000e17a    0000000a     rts430x_lc_sd_eabi.lib : new.cpp.obj (.text:_ZdlPv)
                  0000e184    0000000a                            : dtor_list.c.obj (.text:__cxa_ia64_exit)
                  0000e18e    0000000a                            : abs.c.obj (.text:abs)
                  0000e198    0000000a                            : lsl16.asm.obj (.text)
                  0000e1a2    00000008     SPI.obj (.text:_ZN3SPIC1Ev)
                  0000e1aa    00000008     SPI.obj (.text:_ZN3SPID0Ev)
                  0000e1b2    00000008     Pages.obj (.text:_ZN5PagesC1Ev)
                  0000e1ba    00000008     Pages.obj (.text:_ZN5PagesD0Ev)
                  0000e1c2    00000008     UTILS.obj (.text:_ZN5UTILSC1Ev)
                  0000e1ca    00000008     UTILS.obj (.text:_ZN5UTILSD0Ev)
                  0000e1d2    00000008     rts430x_lc_sd_eabi.lib : string.cpp.obj (.text:_ZNKSt3__221__basic_string_commonILb1EE20__throw_length_errorEv)
                  0000e1da    00000008                            : isr_trap.asm.obj (.text:_isr:__TI_ISR_TRAP)
                  0000e1e2    00000008                            : memory.c.obj (.text:malloc)
                  0000e1ea    00000006     Pages.obj (.text:_ZNSt3__220__throw_length_errorEPKc)
                  0000e1f0    00000006     rts430x_lc_sd_eabi.lib : exit.c.obj (.text:abort)
                  0000e1f6    00000004                            : new.cpp.obj (.text:_ZdlPvj)
                  0000e1fa    00000004                            : pre_init.c.obj (.text:_system_pre_init)
                  0000e1fe    00000002     SPI.obj (.text:_ZN3SPID1Ev)
                  0000e200    00000002     Pages.obj (.text:_ZN5PagesD1Ev)
                  0000e202    00000002     UTILS.obj (.text:_ZN5UTILSD1Ev)
                  0000e204    00000002     rts430x_lc_sd_eabi.lib : stdlib_typeinfo.cpp.obj (.text:_ZNSt9type_infoD1Ev)
                  0000e206    00000002                            : _lock.c.obj (.text:_nop)
                  0000e208    00000002                            : startup.c.obj (.text:_system_post_cinit)

.bss       0    000020cc    0000001e     UNINITIALIZED
                  000020cc    00000006     Pages.obj (.bss:PSWD)
                  000020d2    00000006     Pages.obj (.bss:SSID)
                  000020d8    00000004     Pages.obj (.bss:ST7920)
                  000020dc    00000004     rts430x_lc_sd_eabi.lib : new.cpp.obj (.bss)
                  000020e0    00000002     Main.obj (.bss:Pages)
                  000020e2    00000002     Pages.obj (.bss:UTILS2)
                  000020e4    00000002     Main.obj (.bss:UTILS)
                  000020e6    00000002     rts430x_lc_sd_eabi.lib : memory.c.obj (.bss)
                  000020e8    00000002     (.common:__dso_handle)

.sysmem    0    00002000    000000a0     UNINITIALIZED
                  00002000    00000008     rts430x_lc_sd_eabi.lib : memory.c.obj (.sysmem)
                  00002008    00000098     --HOLE--

.stack     0    00002760    000000a0     UNINITIALIZED
                  00002760    00000002     rts430x_lc_sd_eabi.lib : boot.c.obj (.stack)
                  00002762    0000009e     --HOLE--

LCD_E      0    0000ffe2    00000002     
                  0000ffe2    00000002     rts430x_lc_sd_eabi.lib : int45.asm.obj (.int45)

PORT2      0    0000ffe4    00000002     
                  0000ffe4    00000002     rts430x_lc_sd_eabi.lib : int46.asm.obj (.int46)

PORT1      0    0000ffe6    00000002     
                  0000ffe6    00000002     Main.obj (.int47)

ADC        0    0000ffe8    00000002     
                  0000ffe8    00000002     Main.obj (.int48)

USCI_B0    0    0000ffea    00000002     
                  0000ffea    00000002     rts430x_lc_sd_eabi.lib : int49.asm.obj (.int49)

USCI_A0    0    0000ffec    00000002     
                  0000ffec    00000002     rts430x_lc_sd_eabi.lib : int50.asm.obj (.int50)

WDT        0    0000ffee    00000002     
                  0000ffee    00000002     rts430x_lc_sd_eabi.lib : int51.asm.obj (.int51)

RTC        0    0000fff0    00000002     
                  0000fff0    00000002     rts430x_lc_sd_eabi.lib : int52.asm.obj (.int52)

TIMER1_A1 
*          0    0000fff2    00000002     
                  0000fff2    00000002     rts430x_lc_sd_eabi.lib : int53.asm.obj (.int53)

TIMER1_A0 
*          0    0000fff4    00000002     
                  0000fff4    00000002     rts430x_lc_sd_eabi.lib : int54.asm.obj (.int54)

TIMER0_A1 
*          0    0000fff6    00000002     
                  0000fff6    00000002     rts430x_lc_sd_eabi.lib : int55.asm.obj (.int55)

TIMER0_A0 
*          0    0000fff8    00000002     
                  0000fff8    00000002     rts430x_lc_sd_eabi.lib : int56.asm.obj (.int56)

UNMI       0    0000fffa    00000002     
                  0000fffa    00000002     rts430x_lc_sd_eabi.lib : int57.asm.obj (.int57)

SYSNMI     0    0000fffc    00000002     
                  0000fffc    00000002     rts430x_lc_sd_eabi.lib : int58.asm.obj (.int58)

.reset     0    0000fffe    00000002     
                  0000fffe    00000002     rts430x_lc_sd_eabi.lib : boot.c.obj (.reset)

$fill000   0    0000ff80    00000004     
                  0000ff80    00000004     --HOLE-- [fill = ffff]

$fill001   0    0000ff84    00000004     
                  0000ff84    00000004     --HOLE-- [fill = ffff]

MODULE SUMMARY

       Module                       code   ro data   rw data
       ------                       ----   -------   -------
    .\
       Main.obj                     430    20        10     
    +--+----------------------------+------+---------+---------+
       Total:                       430    20        10     
                                                            
    .\Source\
       Pages.obj                    2434   373       32     
       UTILS.obj                    718    129       0      
       ST7920.obj                   774    28        2      
       SPI.obj                      110    25        0      
    +--+----------------------------+------+---------+---------+
       Total:                       4036   555       34     
                                                            
    C:\ti\ccs1011\ccs\tools\compiler\ti-cgt-msp430_20.2.4.LTS\lib\rts430x_lc_sd_eabi.lib
       string.cpp.obj               620    19        0      
       memory.c.obj                 630    0         4      
       copy_decompress_lzss.c.obj   238    0         0      
       typeinfo.c.obj               70     115       0      
       dtor_list.c.obj              178    0         4      
       autoinit.c.obj               132    0         0      
       exit.c.obj                   78     0         2      
       cpy_util.asm.obj             64     0         0      
       copy_zero_init.c.obj         62     0         0      
       copy_decompress_none.c.obj   60     0         0      
       new.cpp.obj                  50     0         4      
       div16s.asm.obj               44     0         0      
       boot.c.obj                   28     2         0      
       strcmp.c.obj                 24     0         0      
       div16u.asm.obj               22     0         0      
       memset.c.obj                 20     0         0      
       mult16.asm.obj               20     0         0      
       stdlib_typeinfo.cpp.obj      2      17        0      
       memcpy.c.obj                 18     0         0      
       strlen.c.obj                 14     0         0      
       _lock.c.obj                  2      0         8      
       abs.c.obj                    10     0         0      
       lsl16.asm.obj                10     0         0      
       exit_gvars.c.obj             0      0         8      
       isr_trap.asm.obj             8      0         0      
       pre_init.c.obj               4      0         0      
       int45.asm.obj                0      2         0      
       int46.asm.obj                0      2         0      
       int49.asm.obj                0      2         0      
       int50.asm.obj                0      2         0      
       int51.asm.obj                0      2         0      
       int52.asm.obj                0      2         0      
       int53.asm.obj                0      2         0      
       int54.asm.obj                0      2         0      
       int55.asm.obj                0      2         0      
       int56.asm.obj                0      2         0      
       int57.asm.obj                0      2         0      
       int58.asm.obj                0      2         0      
       startup.c.obj                2      0         0      
    +--+----------------------------+------+---------+---------+
       Total:                       2410   177       30     
                                                            
       Heap:                        0      0         160    
       Stack:                       0      0         160    
       Linker Generated:            0      84        0      
    +--+----------------------------+------+---------+---------+
       Grand Total:                 6876   836       394    


LINKER GENERATED COPY TABLES

__TI_cinit_table @ 0000c446 records: 2, size/record: 8, table size: 16
	.data: load addr=0000c400, load size=00000032 bytes, run addr=000020a0, run size=0000002c bytes, compression=copy
	.bss: load addr=0000c440, load size=00000006 bytes, run addr=000020cc, run size=0000001e bytes, compression=zero_init


LINKER GENERATED HANDLER TABLE

__TI_handler_table @ 0000c434 records: 3, size/record: 4, table size: 12
	index: 0, handler: __TI_zero_init
	index: 1, handler: __TI_decompress_lzss
	index: 2, handler: __TI_decompress_none


GLOBAL SYMBOLS: SORTED ALPHABETICALLY BY Name 

address   name                                                                                            
-------   ----                                                                                            
00000700  ADCCTL0                                                                                         
00000701  ADCCTL0_H                                                                                       
00000700  ADCCTL0_L                                                                                       
00000702  ADCCTL1                                                                                         
00000703  ADCCTL1_H                                                                                       
00000702  ADCCTL1_L                                                                                       
00000704  ADCCTL2                                                                                         
00000705  ADCCTL2_H                                                                                       
00000704  ADCCTL2_L                                                                                       
00000708  ADCHI                                                                                           
00000709  ADCHI_H                                                                                         
00000708  ADCHI_L                                                                                         
0000071a  ADCIE                                                                                           
0000071b  ADCIE_H                                                                                         
0000071a  ADCIE_L                                                                                         
0000071c  ADCIFG                                                                                          
0000071d  ADCIFG_H                                                                                        
0000071c  ADCIFG_L                                                                                        
0000071e  ADCIV                                                                                           
0000071f  ADCIV_H                                                                                         
0000071e  ADCIV_L                                                                                         
00000706  ADCLO                                                                                           
00000707  ADCLO_H                                                                                         
00000706  ADCLO_L                                                                                         
0000070a  ADCMCTL0                                                                                        
0000070b  ADCMCTL0_H                                                                                      
0000070a  ADCMCTL0_L                                                                                      
00000712  ADCMEM0                                                                                         
00000713  ADCMEM0_H                                                                                       
00000712  ADCMEM0_L                                                                                       
000020a4  ADC_Result                                                                                      
00000660  BAKMEM0                                                                                         
00000661  BAKMEM0_H                                                                                       
00000660  BAKMEM0_L                                                                                       
00000662  BAKMEM1                                                                                         
00000674  BAKMEM10                                                                                        
00000675  BAKMEM10_H                                                                                      
00000674  BAKMEM10_L                                                                                      
00000676  BAKMEM11                                                                                        
00000677  BAKMEM11_H                                                                                      
00000676  BAKMEM11_L                                                                                      
00000678  BAKMEM12                                                                                        
00000679  BAKMEM12_H                                                                                      
00000678  BAKMEM12_L                                                                                      
0000067a  BAKMEM13                                                                                        
0000067b  BAKMEM13_H                                                                                      
0000067a  BAKMEM13_L                                                                                      
0000067c  BAKMEM14                                                                                        
0000067d  BAKMEM14_H                                                                                      
0000067c  BAKMEM14_L                                                                                      
0000067e  BAKMEM15                                                                                        
0000067f  BAKMEM15_H                                                                                      
0000067e  BAKMEM15_L                                                                                      
00000663  BAKMEM1_H                                                                                       
00000662  BAKMEM1_L                                                                                       
00000664  BAKMEM2                                                                                         
00000665  BAKMEM2_H                                                                                       
00000664  BAKMEM2_L                                                                                       
00000666  BAKMEM3                                                                                         
00000667  BAKMEM3_H                                                                                       
00000666  BAKMEM3_L                                                                                       
00000668  BAKMEM4                                                                                         
00000669  BAKMEM4_H                                                                                       
00000668  BAKMEM4_L                                                                                       
0000066a  BAKMEM5                                                                                         
0000066b  BAKMEM5_H                                                                                       
0000066a  BAKMEM5_L                                                                                       
0000066c  BAKMEM6                                                                                         
0000066d  BAKMEM6_H                                                                                       
0000066c  BAKMEM6_L                                                                                       
0000066e  BAKMEM7                                                                                         
0000066f  BAKMEM7_H                                                                                       
0000066e  BAKMEM7_L                                                                                       
00000670  BAKMEM8                                                                                         
00000671  BAKMEM8_H                                                                                       
00000670  BAKMEM8_L                                                                                       
00000672  BAKMEM9                                                                                         
00000673  BAKMEM9_H                                                                                       
00000672  BAKMEM9_L                                                                                       
0000e1f0  C$$EXIT                                                                                         
000002ee  CAPTIO0CTL                                                                                      
000002ef  CAPTIO0CTL_H                                                                                    
000002ee  CAPTIO0CTL_L                                                                                    
000001c0  CRCDI                                                                                           
000001c2  CRCDIRB                                                                                         
000001c3  CRCDIRB_H                                                                                       
000001c2  CRCDIRB_L                                                                                       
000001c1  CRCDI_H                                                                                         
000001c0  CRCDI_L                                                                                         
000001c4  CRCINIRES                                                                                       
000001c5  CRCINIRES_H                                                                                     
000001c4  CRCINIRES_L                                                                                     
000001c6  CRCRESR                                                                                         
000001c7  CRCRESR_H                                                                                       
000001c6  CRCRESR_L                                                                                       
00000180  CSCTL0                                                                                          
00000181  CSCTL0_H                                                                                        
00000180  CSCTL0_L                                                                                        
00000182  CSCTL1                                                                                          
00000183  CSCTL1_H                                                                                        
00000182  CSCTL1_L                                                                                        
00000184  CSCTL2                                                                                          
00000185  CSCTL2_H                                                                                        
00000184  CSCTL2_L                                                                                        
00000186  CSCTL3                                                                                          
00000187  CSCTL3_H                                                                                        
00000186  CSCTL3_L                                                                                        
00000188  CSCTL4                                                                                          
00000189  CSCTL4_H                                                                                        
00000188  CSCTL4_L                                                                                        
0000018a  CSCTL5                                                                                          
0000018b  CSCTL5_H                                                                                        
0000018a  CSCTL5_L                                                                                        
0000018c  CSCTL6                                                                                          
0000018d  CSCTL6_H                                                                                        
0000018c  CSCTL6_L                                                                                        
0000018e  CSCTL7                                                                                          
0000018f  CSCTL7_H                                                                                        
0000018e  CSCTL7_L                                                                                        
00000190  CSCTL8                                                                                          
00000191  CSCTL8_H                                                                                        
00000190  CSCTL8_L                                                                                        
000001a0  FRCTL0                                                                                          
000001a1  FRCTL0_H                                                                                        
000001a0  FRCTL0_L                                                                                        
000001a4  GCCTL0                                                                                          
000001a5  GCCTL0_H                                                                                        
000001a4  GCCTL0_L                                                                                        
000001a6  GCCTL1                                                                                          
000001a7  GCCTL1_H                                                                                        
000001a6  GCCTL1_L                                                                                        
000020c4  Graphic_Check                                                                                   
00000604  LCDBLKCTL                                                                                       
00000605  LCDBLKCTL_H                                                                                     
00000604  LCDBLKCTL_L                                                                                     
00000640  LCDBM0W                                                                                         
00000641  LCDBM0W_H                                                                                       
00000640  LCDBM0W_L                                                                                       
0000064a  LCDBM10W                                                                                        
0000064b  LCDBM10W_H                                                                                      
0000064a  LCDBM10W_L                                                                                      
0000064c  LCDBM12W                                                                                        
0000064d  LCDBM12W_H                                                                                      
0000064c  LCDBM12W_L                                                                                      
0000064e  LCDBM14W                                                                                        
0000064f  LCDBM14W_H                                                                                      
0000064e  LCDBM14W_L                                                                                      
00000650  LCDBM16W                                                                                        
00000651  LCDBM16W_H                                                                                      
00000650  LCDBM16W_L                                                                                      
00000652  LCDBM18W                                                                                        
00000653  LCDBM18W_H                                                                                      
00000652  LCDBM18W_L                                                                                      
00000642  LCDBM2W                                                                                         
00000643  LCDBM2W_H                                                                                       
00000642  LCDBM2W_L                                                                                       
00000644  LCDBM4W                                                                                         
00000645  LCDBM4W_H                                                                                       
00000644  LCDBM4W_L                                                                                       
00000646  LCDBM6W                                                                                         
00000647  LCDBM6W_H                                                                                       
00000646  LCDBM6W_L                                                                                       
00000648  LCDBM8W                                                                                         
00000649  LCDBM8W_H                                                                                       
00000648  LCDBM8W_L                                                                                       
00000614  LCDCSSEL0                                                                                       
00000615  LCDCSSEL0_H                                                                                     
00000614  LCDCSSEL0_L                                                                                     
00000616  LCDCSSEL1                                                                                       
00000617  LCDCSSEL1_H                                                                                     
00000616  LCDCSSEL1_L                                                                                     
00000618  LCDCSSEL2                                                                                       
00000619  LCDCSSEL2_H                                                                                     
00000618  LCDCSSEL2_L                                                                                     
00000600  LCDCTL0                                                                                         
00000601  LCDCTL0_H                                                                                       
00000600  LCDCTL0_L                                                                                       
00000602  LCDCTL1                                                                                         
00000603  LCDCTL1_H                                                                                       
00000602  LCDCTL1_L                                                                                       
0000061e  LCDIV                                                                                           
00000620  LCDM0W                                                                                          
00000621  LCDM0W_H                                                                                        
00000620  LCDM0W_L                                                                                        
0000062a  LCDM10W                                                                                         
0000062b  LCDM10W_H                                                                                       
0000062a  LCDM10W_L                                                                                       
0000062c  LCDM12W                                                                                         
0000062d  LCDM12W_H                                                                                       
0000062c  LCDM12W_L                                                                                       
0000062e  LCDM14W                                                                                         
0000062f  LCDM14W_H                                                                                       
0000062e  LCDM14W_L                                                                                       
00000630  LCDM16W                                                                                         
00000631  LCDM16W_H                                                                                       
00000630  LCDM16W_L                                                                                       
00000632  LCDM18W                                                                                         
00000633  LCDM18W_H                                                                                       
00000632  LCDM18W_L                                                                                       
00000634  LCDM20W                                                                                         
00000635  LCDM20W_H                                                                                       
00000634  LCDM20W_L                                                                                       
00000636  LCDM22W                                                                                         
00000637  LCDM22W_H                                                                                       
00000636  LCDM22W_L                                                                                       
00000638  LCDM24W                                                                                         
00000639  LCDM24W_H                                                                                       
00000638  LCDM24W_L                                                                                       
0000063a  LCDM26W                                                                                         
0000063b  LCDM26W_H                                                                                       
0000063a  LCDM26W_L                                                                                       
0000063c  LCDM28W                                                                                         
0000063d  LCDM28W_H                                                                                       
0000063c  LCDM28W_L                                                                                       
00000622  LCDM2W                                                                                          
00000623  LCDM2W_H                                                                                        
00000622  LCDM2W_L                                                                                        
0000063e  LCDM30W                                                                                         
0000063f  LCDM30W_H                                                                                       
0000063e  LCDM30W_L                                                                                       
00000640  LCDM32W                                                                                         
00000641  LCDM32W_H                                                                                       
00000640  LCDM32W_L                                                                                       
00000642  LCDM34W                                                                                         
00000643  LCDM34W_H                                                                                       
00000642  LCDM34W_L                                                                                       
00000644  LCDM36W                                                                                         
00000645  LCDM36W_H                                                                                       
00000644  LCDM36W_L                                                                                       
00000646  LCDM38W                                                                                         
00000647  LCDM38W_H                                                                                       
00000646  LCDM38W_L                                                                                       
00000624  LCDM4W                                                                                          
00000625  LCDM4W_H                                                                                        
00000624  LCDM4W_L                                                                                        
00000626  LCDM6W                                                                                          
00000627  LCDM6W_H                                                                                        
00000626  LCDM6W_L                                                                                        
00000628  LCDM8W                                                                                          
00000629  LCDM8W_H                                                                                        
00000628  LCDM8W_L                                                                                        
00000606  LCDMEMCTL                                                                                       
00000607  LCDMEMCTL_H                                                                                     
00000606  LCDMEMCTL_L                                                                                     
0000060a  LCDPCTL0                                                                                        
0000060b  LCDPCTL0_H                                                                                      
0000060a  LCDPCTL0_L                                                                                      
0000060c  LCDPCTL1                                                                                        
0000060d  LCDPCTL1_H                                                                                      
0000060c  LCDPCTL1_L                                                                                      
0000060e  LCDPCTL2                                                                                        
0000060f  LCDPCTL2_H                                                                                      
0000060e  LCDPCTL2_L                                                                                      
00000608  LCDVCTL                                                                                         
00000609  LCDVCTL_H                                                                                       
00000608  LCDVCTL_L                                                                                       
0000020e  P1IV                                                                                            
0000021e  P2IV                                                                                            
00000204  PADIR                                                                                           
00000205  PADIR_H                                                                                         
00000204  PADIR_L                                                                                         
0000021a  PAIE                                                                                            
00000218  PAIES                                                                                           
00000219  PAIES_H                                                                                         
00000218  PAIES_L                                                                                         
0000021b  PAIE_H                                                                                          
0000021a  PAIE_L                                                                                          
0000021c  PAIFG                                                                                           
0000021d  PAIFG_H                                                                                         
0000021c  PAIFG_L                                                                                         
00000200  PAIN                                                                                            
00000201  PAIN_H                                                                                          
00000200  PAIN_L                                                                                          
00000202  PAOUT                                                                                           
00000203  PAOUT_H                                                                                         
00000202  PAOUT_L                                                                                         
00000206  PAREN                                                                                           
00000207  PAREN_H                                                                                         
00000206  PAREN_L                                                                                         
0000020a  PASEL0                                                                                          
0000020b  PASEL0_H                                                                                        
0000020a  PASEL0_L                                                                                        
00000224  PBDIR                                                                                           
00000225  PBDIR_H                                                                                         
00000224  PBDIR_L                                                                                         
00000220  PBIN                                                                                            
00000221  PBIN_H                                                                                          
00000220  PBIN_L                                                                                          
00000222  PBOUT                                                                                           
00000223  PBOUT_H                                                                                         
00000222  PBOUT_L                                                                                         
00000226  PBREN                                                                                           
00000227  PBREN_H                                                                                         
00000226  PBREN_L                                                                                         
0000022a  PBSEL0                                                                                          
0000022b  PBSEL0_H                                                                                        
0000022a  PBSEL0_L                                                                                        
00000244  PCDIR                                                                                           
00000245  PCDIR_H                                                                                         
00000244  PCDIR_L                                                                                         
00000240  PCIN                                                                                            
00000241  PCIN_H                                                                                          
00000240  PCIN_L                                                                                          
00000242  PCOUT                                                                                           
00000243  PCOUT_H                                                                                         
00000242  PCOUT_L                                                                                         
00000246  PCREN                                                                                           
00000247  PCREN_H                                                                                         
00000246  PCREN_L                                                                                         
0000024a  PCSEL0                                                                                          
0000024b  PCSEL0_H                                                                                        
0000024a  PCSEL0_L                                                                                        
00000264  PDDIR                                                                                           
00000265  PDDIR_H                                                                                         
00000264  PDDIR_L                                                                                         
00000260  PDIN                                                                                            
00000261  PDIN_H                                                                                          
00000260  PDIN_L                                                                                          
00000262  PDOUT                                                                                           
00000263  PDOUT_H                                                                                         
00000262  PDOUT_L                                                                                         
00000266  PDREN                                                                                           
00000267  PDREN_H                                                                                         
00000266  PDREN_L                                                                                         
0000026a  PDSEL0                                                                                          
0000026b  PDSEL0_H                                                                                        
0000026a  PDSEL0_L                                                                                        
00000130  PM5CTL0                                                                                         
00000131  PM5CTL0_H                                                                                       
00000130  PM5CTL0_L                                                                                       
00000120  PMMCTL0                                                                                         
00000121  PMMCTL0_H                                                                                       
00000120  PMMCTL0_L                                                                                       
00000122  PMMCTL1                                                                                         
00000123  PMMCTL1_H                                                                                       
00000122  PMMCTL1_L                                                                                       
00000124  PMMCTL2                                                                                         
00000125  PMMCTL2_H                                                                                       
00000124  PMMCTL2_L                                                                                       
0000012e  PMMIE                                                                                           
0000012f  PMMIE_H                                                                                         
0000012e  PMMIE_L                                                                                         
0000012a  PMMIFG                                                                                          
0000012b  PMMIFG_H                                                                                        
0000012a  PMMIFG_L                                                                                        
000020cc  PSWD                                                                                            
000020ac  PageNumber                                                                                      
000020e0  Pages                                                                                           
000003cc  RTCCNT                                                                                          
000003cd  RTCCNT_H                                                                                        
000003cc  RTCCNT_L                                                                                        
000003c0  RTCCTL                                                                                          
000003c1  RTCCTL_H                                                                                        
000003c0  RTCCTL_L                                                                                        
000003c4  RTCIV                                                                                           
000003c5  RTCIV_H                                                                                         
000003c4  RTCIV_L                                                                                         
000003c8  RTCMOD                                                                                          
000003c9  RTCMOD_H                                                                                        
000003c8  RTCMOD_L                                                                                        
00000100  SFRIE1                                                                                          
00000101  SFRIE1_H                                                                                        
00000100  SFRIE1_L                                                                                        
00000102  SFRIFG1                                                                                         
00000103  SFRIFG1_H                                                                                       
00000102  SFRIFG1_L                                                                                       
00000104  SFRRPCR                                                                                         
00000105  SFRRPCR_H                                                                                       
00000104  SFRRPCR_L                                                                                       
000020d2  SSID                                                                                            
000020d8  ST7920                                                                                          
00000158  SYSBERRIV                                                                                       
00000159  SYSBERRIV_H                                                                                     
00000158  SYSBERRIV_L                                                                                     
00000142  SYSBSLC                                                                                         
00000143  SYSBSLC_H                                                                                       
00000142  SYSBSLC_L                                                                                       
00000160  SYSCFG0                                                                                         
00000161  SYSCFG0_H                                                                                       
00000160  SYSCFG0_L                                                                                       
00000162  SYSCFG1                                                                                         
00000163  SYSCFG1_H                                                                                       
00000162  SYSCFG1_L                                                                                       
00000164  SYSCFG2                                                                                         
00000165  SYSCFG2_H                                                                                       
00000164  SYSCFG2_L                                                                                       
00000140  SYSCTL                                                                                          
00000141  SYSCTL_H                                                                                        
00000140  SYSCTL_L                                                                                        
00000146  SYSJMBC                                                                                         
00000147  SYSJMBC_H                                                                                       
00000146  SYSJMBC_L                                                                                       
00000148  SYSJMBI0                                                                                        
00000149  SYSJMBI0_H                                                                                      
00000148  SYSJMBI0_L                                                                                      
0000014a  SYSJMBI1                                                                                        
0000014b  SYSJMBI1_H                                                                                      
0000014a  SYSJMBI1_L                                                                                      
0000014c  SYSJMBO0                                                                                        
0000014d  SYSJMBO0_H                                                                                      
0000014c  SYSJMBO0_L                                                                                      
0000014e  SYSJMBO1                                                                                        
0000014f  SYSJMBO1_H                                                                                      
0000014e  SYSJMBO1_L                                                                                      
0000015e  SYSRSTIV                                                                                        
0000015f  SYSRSTIV_H                                                                                      
0000015e  SYSRSTIV_L                                                                                      
0000015c  SYSSNIV                                                                                         
0000015d  SYSSNIV_H                                                                                       
0000015c  SYSSNIV_L                                                                                       
0000015a  SYSUNIV                                                                                         
0000015b  SYSUNIV_H                                                                                       
0000015a  SYSUNIV_L                                                                                       
00000312  TA0CCR0                                                                                         
00000314  TA0CCR1                                                                                         
00000316  TA0CCR2                                                                                         
00000302  TA0CCTL0                                                                                        
00000304  TA0CCTL1                                                                                        
00000306  TA0CCTL2                                                                                        
00000300  TA0CTL                                                                                          
00000320  TA0EX0                                                                                          
0000032e  TA0IV                                                                                           
00000310  TA0R                                                                                            
00000352  TA1CCR0                                                                                         
00000354  TA1CCR1                                                                                         
00000356  TA1CCR2                                                                                         
00000342  TA1CCTL0                                                                                        
00000344  TA1CCTL1                                                                                        
00000346  TA1CCTL2                                                                                        
00000340  TA1CTL                                                                                          
00000360  TA1EX0                                                                                          
0000036e  TA1IV                                                                                           
00000350  TA1R                                                                                            
00000510  UCA0ABCTL                                                                                       
00000506  UCA0BRW                                                                                         
00000507  UCA0BRW_H                                                                                       
00000506  UCA0BRW_L                                                                                       
00000500  UCA0CTLW0                                                                                       
00000501  UCA0CTLW0_H                                                                                     
00000500  UCA0CTLW0_L                                                                                     
00000502  UCA0CTLW1                                                                                       
00000503  UCA0CTLW1_H                                                                                     
00000502  UCA0CTLW1_L                                                                                     
0000051a  UCA0IE                                                                                          
0000051b  UCA0IE_H                                                                                        
0000051a  UCA0IE_L                                                                                        
0000051c  UCA0IFG                                                                                         
0000051d  UCA0IFG_H                                                                                       
0000051c  UCA0IFG_L                                                                                       
00000512  UCA0IRCTL                                                                                       
00000513  UCA0IRCTL_H                                                                                     
00000512  UCA0IRCTL_L                                                                                     
0000051e  UCA0IV                                                                                          
00000508  UCA0MCTLW                                                                                       
00000509  UCA0MCTLW_H                                                                                     
00000508  UCA0MCTLW_L                                                                                     
0000050c  UCA0RXBUF                                                                                       
0000050d  UCA0RXBUF_H                                                                                     
0000050c  UCA0RXBUF_L                                                                                     
0000050a  UCA0STATW                                                                                       
0000050e  UCA0TXBUF                                                                                       
0000050f  UCA0TXBUF_H                                                                                     
0000050e  UCA0TXBUF_L                                                                                     
0000055e  UCB0ADDMASK                                                                                     
0000055f  UCB0ADDMASK_H                                                                                   
0000055e  UCB0ADDMASK_L                                                                                   
0000055c  UCB0ADDRX                                                                                       
0000055d  UCB0ADDRX_H                                                                                     
0000055c  UCB0ADDRX_L                                                                                     
00000546  UCB0BRW                                                                                         
00000547  UCB0BRW_H                                                                                       
00000546  UCB0BRW_L                                                                                       
00000540  UCB0CTLW0                                                                                       
00000541  UCB0CTLW0_H                                                                                     
00000540  UCB0CTLW0_L                                                                                     
00000542  UCB0CTLW1                                                                                       
00000543  UCB0CTLW1_H                                                                                     
00000542  UCB0CTLW1_L                                                                                     
00000554  UCB0I2COA0                                                                                      
00000555  UCB0I2COA0_H                                                                                    
00000554  UCB0I2COA0_L                                                                                    
00000556  UCB0I2COA1                                                                                      
00000557  UCB0I2COA1_H                                                                                    
00000556  UCB0I2COA1_L                                                                                    
00000558  UCB0I2COA2                                                                                      
00000559  UCB0I2COA2_H                                                                                    
00000558  UCB0I2COA2_L                                                                                    
0000055a  UCB0I2COA3                                                                                      
0000055b  UCB0I2COA3_H                                                                                    
0000055a  UCB0I2COA3_L                                                                                    
00000560  UCB0I2CSA                                                                                       
00000561  UCB0I2CSA_H                                                                                     
[...]
00000709  ADCHI_H                                                                                         
0000070a  ADCMCTL0                                                                                        
0000070a  ADCMCTL0_L                                                                                      
0000070b  ADCMCTL0_H                                                                                      
00000712  ADCMEM0                                                                                         
00000712  ADCMEM0_L                                                                                       
00000713  ADCMEM0_H                                                                                       
0000071a  ADCIE                                                                                           
0000071a  ADCIE_L                                                                                         
0000071b  ADCIE_H                                                                                         
0000071c  ADCIFG                                                                                          
0000071c  ADCIFG_L                                                                                        
0000071d  ADCIFG_H                                                                                        
0000071e  ADCIV                                                                                           
0000071e  ADCIV_L                                                                                         
0000071f  ADCIV_H                                                                                         
00002000  _sys_memory                                                                                     
000020a0  option_num                                                                                      
000020a2  val                                                                                             
000020a4  ADC_Result                                                                                      
000020a6  picker_MainMenu                                                                                 
000020ac  PageNumber                                                                                      
000020ae  rowNumber                                                                                       
000020b0  __TI_cleanup_ptr                                                                                
000020b4  __TI_dtors_ptr                                                                                  
000020b8  _lock                                                                                           
000020bc  _unlock                                                                                         
000020c0  picker_Settings                                                                                 
000020c4  Graphic_Check                                                                                   
000020c8  __TI_enable_exit_profile_output                                                                 
000020cc  PSWD                                                                                            
000020d2  SSID                                                                                            
000020d8  ST7920                                                                                          
000020e0  Pages                                                                                           
000020e2  UTILS2                                                                                          
000020e4  UTILS                                                                                           
000020e8  __dso_handle                                                                                    
00002760  _stack                                                                                          
00002800  __STACK_END                                                                                     
0000c434  __TI_Handler_Table_Base                                                                         
0000c440  __TI_Handler_Table_Limit                                                                        
0000c446  __TI_CINIT_Base                                                                                 
0000c456  __TI_CINIT_Limit                                                                                
0000c456  __TI_INITARRAY_Base                                                                             
0000c45e  __TI_INITARRAY_Limit                                                                            
0000c5d6  _ZZNSt3__29allocatorIcE8allocateEjPKvEs                                                         
0000c61a  _ZTSN10__cxxabiv120__si_class_type_infoE                                                        
0000c640  _ZTSN10__cxxabiv117__class_type_infoE                                                           
0000c662  _ZTV3SPI                                                                                        
0000c672  _ZTV5Pages                                                                                      
0000c682  _ZTV5UTILS                                                                                      
0000c692  _ZTV6ST7920                                                                                     
0000c6a2  _ZTVN10__cxxabiv117__class_type_infoE                                                           
0000c6b2  _ZTVN10__cxxabiv120__si_class_type_infoE                                                        
0000c6c2  _ZZNKSt3__221__basic_string_commonILb1EE20__throw_length_errorEvEs                              
0000c6d0  _ZTSSt9type_info                                                                                
0000c6ea  _ZTS6ST7920                                                                                     
0000c6f2  _ZTS5Pages                                                                                      
0000c6fa  _ZTS5UTILS                                                                                      
0000c708  _ZTIN10__cxxabiv117__class_type_infoE                                                           
0000c70e  _ZTIN10__cxxabiv120__si_class_type_infoE                                                        
0000c714  _ZTS3SPI                                                                                        
0000c71a  _ZTI3SPI                                                                                        
0000c71e  _ZTI5Pages                                                                                      
0000c722  _ZTI5UTILS                                                                                      
0000c726  _ZTI6ST7920                                                                                     
0000c72a  _ZTISt9type_info                                                                                
0000c72e  _ZN5Pages11ConnectWifiEiPKc                                                                     
0000ca5c  _ZN5UTILS7toASCIIEj                                                                             
0000cc88  _ZN5Pages8MainMenuEib                                                                           
0000ce48  _ZN5Pages8SettingsEib                                                                           
0000d004  __sti___9_Pages_cpp_ST7920                                                                      
0000d1b2  _ZNSt3__212basic_stringIcNS_11char_traitsIcEENS_9allocatorIcEEE21__grow_by_and_replaceEjjjjjjPKc
0000d2b8  aligned_alloc                                                                                   
0000d2b8  memalign                                                                                        
0000d3a8  __TI_decompress_lzss                                                                            
0000d496  _Z17Port_1_IntHandlerv                                                                          
0000d57c  free                                                                                            
0000d64e  _ZN6ST792010SendStringEiiNSt3__212basic_stringIcNS0_11char_traitsIcEENS0_9allocatorIcEEEE       
0000d6f8  _ZNSt3__212basic_stringIcNS_11char_traitsIcEENS_9allocatorIcEEE6appendEPKcj                     
0000d790  _ZN5Pages6PickerEjb                                                                             
0000d81e  __TI_auto_init_nobinit_hold_wdt                                                                 
0000d8a2  _ZN6ST79209drawImageEPKciiii                                                                    
0000d924  _ZN5Pages5IntroEv                                                                               
0000d9f8  _ZNSt3__212basic_stringIcNS_11char_traitsIcEENS_9allocatorIcEEE6__initEPKcj                     
0000da52  _ZN6ST79206gotoXYEii                                                                            
0000daaa  _ZN6ST792011GraphicModeEi                                                                       
0000db00  _ZN5UTILS9init_gpioEv                                                                           
0000db54  _ZN6ST792011sendCommandEh                                                                       
0000dba6  _Z7ADC_ISRv                                                                                     
0000dbf2  main                                                                                            
0000dc3c  exit                                                                                            
0000dc84  _ZN6ST79208sendDataEh                                                                           
0000dcca  _Z25__add_destruction_to_listPP20a_needed_destructionPFYvPvES2_S2_                              
0000dd0e  _ZN6ST79204initEv                                                                               
0000dd50  __memcpy_far                                                                                    
0000dd90  _Z23__finalize_destructionsPP20a_needed_destructionPv                                           
0000ddce  __TI_zero_init_nomemset                                                                         
0000de0c  __TI_decompress_none                                                                            
0000de48  _ZNSt3__212basic_stringIcNS_11char_traitsIcEENS_9allocatorIcEEEC1ERKS5_                         
0000de82  _ZN3SPI4initEv                                                                                  
0000deb6  __sti___8_Main_cpp_Pages                                                                        
0000dee8  __mspabi_divi                                                                                   
0000dee8  __mspabi_remi                                                                                   
0000df3c  __cxa_atexit                                                                                    
0000df62  _ZN5UTILS13configure_adcEv                                                                      
0000df88  _Znwj                                                                                           
0000dfac  _c_int00_noargs                                                                                 
0000dfe4  _ZNSt3__212basic_stringIcNS_11char_traitsIcEENS_9allocatorIcEEE6appendEPKc                      
0000dffe  _ZN6ST7920C1Ev                                                                                  
0000dffe  _ZN6ST7920C2Ev                                                                                  
0000e016  _ZNSt3__212basic_stringIcNS_11char_traitsIcEENS_9allocatorIcEEED1Ev                             
0000e02e  strcmp                                                                                          
0000e046  _ZN10__cxxabiv120__si_class_type_infoD0Ev                                                       
0000e05c  _ZN5UTILS8delay_msEj                                                                            
0000e072  __mspabi_divu                                                                                   
0000e072  __mspabi_remu                                                                                   
0000e088  _ZN10__cxxabiv117__class_type_infoD0Ev                                                          
0000e09c  _ZN3SPI5setCSEb                                                                                 
0000e0b0  _ZN3SPI5writeEh                                                                                 
0000e0c4  _ZN6ST792010fillScreenEh                                                                        
0000e0d8  _ZN6ST7920D0Ev                                                                                  
0000e0ec  memset                                                                                          
0000e100  __mspabi_mpyi                                                                                   
0000e100  __mspabi_mpyi_sw                                                                                
0000e114  _ZN6ST7920D1Ev                                                                                  
0000e114  _ZN6ST7920D2Ev                                                                                  
0000e126  memcpy                                                                                          
0000e138  _ZN10__cxxabiv117__class_type_infoD1Ev                                                          
0000e138  _ZN10__cxxabiv117__class_type_infoD2Ev                                                          
0000e146  _ZN10__cxxabiv120__si_class_type_infoD1Ev                                                       
0000e146  _ZN10__cxxabiv120__si_class_type_infoD2Ev                                                       
0000e154  _ZN5Pages6TypingEjPKc                                                                           
0000e162  strlen                                                                                          
0000e170  _ZN5Pages10InitializeEv                                                                         
0000e17a  _ZdlPv                                                                                          
0000e184  __cxa_ia64_exit                                                                                 
0000e18e  abs                                                                                             
0000e198  __mspabi_slli                                                                                   
0000e1a2  _ZN3SPIC1Ev                                                                                     
0000e1a2  _ZN3SPIC2Ev                                                                                     
0000e1aa  _ZN3SPID0Ev                                                                                     
0000e1b2  _ZN5PagesC1Ev                                                                                   
0000e1b2  _ZN5PagesC2Ev                                                                                   
0000e1ba  _ZN5PagesD0Ev                                                                                   
0000e1c2  _ZN5UTILSC1Ev                                                                                   
0000e1c2  _ZN5UTILSC2Ev                                                                                   
0000e1ca  _ZN5UTILSD0Ev                                                                                   
0000e1d2  _ZNKSt3__221__basic_string_commonILb1EE20__throw_length_errorEv                                 
0000e1da  __TI_ISR_TRAP                                                                                   
0000e1e2  malloc                                                                                          
0000e1ea  _ZNSt3__220__throw_length_errorEPKc                                                             
0000e1f0  C$$EXIT                                                                                         
0000e1f0  _ZSt17__throw_bad_allocv                                                                        
0000e1f0  abort                                                                                           
0000e1f6  _ZdlPvj                                                                                         
0000e1fa  _system_pre_init                                                                                
0000e1fe  _ZN3SPID1Ev                                                                                     
0000e1fe  _ZN3SPID2Ev                                                                                     
0000e200  _ZN5PagesD1Ev                                                                                   
0000e200  _ZN5PagesD2Ev                                                                                   
0000e202  _ZN5UTILSD1Ev                                                                                   
0000e202  _ZN5UTILSD2Ev                                                                                   
0000e204  _ZNSt9type_infoD1Ev                                                                             
0000e204  _ZNSt9type_infoD2Ev                                                                             
0000e206  _nop                                                                                            
0000e208  _system_post_cinit                                                                              
0000ffe2  __TI_int45                                                                                      
0000ffe4  __TI_int46                                                                                      
0000ffe6  __TI_int47                                                                                      
0000ffe8  __TI_int48                                                                                      
0000ffea  __TI_int49                                                                                      
0000ffec  __TI_int50                                                                                      
0000ffee  __TI_int51                                                                                      
0000fff0  __TI_int52                                                                                      
0000fff2  __TI_int53                                                                                      
0000fff4  __TI_int54                                                                                      
0000fff6  __TI_int55                                                                                      
0000fff8  __TI_int56                                                                                      
0000fffa  __TI_int57                                                                                      
0000fffc  __TI_int58                                                                                      
0000fffe  _reset_vector                                                                                   
ffffffff  __TI_pprof_out_hndl                                                                             
ffffffff  __TI_prof_data_size                                                                             
ffffffff  __TI_prof_data_start                                                                            
ffffffff  __c_args__                                                                                      

[679 symbols]
