<?xml version="1.0" encoding="ISO-8859-1" ?>
<link_info>
   <banner>MSP430 Linker PC v20.2.4.LTS</banner>
   <copyright>Copyright (c) 2003-2018 Texas Instruments Incorporated</copyright>
   <link_time>0x6002caaf</link_time>
   <link_errors>0x0</link_errors>
   <output_file>Texas.out</output_file>
   <entry_point>
      <name>_c_int00_noargs</name>
      <address>0xe11a</address>
   </entry_point>
   <input_file_list>
      <input_file id="fl-2">
         <path>.\</path>
         <kind>object</kind>
         <file>Main.obj</file>
         <name>Main.obj</name>
      </input_file>
      <input_file id="fl-3">
         <path>.\Source\</path>
         <kind>object</kind>
         <file>Pages.obj</file>
         <name>Pages.obj</name>
      </input_file>
      <input_file id="fl-4">
         <path>.\Source\</path>
         <kind>object</kind>
         <file>SPI.obj</file>
         <name>SPI.obj</name>
      </input_file>
      <input_file id="fl-5">
         <path>.\Source\</path>
         <kind>object</kind>
         <file>ST7920.obj</file>
         <name>ST7920.obj</name>
      </input_file>
      <input_file id="fl-6">
         <path>.\Source\</path>
         <kind>object</kind>
         <file>UTILS.obj</file>
         <name>UTILS.obj</name>
      </input_file>
      <input_file id="fl-b">
         <kind>object</kind>
         <file>&lt;internal&gt;</file>
         <name>&lt;internal&gt;</name>
      </input_file>
      <input_file id="fl-21">
         <path>C:\ti\ccs1011\ccs\tools\compiler\ti-cgt-msp430_20.2.4.LTS\lib\</path>
         <kind>archive</kind>
         <file>rts430x_lc_sd_eabi.lib</file>
         <name>new.cpp.obj</name>
      </input_file>
      <input_file id="fl-22">
         <path>C:\ti\ccs1011\ccs\tools\compiler\ti-cgt-msp430_20.2.4.LTS\lib\</path>
         <kind>archive</kind>
         <file>rts430x_lc_sd_eabi.lib</file>
         <name>string.cpp.obj</name>
      </input_file>
      <input_file id="fl-23">
         <path>C:\ti\ccs1011\ccs\tools\compiler\ti-cgt-msp430_20.2.4.LTS\lib\</path>
         <kind>archive</kind>
         <file>rts430x_lc_sd_eabi.lib</file>
         <name>dtor_list.c.obj</name>
      </input_file>
      <input_file id="fl-24">
         <path>C:\ti\ccs1011\ccs\tools\compiler\ti-cgt-msp430_20.2.4.LTS\lib\</path>
         <kind>archive</kind>
         <file>rts430x_lc_sd_eabi.lib</file>
         <name>typeinfo.c.obj</name>
      </input_file>
      <input_file id="fl-25">
         <path>C:\ti\ccs1011\ccs\tools\compiler\ti-cgt-msp430_20.2.4.LTS\lib\</path>
         <kind>archive</kind>
         <file>rts430x_lc_sd_eabi.lib</file>
         <name>wcstof.c.obj</name>
      </input_file>
      <input_file id="fl-26">
         <path>C:\ti\ccs1011\ccs\tools\compiler\ti-cgt-msp430_20.2.4.LTS\lib\</path>
         <kind>archive</kind>
         <file>rts430x_lc_sd_eabi.lib</file>
         <name>wcstod.c.obj</name>
      </input_file>
      <input_file id="fl-27">
         <path>C:\ti\ccs1011\ccs\tools\compiler\ti-cgt-msp430_20.2.4.LTS\lib\</path>
         <kind>archive</kind>
         <file>rts430x_lc_sd_eabi.lib</file>
         <name>wcstold.c.obj</name>
      </input_file>
      <input_file id="fl-28">
         <path>C:\ti\ccs1011\ccs\tools\compiler\ti-cgt-msp430_20.2.4.LTS\lib\</path>
         <kind>archive</kind>
         <file>rts430x_lc_sd_eabi.lib</file>
         <name>wcstol.c.obj</name>
      </input_file>
      <input_file id="fl-29">
         <path>C:\ti\ccs1011\ccs\tools\compiler\ti-cgt-msp430_20.2.4.LTS\lib\</path>
         <kind>archive</kind>
         <file>rts430x_lc_sd_eabi.lib</file>
         <name>wcstoul.c.obj</name>
      </input_file>
      <input_file id="fl-2a">
         <path>C:\ti\ccs1011\ccs\tools\compiler\ti-cgt-msp430_20.2.4.LTS\lib\</path>
         <kind>archive</kind>
         <file>rts430x_lc_sd_eabi.lib</file>
         <name>wcstoll.c.obj</name>
      </input_file>
      <input_file id="fl-2b">
         <path>C:\ti\ccs1011\ccs\tools\compiler\ti-cgt-msp430_20.2.4.LTS\lib\</path>
         <kind>archive</kind>
         <file>rts430x_lc_sd_eabi.lib</file>
         <name>wcstoull.c.obj</name>
      </input_file>
      <input_file id="fl-2c">
         <path>C:\ti\ccs1011\ccs\tools\compiler\ti-cgt-msp430_20.2.4.LTS\lib\</path>
         <kind>archive</kind>
         <file>rts430x_lc_sd_eabi.lib</file>
         <name>swprintf.c.obj</name>
      </input_file>
      <input_file id="fl-2d">
         <path>C:\ti\ccs1011\ccs\tools\compiler\ti-cgt-msp430_20.2.4.LTS\lib\</path>
         <kind>archive</kind>
         <file>rts430x_lc_sd_eabi.lib</file>
         <name>wcslen.c.obj</name>
      </input_file>
      <input_file id="fl-2e">
         <path>C:\ti\ccs1011\ccs\tools\compiler\ti-cgt-msp430_20.2.4.LTS\lib\</path>
         <kind>archive</kind>
         <file>rts430x_lc_sd_eabi.lib</file>
         <name>wmemchr.c.obj</name>
      </input_file>
      <input_file id="fl-2f">
         <path>C:\ti\ccs1011\ccs\tools\compiler\ti-cgt-msp430_20.2.4.LTS\lib\</path>
         <kind>archive</kind>
         <file>rts430x_lc_sd_eabi.lib</file>
         <name>wmemcpy.c.obj</name>
      </input_file>
      <input_file id="fl-30">
         <path>C:\ti\ccs1011\ccs\tools\compiler\ti-cgt-msp430_20.2.4.LTS\lib\</path>
         <kind>archive</kind>
         <file>rts430x_lc_sd_eabi.lib</file>
         <name>wmemcmp.c.obj</name>
      </input_file>
      <input_file id="fl-31">
         <path>C:\ti\ccs1011\ccs\tools\compiler\ti-cgt-msp430_20.2.4.LTS\lib\</path>
         <kind>archive</kind>
         <file>rts430x_lc_sd_eabi.lib</file>
         <name>wmemmove.c.obj</name>
      </input_file>
      <input_file id="fl-32">
         <path>C:\ti\ccs1011\ccs\tools\compiler\ti-cgt-msp430_20.2.4.LTS\lib\</path>
         <kind>archive</kind>
         <file>rts430x_lc_sd_eabi.lib</file>
         <name>wmemset.c.obj</name>
      </input_file>
      <input_file id="fl-33">
         <path>C:\ti\ccs1011\ccs\tools\compiler\ti-cgt-msp430_20.2.4.LTS\lib\</path>
         <kind>archive</kind>
         <file>rts430x_lc_sd_eabi.lib</file>
         <name>none_mb.c.obj</name>
      </input_file>
      <input_file id="fl-34">
         <path>C:\ti\ccs1011\ccs\tools\compiler\ti-cgt-msp430_20.2.4.LTS\lib\</path>
         <kind>archive</kind>
         <file>rts430x_lc_sd_eabi.lib</file>
         <name>vswprintf.c.obj</name>
      </input_file>
      <input_file id="fl-35">
         <path>C:\ti\ccs1011\ccs\tools\compiler\ti-cgt-msp430_20.2.4.LTS\lib\</path>
         <kind>archive</kind>
         <file>rts430x_lc_sd_eabi.lib</file>
         <name>div16s.asm.obj</name>
      </input_file>
      <input_file id="fl-36">
         <path>C:\ti\ccs1011\ccs\tools\compiler\ti-cgt-msp430_20.2.4.LTS\lib\</path>
         <kind>archive</kind>
         <file>rts430x_lc_sd_eabi.lib</file>
         <name>div16u.asm.obj</name>
      </input_file>
      <input_file id="fl-37">
         <path>C:\ti\ccs1011\ccs\tools\compiler\ti-cgt-msp430_20.2.4.LTS\lib\</path>
         <kind>archive</kind>
         <file>rts430x_lc_sd_eabi.lib</file>
         <name>div32u.asm.obj</name>
      </input_file>
      <input_file id="fl-38">
         <path>C:\ti\ccs1011\ccs\tools\compiler\ti-cgt-msp430_20.2.4.LTS\lib\</path>
         <kind>archive</kind>
         <file>rts430x_lc_sd_eabi.lib</file>
         <name>int45.asm.obj</name>
      </input_file>
      <input_file id="fl-39">
         <path>C:\ti\ccs1011\ccs\tools\compiler\ti-cgt-msp430_20.2.4.LTS\lib\</path>
         <kind>archive</kind>
         <file>rts430x_lc_sd_eabi.lib</file>
         <name>int46.asm.obj</name>
      </input_file>
      <input_file id="fl-3a">
         <path>C:\ti\ccs1011\ccs\tools\compiler\ti-cgt-msp430_20.2.4.LTS\lib\</path>
         <kind>archive</kind>
         <file>rts430x_lc_sd_eabi.lib</file>
         <name>int49.asm.obj</name>
      </input_file>
      <input_file id="fl-3b">
         <path>C:\ti\ccs1011\ccs\tools\compiler\ti-cgt-msp430_20.2.4.LTS\lib\</path>
         <kind>archive</kind>
         <file>rts430x_lc_sd_eabi.lib</file>
         <name>int50.asm.obj</name>
      </input_file>
      <input_file id="fl-3c">
         <path>C:\ti\ccs1011\ccs\tools\compiler\ti-cgt-msp430_20.2.4.LTS\lib\</path>
         <kind>archive</kind>
         <file>rts430x_lc_sd_eabi.lib</file>
         <name>int51.asm.obj</name>
      </input_file>
      <input_file id="fl-3d">
         <path>C:\ti\ccs1011\ccs\tools\compiler\ti-cgt-msp430_20.2.4.LTS\lib\</path>
         <kind>archive</kind>
         <file>rts430x_lc_sd_eabi.lib</file>
         <name>int52.asm.obj</name>
      </input_file>
      <input_file id="fl-3e">
         <path>C:\ti\ccs1011\ccs\tools\compiler\ti-cgt-msp430_20.2.4.LTS\lib\</path>
         <kind>archive</kind>
         <file>rts430x_lc_sd_eabi.lib</file>
         <name>int53.asm.obj</name>
      </input_file>
      <input_file id="fl-3f">
         <path>C:\ti\ccs1011\ccs\tools\compiler\ti-cgt-msp430_20.2.4.LTS\lib\</path>
         <kind>archive</kind>
         <file>rts430x_lc_sd_eabi.lib</file>
         <name>int54.asm.obj</name>
      </input_file>
      <input_file id="fl-40">
         <path>C:\ti\ccs1011\ccs\tools\compiler\ti-cgt-msp430_20.2.4.LTS\lib\</path>
         <kind>archive</kind>
         <file>rts430x_lc_sd_eabi.lib</file>
         <name>int55.asm.obj</name>
      </input_file>
      <input_file id="fl-41">
         <path>C:\ti\ccs1011\ccs\tools\compiler\ti-cgt-msp430_20.2.4.LTS\lib\</path>
         <kind>archive</kind>
         <file>rts430x_lc_sd_eabi.lib</file>
         <name>int56.asm.obj</name>
      </input_file>
      <input_file id="fl-42">
         <path>C:\ti\ccs1011\ccs\tools\compiler\ti-cgt-msp430_20.2.4.LTS\lib\</path>
         <kind>archive</kind>
         <file>rts430x_lc_sd_eabi.lib</file>
         <name>int57.asm.obj</name>
      </input_file>
      <input_file id="fl-43">
         <path>C:\ti\ccs1011\ccs\tools\compiler\ti-cgt-msp430_20.2.4.LTS\lib\</path>
         <kind>archive</kind>
         <file>rts430x_lc_sd_eabi.lib</file>
         <name>int58.asm.obj</name>
      </input_file>
      <input_file id="fl-44">
         <path>C:\ti\ccs1011\ccs\tools\compiler\ti-cgt-msp430_20.2.4.LTS\lib\</path>
         <kind>archive</kind>
         <file>rts430x_lc_sd_eabi.lib</file>
         <name>isr_trap.asm.obj</name>
      </input_file>
      <input_file id="fl-45">
         <path>C:\ti\ccs1011\ccs\tools\compiler\ti-cgt-msp430_20.2.4.LTS\lib\</path>
         <kind>archive</kind>
         <file>rts430x_lc_sd_eabi.lib</file>
         <name>lsl16.asm.obj</name>
      </input_file>
      <input_file id="fl-46">
         <path>C:\ti\ccs1011\ccs\tools\compiler\ti-cgt-msp430_20.2.4.LTS\lib\</path>
         <kind>archive</kind>
         <file>rts430x_lc_sd_eabi.lib</file>
         <name>mult16.asm.obj</name>
      </input_file>
      <input_file id="fl-47">
         <path>C:\ti\ccs1011\ccs\tools\compiler\ti-cgt-msp430_20.2.4.LTS\lib\</path>
         <kind>archive</kind>
         <file>rts430x_lc_sd_eabi.lib</file>
         <name>mult32.asm.obj</name>
      </input_file>
      <input_file id="fl-48">
         <path>C:\ti\ccs1011\ccs\tools\compiler\ti-cgt-msp430_20.2.4.LTS\lib\</path>
         <kind>archive</kind>
         <file>rts430x_lc_sd_eabi.lib</file>
         <name>mult64.asm.obj</name>
      </input_file>
      <input_file id="fl-49">
         <path>C:\ti\ccs1011\ccs\tools\compiler\ti-cgt-msp430_20.2.4.LTS\lib\</path>
         <kind>archive</kind>
         <file>rts430x_lc_sd_eabi.lib</file>
         <name>boot.c.obj</name>
      </input_file>
      <input_file id="fl-4a">
         <path>C:\ti\ccs1011\ccs\tools\compiler\ti-cgt-msp430_20.2.4.LTS\lib\</path>
         <kind>archive</kind>
         <file>rts430x_lc_sd_eabi.lib</file>
         <name>autoinit.c.obj</name>
      </input_file>
      <input_file id="fl-4b">
         <path>C:\ti\ccs1011\ccs\tools\compiler\ti-cgt-msp430_20.2.4.LTS\lib\</path>
         <kind>archive</kind>
         <file>rts430x_lc_sd_eabi.lib</file>
         <name>copy_zero_init.c.obj</name>
      </input_file>
      <input_file id="fl-4c">
         <path>C:\ti\ccs1011\ccs\tools\compiler\ti-cgt-msp430_20.2.4.LTS\lib\</path>
         <kind>archive</kind>
         <file>rts430x_lc_sd_eabi.lib</file>
         <name>exit_gvars.c.obj</name>
      </input_file>
      <input_file id="fl-4d">
         <path>C:\ti\ccs1011\ccs\tools\compiler\ti-cgt-msp430_20.2.4.LTS\lib\</path>
         <kind>archive</kind>
         <file>rts430x_lc_sd_eabi.lib</file>
         <name>cpy_tbl.c.obj</name>
      </input_file>
      <input_file id="fl-4e">
         <path>C:\ti\ccs1011\ccs\tools\compiler\ti-cgt-msp430_20.2.4.LTS\lib\</path>
         <kind>archive</kind>
         <file>rts430x_lc_sd_eabi.lib</file>
         <name>mpu_init.c.obj</name>
      </input_file>
      <input_file id="fl-4f">
         <path>C:\ti\ccs1011\ccs\tools\compiler\ti-cgt-msp430_20.2.4.LTS\lib\</path>
         <kind>archive</kind>
         <file>rts430x_lc_sd_eabi.lib</file>
         <name>div64u.c.obj</name>
      </input_file>
      <input_file id="fl-50">
         <path>C:\ti\ccs1011\ccs\tools\compiler\ti-cgt-msp430_20.2.4.LTS\lib\</path>
         <kind>archive</kind>
         <file>rts430x_lc_sd_eabi.lib</file>
         <name>rem64u.c.obj</name>
      </input_file>
      <input_file id="fl-51">
         <path>C:\ti\ccs1011\ccs\tools\compiler\ti-cgt-msp430_20.2.4.LTS\lib\</path>
         <kind>archive</kind>
         <file>rts430x_lc_sd_eabi.lib</file>
         <name>pre_init.c.obj</name>
      </input_file>
      <input_file id="fl-52">
         <path>C:\ti\ccs1011\ccs\tools\compiler\ti-cgt-msp430_20.2.4.LTS\lib\</path>
         <kind>archive</kind>
         <file>rts430x_lc_sd_eabi.lib</file>
         <name>startup.c.obj</name>
      </input_file>
      <input_file id="fl-53">
         <path>C:\ti\ccs1011\ccs\tools\compiler\ti-cgt-msp430_20.2.4.LTS\lib\</path>
         <kind>archive</kind>
         <file>rts430x_lc_sd_eabi.lib</file>
         <name>copy_decompress_none.c.obj</name>
      </input_file>
      <input_file id="fl-54">
         <path>C:\ti\ccs1011\ccs\tools\compiler\ti-cgt-msp430_20.2.4.LTS\lib\</path>
         <kind>archive</kind>
         <file>rts430x_lc_sd_eabi.lib</file>
         <name>copy_decompress_lzss.c.obj</name>
      </input_file>
      <input_file id="fl-55">
         <path>C:\ti\ccs1011\ccs\tools\compiler\ti-cgt-msp430_20.2.4.LTS\lib\</path>
         <kind>archive</kind>
         <file>rts430x_lc_sd_eabi.lib</file>
         <name>cvtfd.c.obj</name>
      </input_file>
      <input_file id="fl-56">
         <path>C:\ti\ccs1011\ccs\tools\compiler\ti-cgt-msp430_20.2.4.LTS\lib\</path>
         <kind>archive</kind>
         <file>rts430x_lc_sd_eabi.lib</file>
         <name>exit.c.obj</name>
      </input_file>
      <input_file id="fl-57">
         <path>C:\ti\ccs1011\ccs\tools\compiler\ti-cgt-msp430_20.2.4.LTS\lib\</path>
         <kind>archive</kind>
         <file>rts430x_lc_sd_eabi.lib</file>
         <name>_lock.c.obj</name>
      </input_file>
      <input_file id="fl-58">
         <path>C:\ti\ccs1011\ccs\tools\compiler\ti-cgt-msp430_20.2.4.LTS\lib\</path>
         <kind>archive</kind>
         <file>rts430x_lc_sd_eabi.lib</file>
         <name>args_main.c.obj</name>
      </input_file>
      <input_file id="fl-59">
         <path>C:\ti\ccs1011\ccs\tools\compiler\ti-cgt-msp430_20.2.4.LTS\lib\</path>
         <kind>archive</kind>
         <file>rts430x_lc_sd_eabi.lib</file>
         <name>defs.c.obj</name>
      </input_file>
      <input_file id="fl-5a">
         <path>C:\ti\ccs1011\ccs\tools\compiler\ti-cgt-msp430_20.2.4.LTS\lib\</path>
         <kind>archive</kind>
         <file>rts430x_lc_sd_eabi.lib</file>
         <name>memchr.c.obj</name>
      </input_file>
      <input_file id="fl-5b">
         <path>C:\ti\ccs1011\ccs\tools\compiler\ti-cgt-msp430_20.2.4.LTS\lib\</path>
         <kind>archive</kind>
         <file>rts430x_lc_sd_eabi.lib</file>
         <name>memcmp.c.obj</name>
      </input_file>
      <input_file id="fl-5c">
         <path>C:\ti\ccs1011\ccs\tools\compiler\ti-cgt-msp430_20.2.4.LTS\lib\</path>
         <kind>archive</kind>
         <file>rts430x_lc_sd_eabi.lib</file>
         <name>memcpy.c.obj</name>
      </input_file>
      <input_file id="fl-5d">
         <path>C:\ti\ccs1011\ccs\tools\compiler\ti-cgt-msp430_20.2.4.LTS\lib\</path>
         <kind>archive</kind>
         <file>rts430x_lc_sd_eabi.lib</file>
         <name>memmov.c.obj</name>
      </input_file>
      <input_file id="fl-5e">
         <path>C:\ti\ccs1011\ccs\tools\compiler\ti-cgt-msp430_20.2.4.LTS\lib\</path>
         <kind>archive</kind>
         <file>rts430x_lc_sd_eabi.lib</file>
         <name>memory.c.obj</name>
      </input_file>
      <input_file id="fl-5f">
         <path>C:\ti\ccs1011\ccs\tools\compiler\ti-cgt-msp430_20.2.4.LTS\lib\</path>
         <kind>archive</kind>
         <file>rts430x_lc_sd_eabi.lib</file>
         <name>memset.c.obj</name>
      </input_file>
      <input_file id="fl-60">
         <path>C:\ti\ccs1011\ccs\tools\compiler\ti-cgt-msp430_20.2.4.LTS\lib\</path>
         <kind>archive</kind>
         <file>rts430x_lc_sd_eabi.lib</file>
         <name>strcmp.c.obj</name>
      </input_file>
      <input_file id="fl-61">
         <path>C:\ti\ccs1011\ccs\tools\compiler\ti-cgt-msp430_20.2.4.LTS\lib\</path>
         <kind>archive</kind>
         <file>rts430x_lc_sd_eabi.lib</file>
         <name>strlen.c.obj</name>
      </input_file>
      <input_file id="fl-62">
         <path>C:\ti\ccs1011\ccs\tools\compiler\ti-cgt-msp430_20.2.4.LTS\lib\</path>
         <kind>archive</kind>
         <file>rts430x_lc_sd_eabi.lib</file>
         <name>strtod.c.obj</name>
      </input_file>
      <input_file id="fl-63">
         <path>C:\ti\ccs1011\ccs\tools\compiler\ti-cgt-msp430_20.2.4.LTS\lib\</path>
         <kind>archive</kind>
         <file>rts430x_lc_sd_eabi.lib</file>
         <name>strtof.c.obj</name>
      </input_file>
      <input_file id="fl-64">
         <path>C:\ti\ccs1011\ccs\tools\compiler\ti-cgt-msp430_20.2.4.LTS\lib\</path>
         <kind>archive</kind>
         <file>rts430x_lc_sd_eabi.lib</file>
         <name>strtol.c.obj</name>
      </input_file>
      <input_file id="fl-65">
         <path>C:\ti\ccs1011\ccs\tools\compiler\ti-cgt-msp430_20.2.4.LTS\lib\</path>
         <kind>archive</kind>
         <file>rts430x_lc_sd_eabi.lib</file>
         <name>strtoll.c.obj</name>
      </input_file>
      <input_file id="fl-66">
         <path>C:\ti\ccs1011\ccs\tools\compiler\ti-cgt-msp430_20.2.4.LTS\lib\</path>
         <kind>archive</kind>
         <file>rts430x_lc_sd_eabi.lib</file>
         <name>strtoul.c.obj</name>
      </input_file>
      <input_file id="fl-67">
         <path>C:\ti\ccs1011\ccs\tools\compiler\ti-cgt-msp430_20.2.4.LTS\lib\</path>
         <kind>archive</kind>
         <file>rts430x_lc_sd_eabi.lib</file>
         <name>strtoull.c.obj</name>
      </input_file>
      <input_file id="fl-68">
         <path>C:\ti\ccs1011\ccs\tools\compiler\ti-cgt-msp430_20.2.4.LTS\lib\</path>
         <kind>archive</kind>
         <file>rts430x_lc_sd_eabi.lib</file>
         <name>toupper.c.obj</name>
      </input_file>
      <input_file id="fl-69">
         <path>C:\ti\ccs1011\ccs\tools\compiler\ti-cgt-msp430_20.2.4.LTS\lib\</path>
         <kind>archive</kind>
         <file>rts430x_lc_sd_eabi.lib</file>
         <name>wctype.c.obj</name>
      </input_file>
      <input_file id="fl-6a">
         <path>C:\ti\ccs1011\ccs\tools\compiler\ti-cgt-msp430_20.2.4.LTS\lib\</path>
         <kind>archive</kind>
         <file>rts430x_lc_sd_eabi.lib</file>
         <name>abs.c.obj</name>
      </input_file>
      <input_file id="fl-6b">
         <path>C:\ti\ccs1011\ccs\tools\compiler\ti-cgt-msp430_20.2.4.LTS\lib\</path>
         <kind>archive</kind>
         <file>rts430x_lc_sd_eabi.lib</file>
         <name>errno.c.obj</name>
      </input_file>
      <input_file id="fl-6c">
         <path>C:\ti\ccs1011\ccs\tools\compiler\ti-cgt-msp430_20.2.4.LTS\lib\</path>
         <kind>archive</kind>
         <file>rts430x_lc_sd_eabi.lib</file>
         <name>s_scalbnf.c.obj</name>
      </input_file>
      <input_file id="fl-6d">
         <path>C:\ti\ccs1011\ccs\tools\compiler\ti-cgt-msp430_20.2.4.LTS\lib\</path>
         <kind>archive</kind>
         <file>rts430x_lc_sd_eabi.lib</file>
         <name>locale_stdlib.c.obj</name>
      </input_file>
      <input_file id="fl-6e">
         <path>C:\ti\ccs1011\ccs\tools\compiler\ti-cgt-msp430_20.2.4.LTS\lib\</path>
         <kind>archive</kind>
         <file>rts430x_lc_sd_eabi.lib</file>
         <name>locale_wchar.c.obj</name>
      </input_file>
      <input_file id="fl-6f">
         <path>C:\ti\ccs1011\ccs\tools\compiler\ti-cgt-msp430_20.2.4.LTS\lib\</path>
         <kind>archive</kind>
         <file>rts430x_lc_sd_eabi.lib</file>
         <name>fprintf.c.obj</name>
      </input_file>
      <input_file id="fl-70">
         <path>C:\ti\ccs1011\ccs\tools\compiler\ti-cgt-msp430_20.2.4.LTS\lib\</path>
         <kind>archive</kind>
         <file>rts430x_lc_sd_eabi.lib</file>
         <name>_printfi_min.c.obj</name>
      </input_file>
      <input_file id="fl-71">
         <path>C:\ti\ccs1011\ccs\tools\compiler\ti-cgt-msp430_20.2.4.LTS\lib\</path>
         <kind>archive</kind>
         <file>rts430x_lc_sd_eabi.lib</file>
         <name>snprintf.c.obj</name>
      </input_file>
      <input_file id="fl-72">
         <path>C:\ti\ccs1011\ccs\tools\compiler\ti-cgt-msp430_20.2.4.LTS\lib\</path>
         <kind>archive</kind>
         <file>rts430x_lc_sd_eabi.lib</file>
         <name>vsnprintf.c.obj</name>
      </input_file>
      <input_file id="fl-73">
         <path>C:\ti\ccs1011\ccs\tools\compiler\ti-cgt-msp430_20.2.4.LTS\lib\</path>
         <kind>archive</kind>
         <file>rts430x_lc_sd_eabi.lib</file>
         <name>fputc.c.obj</name>
      </input_file>
      <input_file id="fl-74">
         <path>C:\ti\ccs1011\ccs\tools\compiler\ti-cgt-msp430_20.2.4.LTS\lib\</path>
         <kind>archive</kind>
         <file>rts430x_lc_sd_eabi.lib</file>
         <name>fputs.c.obj</name>
      </input_file>
      <input_file id="fl-75">
         <path>C:\ti\ccs1011\ccs\tools\compiler\ti-cgt-msp430_20.2.4.LTS\lib\</path>
         <kind>archive</kind>
         <file>rts430x_lc_sd_eabi.lib</file>
         <name>_io_perm.c.obj</name>
      </input_file>
      <input_file id="fl-76">
         <path>C:\ti\ccs1011\ccs\tools\compiler\ti-cgt-msp430_20.2.4.LTS\lib\</path>
         <kind>archive</kind>
         <file>rts430x_lc_sd_eabi.lib</file>
         <name>setvbuf.c.obj</name>
      </input_file>
      <input_file id="fl-77">
         <path>C:\ti\ccs1011\ccs\tools\compiler\ti-cgt-msp430_20.2.4.LTS\lib\</path>
         <kind>archive</kind>
         <file>rts430x_lc_sd_eabi.lib</file>
         <name>s_copysignf.c.obj</name>
      </input_file>
      <input_file id="fl-78">
         <path>C:\ti\ccs1011\ccs\tools\compiler\ti-cgt-msp430_20.2.4.LTS\lib\</path>
         <kind>archive</kind>
         <file>rts430x_lc_sd_eabi.lib</file>
         <name>stdlib_typeinfo.cpp.obj</name>
      </input_file>
      <input_file id="fl-79">
         <path>C:\ti\ccs1011\ccs\tools\compiler\ti-cgt-msp430_20.2.4.LTS\lib\</path>
         <kind>archive</kind>
         <file>rts430x_lc_sd_eabi.lib</file>
         <name>s_scalbn.c.obj</name>
      </input_file>
      <input_file id="fl-7a">
         <path>C:\ti\ccs1011\ccs\tools\compiler\ti-cgt-msp430_20.2.4.LTS\lib\</path>
         <kind>archive</kind>
         <file>rts430x_lc_sd_eabi.lib</file>
         <name>fgetwc.c.obj</name>
      </input_file>
      <input_file id="fl-7b">
         <path>C:\ti\ccs1011\ccs\tools\compiler\ti-cgt-msp430_20.2.4.LTS\lib\</path>
         <kind>archive</kind>
         <file>rts430x_lc_sd_eabi.lib</file>
         <name>fgetws.c.obj</name>
      </input_file>
      <input_file id="fl-7c">
         <path>C:\ti\ccs1011\ccs\tools\compiler\ti-cgt-msp430_20.2.4.LTS\lib\</path>
         <kind>archive</kind>
         <file>rts430x_lc_sd_eabi.lib</file>
         <name>fputws.c.obj</name>
      </input_file>
      <input_file id="fl-7d">
         <path>C:\ti\ccs1011\ccs\tools\compiler\ti-cgt-msp430_20.2.4.LTS\lib\</path>
         <kind>archive</kind>
         <file>rts430x_lc_sd_eabi.lib</file>
         <name>vfwprintf.c.obj</name>
      </input_file>
      <input_file id="fl-7e">
         <path>C:\ti\ccs1011\ccs\tools\compiler\ti-cgt-msp430_20.2.4.LTS\lib\</path>
         <kind>archive</kind>
         <file>rts430x_lc_sd_eabi.lib</file>
         <name>vfwscanf.c.obj</name>
      </input_file>
      <input_file id="fl-7f">
         <path>C:\ti\ccs1011\ccs\tools\compiler\ti-cgt-msp430_20.2.4.LTS\lib\</path>
         <kind>archive</kind>
         <file>rts430x_lc_sd_eabi.lib</file>
         <name>wcscoll.c.obj</name>
      </input_file>
      <input_file id="fl-80">
         <path>C:\ti\ccs1011\ccs\tools\compiler\ti-cgt-msp430_20.2.4.LTS\lib\</path>
         <kind>archive</kind>
         <file>rts430x_lc_sd_eabi.lib</file>
         <name>wcsxfrm.c.obj</name>
      </input_file>
      <input_file id="fl-81">
         <path>C:\ti\ccs1011\ccs\tools\compiler\ti-cgt-msp430_20.2.4.LTS\lib\</path>
         <kind>archive</kind>
         <file>rts430x_lc_sd_eabi.lib</file>
         <name>asr32.asm.obj</name>
      </input_file>
      <input_file id="fl-82">
         <path>C:\ti\ccs1011\ccs\tools\compiler\ti-cgt-msp430_20.2.4.LTS\lib\</path>
         <kind>archive</kind>
         <file>rts430x_lc_sd_eabi.lib</file>
         <name>cpy_util.asm.obj</name>
      </input_file>
      <input_file id="fl-83">
         <path>C:\ti\ccs1011\ccs\tools\compiler\ti-cgt-msp430_20.2.4.LTS\lib\</path>
         <kind>archive</kind>
         <file>rts430x_lc_sd_eabi.lib</file>
         <name>fs_add.asm.obj</name>
      </input_file>
      <input_file id="fl-84">
         <path>C:\ti\ccs1011\ccs\tools\compiler\ti-cgt-msp430_20.2.4.LTS\lib\</path>
         <kind>archive</kind>
         <file>rts430x_lc_sd_eabi.lib</file>
         <name>fs_cmp.asm.obj</name>
      </input_file>
      <input_file id="fl-85">
         <path>C:\ti\ccs1011\ccs\tools\compiler\ti-cgt-msp430_20.2.4.LTS\lib\</path>
         <kind>archive</kind>
         <file>rts430x_lc_sd_eabi.lib</file>
         <name>fs_div.asm.obj</name>
      </input_file>
      <input_file id="fl-86">
         <path>C:\ti\ccs1011\ccs\tools\compiler\ti-cgt-msp430_20.2.4.LTS\lib\</path>
         <kind>archive</kind>
         <file>rts430x_lc_sd_eabi.lib</file>
         <name>fs_mpy.asm.obj</name>
      </input_file>
      <input_file id="fl-87">
         <path>C:\ti\ccs1011\ccs\tools\compiler\ti-cgt-msp430_20.2.4.LTS\lib\</path>
         <kind>archive</kind>
         <file>rts430x_lc_sd_eabi.lib</file>
         <name>fs_neg.asm.obj</name>
      </input_file>
      <input_file id="fl-88">
         <path>C:\ti\ccs1011\ccs\tools\compiler\ti-cgt-msp430_20.2.4.LTS\lib\</path>
         <kind>archive</kind>
         <file>rts430x_lc_sd_eabi.lib</file>
         <name>lsr32.asm.obj</name>
      </input_file>
      <input_file id="fl-89">
         <path>C:\ti\ccs1011\ccs\tools\compiler\ti-cgt-msp430_20.2.4.LTS\lib\</path>
         <kind>archive</kind>
         <file>rts430x_lc_sd_eabi.lib</file>
         <name>mult1632.asm.obj</name>
      </input_file>
      <input_file id="fl-8a">
         <path>C:\ti\ccs1011\ccs\tools\compiler\ti-cgt-msp430_20.2.4.LTS\lib\</path>
         <kind>archive</kind>
         <file>rts430x_lc_sd_eabi.lib</file>
         <name>lsl64.c.obj</name>
      </input_file>
      <input_file id="fl-8b">
         <path>C:\ti\ccs1011\ccs\tools\compiler\ti-cgt-msp430_20.2.4.LTS\lib\</path>
         <kind>archive</kind>
         <file>rts430x_lc_sd_eabi.lib</file>
         <name>lsr64.c.obj</name>
      </input_file>
      <input_file id="fl-8c">
         <path>C:\ti\ccs1011\ccs\tools\compiler\ti-cgt-msp430_20.2.4.LTS\lib\</path>
         <kind>archive</kind>
         <file>rts430x_lc_sd_eabi.lib</file>
         <name>addd.c.obj</name>
      </input_file>
      <input_file id="fl-8d">
         <path>C:\ti\ccs1011\ccs\tools\compiler\ti-cgt-msp430_20.2.4.LTS\lib\</path>
         <kind>archive</kind>
         <file>rts430x_lc_sd_eabi.lib</file>
         <name>cmpd.c.obj</name>
      </input_file>
      <input_file id="fl-8e">
         <path>C:\ti\ccs1011\ccs\tools\compiler\ti-cgt-msp430_20.2.4.LTS\lib\</path>
         <kind>archive</kind>
         <file>rts430x_lc_sd_eabi.lib</file>
         <name>divd.c.obj</name>
      </input_file>
      <input_file id="fl-8f">
         <path>C:\ti\ccs1011\ccs\tools\compiler\ti-cgt-msp430_20.2.4.LTS\lib\</path>
         <kind>archive</kind>
         <file>rts430x_lc_sd_eabi.lib</file>
         <name>frcdivd.c.obj</name>
      </input_file>
      <input_file id="fl-90">
         <path>C:\ti\ccs1011\ccs\tools\compiler\ti-cgt-msp430_20.2.4.LTS\lib\</path>
         <kind>archive</kind>
         <file>rts430x_lc_sd_eabi.lib</file>
         <name>mpyd.c.obj</name>
      </input_file>
      <input_file id="fl-91">
         <path>C:\ti\ccs1011\ccs\tools\compiler\ti-cgt-msp430_20.2.4.LTS\lib\</path>
         <kind>archive</kind>
         <file>rts430x_lc_sd_eabi.lib</file>
         <name>negd.c.obj</name>
      </input_file>
      <input_file id="fl-92">
         <path>C:\ti\ccs1011\ccs\tools\compiler\ti-cgt-msp430_20.2.4.LTS\lib\</path>
         <kind>archive</kind>
         <file>rts430x_lc_sd_eabi.lib</file>
         <name>atof.c.obj</name>
      </input_file>
      <input_file id="fl-93">
         <path>C:\ti\ccs1011\ccs\tools\compiler\ti-cgt-msp430_20.2.4.LTS\lib\</path>
         <kind>archive</kind>
         <file>rts430x_lc_sd_eabi.lib</file>
         <name>atoi.c.obj</name>
      </input_file>
      <input_file id="fl-94">
         <path>C:\ti\ccs1011\ccs\tools\compiler\ti-cgt-msp430_20.2.4.LTS\lib\</path>
         <kind>archive</kind>
         <file>rts430x_lc_sd_eabi.lib</file>
         <name>atol.c.obj</name>
      </input_file>
      <input_file id="fl-95">
         <path>C:\ti\ccs1011\ccs\tools\compiler\ti-cgt-msp430_20.2.4.LTS\lib\</path>
         <kind>archive</kind>
         <file>rts430x_lc_sd_eabi.lib</file>
         <name>atoll.c.obj</name>
      </input_file>
      <input_file id="fl-96">
         <path>C:\ti\ccs1011\ccs\tools\compiler\ti-cgt-msp430_20.2.4.LTS\lib\</path>
         <kind>archive</kind>
         <file>rts430x_lc_sd_eabi.lib</file>
         <name>ctype.c.obj</name>
      </input_file>
      <input_file id="fl-97">
         <path>C:\ti\ccs1011\ccs\tools\compiler\ti-cgt-msp430_20.2.4.LTS\lib\</path>
         <kind>archive</kind>
         <file>rts430x_lc_sd_eabi.lib</file>
         <name>memccpy.c.obj</name>
      </input_file>
      <input_file id="fl-98">
         <path>C:\ti\ccs1011\ccs\tools\compiler\ti-cgt-msp430_20.2.4.LTS\lib\</path>
         <kind>archive</kind>
         <file>rts430x_lc_sd_eabi.lib</file>
         <name>write.c.obj</name>
      </input_file>
      <input_file id="fl-99">
         <path>C:\ti\ccs1011\ccs\tools\compiler\ti-cgt-msp430_20.2.4.LTS\lib\</path>
         <kind>archive</kind>
         <file>rts430x_lc_sd_eabi.lib</file>
         <name>host_device.c.obj</name>
      </input_file>
      <input_file id="fl-9a">
         <path>C:\ti\ccs1011\ccs\tools\compiler\ti-cgt-msp430_20.2.4.LTS\lib\</path>
         <kind>archive</kind>
         <file>rts430x_lc_sd_eabi.lib</file>
         <name>s_copysign.c.obj</name>
      </input_file>
      <input_file id="fl-9b">
         <path>C:\ti\ccs1011\ccs\tools\compiler\ti-cgt-msp430_20.2.4.LTS\lib\</path>
         <kind>archive</kind>
         <file>rts430x_lc_sd_eabi.lib</file>
         <name>vfprintf.c.obj</name>
      </input_file>
      <input_file id="fl-9c">
         <path>C:\ti\ccs1011\ccs\tools\compiler\ti-cgt-msp430_20.2.4.LTS\lib\</path>
         <kind>archive</kind>
         <file>rts430x_lc_sd_eabi.lib</file>
         <name>fscanf.c.obj</name>
      </input_file>
      <input_file id="fl-9d">
         <path>C:\ti\ccs1011\ccs\tools\compiler\ti-cgt-msp430_20.2.4.LTS\lib\</path>
         <kind>archive</kind>
         <file>rts430x_lc_sd_eabi.lib</file>
         <name>fflush.c.obj</name>
      </input_file>
      <input_file id="fl-9e">
         <path>C:\ti\ccs1011\ccs\tools\compiler\ti-cgt-msp430_20.2.4.LTS\lib\</path>
         <kind>archive</kind>
         <file>rts430x_lc_sd_eabi.lib</file>
         <name>fgetc.c.obj</name>
      </input_file>
      <input_file id="fl-9f">
         <path>C:\ti\ccs1011\ccs\tools\compiler\ti-cgt-msp430_20.2.4.LTS\lib\</path>
         <kind>archive</kind>
         <file>rts430x_lc_sd_eabi.lib</file>
         <name>fgets.c.obj</name>
      </input_file>
      <input_file id="fl-a0">
         <path>C:\ti\ccs1011\ccs\tools\compiler\ti-cgt-msp430_20.2.4.LTS\lib\</path>
         <kind>archive</kind>
         <file>rts430x_lc_sd_eabi.lib</file>
         <name>fopen.c.obj</name>
      </input_file>
      <input_file id="fl-a1">
         <path>C:\ti\ccs1011\ccs\tools\compiler\ti-cgt-msp430_20.2.4.LTS\lib\</path>
         <kind>archive</kind>
         <file>rts430x_lc_sd_eabi.lib</file>
         <name>fseek.c.obj</name>
      </input_file>
      <input_file id="fl-a2">
         <path>C:\ti\ccs1011\ccs\tools\compiler\ti-cgt-msp430_20.2.4.LTS\lib\</path>
         <kind>archive</kind>
         <file>rts430x_lc_sd_eabi.lib</file>
         <name>_bufread.c.obj</name>
      </input_file>
      <input_file id="fl-a3">
         <path>C:\ti\ccs1011\ccs\tools\compiler\ti-cgt-msp430_20.2.4.LTS\lib\</path>
         <kind>archive</kind>
         <file>rts430x_lc_sd_eabi.lib</file>
         <name>ungetc.c.obj</name>
      </input_file>
      <input_file id="fl-a4">
         <path>C:\ti\ccs1011\ccs\tools\compiler\ti-cgt-msp430_20.2.4.LTS\lib\</path>
         <kind>archive</kind>
         <file>rts430x_lc_sd_eabi.lib</file>
         <name>stdlib_exception.cpp.obj</name>
      </input_file>
      <input_file id="fl-a5">
         <path>C:\ti\ccs1011\ccs\tools\compiler\ti-cgt-msp430_20.2.4.LTS\lib\</path>
         <kind>archive</kind>
         <file>rts430x_lc_sd_eabi.lib</file>
         <name>lsl32.asm.obj</name>
      </input_file>
      <input_file id="fl-a6">
         <path>C:\ti\ccs1011\ccs\tools\compiler\ti-cgt-msp430_20.2.4.LTS\lib\</path>
         <kind>archive</kind>
         <file>rts430x_lc_sd_eabi.lib</file>
         <name>asr64.c.obj</name>
      </input_file>
      <input_file id="fl-a7">
         <path>C:\ti\ccs1011\ccs\tools\compiler\ti-cgt-msp430_20.2.4.LTS\lib\</path>
         <kind>archive</kind>
         <file>rts430x_lc_sd_eabi.lib</file>
         <name>frcmpyd.c.obj</name>
      </input_file>
      <input_file id="fl-a8">
         <path>C:\ti\ccs1011\ccs\tools\compiler\ti-cgt-msp430_20.2.4.LTS\lib\</path>
         <kind>archive</kind>
         <file>rts430x_lc_sd_eabi.lib</file>
         <name>isspace.c.obj</name>
      </input_file>
      <input_file id="fl-a9">
         <path>C:\ti\ccs1011\ccs\tools\compiler\ti-cgt-msp430_20.2.4.LTS\lib\</path>
         <kind>archive</kind>
         <file>rts430x_lc_sd_eabi.lib</file>
         <name>hostclose.c.obj</name>
      </input_file>
      <input_file id="fl-aa">
         <path>C:\ti\ccs1011\ccs\tools\compiler\ti-cgt-msp430_20.2.4.LTS\lib\</path>
         <kind>archive</kind>
         <file>rts430x_lc_sd_eabi.lib</file>
         <name>hostlseek.c.obj</name>
      </input_file>
      <input_file id="fl-ab">
         <path>C:\ti\ccs1011\ccs\tools\compiler\ti-cgt-msp430_20.2.4.LTS\lib\</path>
         <kind>archive</kind>
         <file>rts430x_lc_sd_eabi.lib</file>
         <name>hostopen.c.obj</name>
      </input_file>
      <input_file id="fl-ac">
         <path>C:\ti\ccs1011\ccs\tools\compiler\ti-cgt-msp430_20.2.4.LTS\lib\</path>
         <kind>archive</kind>
         <file>rts430x_lc_sd_eabi.lib</file>
         <name>hostread.c.obj</name>
      </input_file>
      <input_file id="fl-ad">
         <path>C:\ti\ccs1011\ccs\tools\compiler\ti-cgt-msp430_20.2.4.LTS\lib\</path>
         <kind>archive</kind>
         <file>rts430x_lc_sd_eabi.lib</file>
         <name>hostrename.c.obj</name>
      </input_file>
      <input_file id="fl-ae">
         <path>C:\ti\ccs1011\ccs\tools\compiler\ti-cgt-msp430_20.2.4.LTS\lib\</path>
         <kind>archive</kind>
         <file>rts430x_lc_sd_eabi.lib</file>
         <name>hostunlink.c.obj</name>
      </input_file>
      <input_file id="fl-af">
         <path>C:\ti\ccs1011\ccs\tools\compiler\ti-cgt-msp430_20.2.4.LTS\lib\</path>
         <kind>archive</kind>
         <file>rts430x_lc_sd_eabi.lib</file>
         <name>hostwrite.c.obj</name>
      </input_file>
      <input_file id="fl-b0">
         <path>C:\ti\ccs1011\ccs\tools\compiler\ti-cgt-msp430_20.2.4.LTS\lib\</path>
         <kind>archive</kind>
         <file>rts430x_lc_sd_eabi.lib</file>
         <name>trgmsg.c.obj</name>
      </input_file>
      <input_file id="fl-b1">
         <path>C:\ti\ccs1011\ccs\tools\compiler\ti-cgt-msp430_20.2.4.LTS\lib\</path>
         <kind>archive</kind>
         <file>rts430x_lc_sd_eabi.lib</file>
         <name>read.c.obj</name>
      </input_file>
      <input_file id="fl-b2">
         <path>C:\ti\ccs1011\ccs\tools\compiler\ti-cgt-msp430_20.2.4.LTS\lib\</path>
         <kind>archive</kind>
         <file>rts430x_lc_sd_eabi.lib</file>
         <name>open.c.obj</name>
      </input_file>
      <input_file id="fl-b3">
         <path>C:\ti\ccs1011\ccs\tools\compiler\ti-cgt-msp430_20.2.4.LTS\lib\</path>
         <kind>archive</kind>
         <file>rts430x_lc_sd_eabi.lib</file>
         <name>lseek.c.obj</name>
      </input_file>
      <input_file id="fl-b4">
         <path>C:\ti\ccs1011\ccs\tools\compiler\ti-cgt-msp430_20.2.4.LTS\lib\</path>
         <kind>archive</kind>
         <file>rts430x_lc_sd_eabi.lib</file>
         <name>_scanfi_min.c.obj</name>
      </input_file>
      <input_file id="fl-b5">
         <path>C:\ti\ccs1011\ccs\tools\compiler\ti-cgt-msp430_20.2.4.LTS\lib\</path>
         <kind>archive</kind>
         <file>rts430x_lc_sd_eabi.lib</file>
         <name>fclose.c.obj</name>
      </input_file>
      <input_file id="fl-b6">
         <path>C:\ti\ccs1011\ccs\tools\compiler\ti-cgt-msp430_20.2.4.LTS\lib\</path>
         <kind>archive</kind>
         <file>rts430x_lc_sd_eabi.lib</file>
         <name>getdevice.c.obj</name>
      </input_file>
      <input_file id="fl-b7">
         <path>C:\ti\ccs1011\ccs\tools\compiler\ti-cgt-msp430_20.2.4.LTS\lib\</path>
         <kind>archive</kind>
         <file>rts430x_lc_sd_eabi.lib</file>
         <name>mult3264.asm.obj</name>
      </input_file>
      <input_file id="fl-b8">
         <path>C:\ti\ccs1011\ccs\tools\compiler\ti-cgt-msp430_20.2.4.LTS\lib\</path>
         <kind>archive</kind>
         <file>rts430x_lc_sd_eabi.lib</file>
         <name>isxdigit.c.obj</name>
      </input_file>
      <input_file id="fl-b9">
         <path>C:\ti\ccs1011\ccs\tools\compiler\ti-cgt-msp430_20.2.4.LTS\lib\</path>
         <kind>archive</kind>
         <file>rts430x_lc_sd_eabi.lib</file>
         <name>strchr.c.obj</name>
      </input_file>
      <input_file id="fl-ba">
         <path>C:\ti\ccs1011\ccs\tools\compiler\ti-cgt-msp430_20.2.4.LTS\lib\</path>
         <kind>archive</kind>
         <file>rts430x_lc_sd_eabi.lib</file>
         <name>strcpy.c.obj</name>
      </input_file>
      <input_file id="fl-bb">
         <path>C:\ti\ccs1011\ccs\tools\compiler\ti-cgt-msp430_20.2.4.LTS\lib\</path>
         <kind>archive</kind>
         <file>rts430x_lc_sd_eabi.lib</file>
         <name>strncpy.c.obj</name>
      </input_file>
      <input_file id="fl-bc">
         <path>C:\ti\ccs1011\ccs\tools\compiler\ti-cgt-msp430_20.2.4.LTS\lib\</path>
         <kind>archive</kind>
         <file>rts430x_lc_sd_eabi.lib</file>
         <name>remove.c.obj</name>
      </input_file>
      <input_file id="fl-bd">
         <path>C:\ti\ccs1011\ccs\tools\compiler\ti-cgt-msp430_20.2.4.LTS\lib\</path>
         <kind>archive</kind>
         <file>rts430x_lc_sd_eabi.lib</file>
         <name>close.c.obj</name>
      </input_file>
      <input_file id="fl-be">
         <path>C:\ti\ccs1011\ccs\tools\compiler\ti-cgt-msp430_20.2.4.LTS\lib\</path>
         <kind>archive</kind>
         <file>rts430x_lc_sd_eabi.lib</file>
         <name>unlink.c.obj</name>
      </input_file>
   </input_file_list>
   <object_component_list>
      <object_component id="oc-83b">
         <name>.cinit..data.load</name>
         <load_address>0xc400</load_address>
         <run_address>0xc400</run_address>
         <size>0x32</size>
      </object_component>
      <object_component id="oc-838">
         <name>__TI_handler_table</name>
         <load_address>0xc434</load_address>
         <run_address>0xc434</run_address>
         <size>0xc</size>
      </object_component>
      <object_component id="oc-83a">
         <name>.cinit..bss.load</name>
         <load_address>0xc440</load_address>
         <run_address>0xc440</run_address>
         <size>0x6</size>
      </object_component>
      <object_component id="oc-839">
         <name>__TI_cinit_table</name>
         <load_address>0xc446</load_address>
         <run_address>0xc446</run_address>
         <size>0x10</size>
      </object_component>
      <object_component id="oc-7d0">
         <name>.binit</name>
         <load_address>0xc456</load_address>
         <run_address>0xc456</run_address>
         <size>0x0</size>
      </object_component>
      <object_component id="oc-27b">
         <name>.init_array</name>
         <load_address>0xc456</load_address>
         <run_address>0xc456</run_address>
         <size>0x4</size>
         <input_file_ref idref="fl-3"/>
      </object_component>
      <object_component id="oc-83c">
         <name>__TI_INITARRAY_Limit</name>
         <load_address>0xc45a</load_address>
         <run_address>0xc45a</run_address>
         <size>0x0</size>
      </object_component>
      <object_component id="oc-5e0">
         <name>.const:.string:LOGO</name>
         <load_address>0xc45a</load_address>
         <run_address>0xc45a</run_address>
         <size>0xc0</size>
         <input_file_ref idref="fl-3"/>
      </object_component>
      <object_component id="oc-309">
         <name>.const:.string</name>
         <load_address>0xc51a</load_address>
         <run_address>0xc51a</run_address>
         <size>0x64</size>
         <input_file_ref idref="fl-6"/>
      </object_component>
      <object_component id="oc-36e">
         <name>.const:.string</name>
         <load_address>0xc57e</load_address>
         <run_address>0xc57e</run_address>
         <size>0x56</size>
         <input_file_ref idref="fl-3"/>
      </object_component>
      <object_component id="oc-37c">
         <name>.const:.string:_ZZNSt3__29allocatorIcE8allocateEjPKvEs</name>
         <load_address>0xc5d4</load_address>
         <run_address>0xc5d4</run_address>
         <size>0x44</size>
         <input_file_ref idref="fl-3"/>
      </object_component>
      <object_component id="oc-7bd">
         <name>.const:.typeinfo:_ZTSN10__cxxabiv120__si_class_type_infoE</name>
         <load_address>0xc618</load_address>
         <run_address>0xc618</run_address>
         <size>0x25</size>
         <input_file_ref idref="fl-24"/>
      </object_component>
      <object_component id="oc-786">
         <name>.const:.typeinfo:_ZTSN10__cxxabiv117__class_type_infoE</name>
         <load_address>0xc63e</load_address>
         <run_address>0xc63e</run_address>
         <size>0x22</size>
         <input_file_ref idref="fl-24"/>
      </object_component>
      <object_component id="oc-4f3">
         <name>.const:_ZTV6ST7920</name>
         <load_address>0xc660</load_address>
         <run_address>0xc660</run_address>
         <size>0x10</size>
         <input_file_ref idref="fl-5"/>
      </object_component>
      <object_component id="oc-6f5">
         <name>.const:_ZTVN10__cxxabiv117__class_type_infoE</name>
         <load_address>0xc670</load_address>
         <run_address>0xc670</run_address>
         <size>0x10</size>
         <input_file_ref idref="fl-24"/>
      </object_component>
      <object_component id="oc-781">
         <name>.const:_ZTVN10__cxxabiv120__si_class_type_infoE</name>
         <load_address>0xc680</load_address>
         <run_address>0xc680</run_address>
         <size>0x10</size>
         <input_file_ref idref="fl-24"/>
      </object_component>
      <object_component id="oc-532">
         <name>.const:.string:_ZZNKSt3__221__basic_string_commonILb1EE20__throw_length_errorEvEs</name>
         <load_address>0xc690</load_address>
         <run_address>0xc690</run_address>
         <size>0xd</size>
         <input_file_ref idref="fl-22"/>
      </object_component>
      <object_component id="oc-7b5">
         <name>.const:.typeinfo:_ZTSSt9type_info</name>
         <load_address>0xc69e</load_address>
         <run_address>0xc69e</run_address>
         <size>0xd</size>
         <input_file_ref idref="fl-78"/>
      </object_component>
      <object_component id="oc-6fa">
         <name>.const:.typeinfo:_ZTS6ST7920</name>
         <load_address>0xc6ac</load_address>
         <run_address>0xc6ac</run_address>
         <size>0x8</size>
         <input_file_ref idref="fl-5"/>
      </object_component>
      <object_component id="oc-6ab">
         <name>.const:$P$T33$4</name>
         <load_address>0xc6b4</load_address>
         <run_address>0xc6b4</run_address>
         <size>0x6</size>
         <input_file_ref idref="fl-22"/>
      </object_component>
      <object_component id="oc-758">
         <name>.const:.typeinfo:_ZTIN10__cxxabiv117__class_type_infoE</name>
         <load_address>0xc6ba</load_address>
         <run_address>0xc6ba</run_address>
         <size>0x6</size>
         <input_file_ref idref="fl-24"/>
      </object_component>
      <object_component id="oc-7a4">
         <name>.const:.typeinfo:_ZTIN10__cxxabiv120__si_class_type_infoE</name>
         <load_address>0xc6c0</load_address>
         <run_address>0xc6c0</run_address>
         <size>0x6</size>
         <input_file_ref idref="fl-24"/>
      </object_component>
      <object_component id="oc-618">
         <name>.const:.typeinfo:_ZTI6ST7920</name>
         <load_address>0xc6c6</load_address>
         <run_address>0xc6c6</run_address>
         <size>0x4</size>
         <input_file_ref idref="fl-5"/>
      </object_component>
      <object_component id="oc-78b">
         <name>.const:.typeinfo:_ZTISt9type_info</name>
         <load_address>0xc6ca</load_address>
         <run_address>0xc6ca</run_address>
         <size>0x4</size>
         <input_file_ref idref="fl-78"/>
      </object_component>
      <object_component id="oc-3e4">
         <name>.text:_ZN5Pages11ConnectWifiEiPKc</name>
         <load_address>0xc6ce</load_address>
         <run_address>0xc6ce</run_address>
         <size>0x332</size>
         <input_file_ref idref="fl-3"/>
      </object_component>
      <object_component id="oc-2e7">
         <name>.text:__sti___9_Pages_cpp_ST7920</name>
         <load_address>0xca00</load_address>
         <run_address>0xca00</run_address>
         <size>0x248</size>
         <input_file_ref idref="fl-3"/>
      </object_component>
      <object_component id="oc-303">
         <name>.text:_ZN5UTILS7toASCIIEj</name>
         <load_address>0xcc48</load_address>
         <run_address>0xcc48</run_address>
         <size>0x220</size>
         <input_file_ref idref="fl-6"/>
      </object_component>
      <object_component id="oc-3f0">
         <name>.text:_ZN5Pages8MainMenuEib</name>
         <load_address>0xce68</load_address>
         <run_address>0xce68</run_address>
         <size>0x1cc</size>
         <input_file_ref idref="fl-3"/>
      </object_component>
      <object_component id="oc-3ea">
         <name>.text:_ZN5Pages8SettingsEib</name>
         <load_address>0xd034</load_address>
         <run_address>0xd034</run_address>
         <size>0x1c8</size>
         <input_file_ref idref="fl-3"/>
      </object_component>
      <object_component id="oc-742">
         <name>.text:_ZNSt3__212basic_stringIcNS_11char_traitsIcEENS_9allocatorIcEEE21__grow_by_and_replaceEjjjjjjPKc</name>
         <load_address>0xd1fc</load_address>
         <run_address>0xd1fc</run_address>
         <size>0x106</size>
         <input_file_ref idref="fl-22"/>
      </object_component>
      <object_component id="oc-29f">
         <name>.text:_isr:_Z17Port_1_IntHandlerv</name>
         <load_address>0xd302</load_address>
         <run_address>0xd302</run_address>
         <size>0xfc</size>
         <input_file_ref idref="fl-6"/>
      </object_component>
      <object_component id="oc-673">
         <name>.text:aligned_alloc</name>
         <load_address>0xd3fe</load_address>
         <run_address>0xd3fe</run_address>
         <size>0xf0</size>
         <input_file_ref idref="fl-5e"/>
      </object_component>
      <object_component id="oc-64">
         <name>.text:decompress:lzss:__TI_decompress_lzss</name>
         <load_address>0xd4ee</load_address>
         <run_address>0xd4ee</run_address>
         <size>0xee</size>
         <input_file_ref idref="fl-54"/>
      </object_component>
      <object_component id="oc-3de">
         <name>.text:_ZN5Pages11SendMessageEPKc</name>
         <load_address>0xd5dc</load_address>
         <run_address>0xd5dc</run_address>
         <size>0xda</size>
         <input_file_ref idref="fl-3"/>
      </object_component>
      <object_component id="oc-680">
         <name>.text:free</name>
         <load_address>0xd6b6</load_address>
         <run_address>0xd6b6</run_address>
         <size>0xd2</size>
         <input_file_ref idref="fl-5e"/>
      </object_component>
      <object_component id="oc-314">
         <name>.text:_ZN5Pages6PickerEjb</name>
         <load_address>0xd788</load_address>
         <run_address>0xd788</run_address>
         <size>0xc6</size>
         <input_file_ref idref="fl-3"/>
      </object_component>
      <object_component id="oc-5a6">
         <name>.text:_ZN6ST792010SendStringEiiNSt3__212basic_stringIcNS0_11char_traitsIcEENS0_9allocatorIcEEEE</name>
         <load_address>0xd84e</load_address>
         <run_address>0xd84e</run_address>
         <size>0xaa</size>
         <input_file_ref idref="fl-5"/>
      </object_component>
      <object_component id="oc-6a4">
         <name>.text:_ZNSt3__212basic_stringIcNS_11char_traitsIcEENS_9allocatorIcEEE6appendEPKcj</name>
         <load_address>0xd8f8</load_address>
         <run_address>0xd8f8</run_address>
         <size>0x98</size>
         <input_file_ref idref="fl-22"/>
      </object_component>
      <object_component id="oc-4d7">
         <name>.text:__TI_auto_init_nobinit_hold_wdt:__TI_auto_init_nobinit_hold_wdt</name>
         <load_address>0xd990</load_address>
         <run_address>0xd990</run_address>
         <size>0x84</size>
         <input_file_ref idref="fl-4a"/>
      </object_component>
      <object_component id="oc-5e3">
         <name>.text:_ZN6ST79209drawImageEPKciiii</name>
         <load_address>0xda14</load_address>
         <run_address>0xda14</run_address>
         <size>0x82</size>
         <input_file_ref idref="fl-5"/>
      </object_component>
      <object_component id="oc-4a0">
         <name>.text:_ZN5Pages5IntroEv</name>
         <load_address>0xda96</load_address>
         <run_address>0xda96</run_address>
         <size>0x6c</size>
         <input_file_ref idref="fl-3"/>
      </object_component>
      <object_component id="oc-72d">
         <name>.text:split</name>
         <load_address>0xdb02</load_address>
         <run_address>0xdb02</run_address>
         <size>0x68</size>
         <input_file_ref idref="fl-5e"/>
      </object_component>
      <object_component id="oc-6ac">
         <name>.text:_ZNSt3__212basic_stringIcNS_11char_traitsIcEENS_9allocatorIcEEE6__initEPKcj</name>
         <load_address>0xdb6a</load_address>
         <run_address>0xdb6a</run_address>
         <size>0x5a</size>
         <input_file_ref idref="fl-22"/>
      </object_component>
      <object_component id="oc-6cc">
         <name>.text:_ZN6ST79206gotoXYEii</name>
         <load_address>0xdbc4</load_address>
         <run_address>0xdbc4</run_address>
         <size>0x58</size>
         <input_file_ref idref="fl-5"/>
      </object_component>
      <object_component id="oc-5da">
         <name>.text:_ZN6ST792011GraphicModeEi</name>
         <load_address>0xdc1c</load_address>
         <run_address>0xdc1c</run_address>
         <size>0x56</size>
         <input_file_ref idref="fl-5"/>
      </object_component>
      <object_component id="oc-69d">
         <name>.text:_ZN6ST792011sendCommandEh</name>
         <load_address>0xdc72</load_address>
         <run_address>0xdc72</run_address>
         <size>0x52</size>
         <input_file_ref idref="fl-5"/>
      </object_component>
      <object_component id="oc-48e">
         <name>.text:_ZN5UTILS9init_gpioEv</name>
         <load_address>0xdcc4</load_address>
         <run_address>0xdcc4</run_address>
         <size>0x48</size>
         <input_file_ref idref="fl-6"/>
      </object_component>
      <object_component id="oc-4b3">
         <name>.text:exit</name>
         <load_address>0xdd0c</load_address>
         <run_address>0xdd0c</run_address>
         <size>0x48</size>
         <input_file_ref idref="fl-56"/>
      </object_component>
      <object_component id="oc-6b3">
         <name>.text:_ZN6ST79208sendDataEh</name>
         <load_address>0xdd54</load_address>
         <run_address>0xdd54</run_address>
         <size>0x46</size>
         <input_file_ref idref="fl-5"/>
      </object_component>
      <object_component id="oc-518">
         <name>.text:_Z25__add_destruction_to_listPP20a_needed_destructionPFYvPvES2_S2_</name>
         <load_address>0xdd9a</load_address>
         <run_address>0xdd9a</run_address>
         <size>0x44</size>
         <input_file_ref idref="fl-23"/>
      </object_component>
      <object_component id="oc-31a">
         <name>.text:_ZN5Pages6TypingEjPKc</name>
         <load_address>0xddde</load_address>
         <run_address>0xddde</run_address>
         <size>0x44</size>
         <input_file_ref idref="fl-3"/>
      </object_component>
      <object_component id="oc-5d3">
         <name>.text:_ZN6ST79204initEv</name>
         <load_address>0xde22</load_address>
         <run_address>0xde22</run_address>
         <size>0x42</size>
         <input_file_ref idref="fl-5"/>
      </object_component>
      <object_component id="oc-2a5">
         <name>.text:_isr:_Z7ADC_ISRv</name>
         <load_address>0xde64</load_address>
         <run_address>0xde64</run_address>
         <size>0x42</size>
         <input_file_ref idref="fl-6"/>
      </object_component>
      <object_component id="oc-28e">
         <name>.text:__memcpy_far</name>
         <load_address>0xdea6</load_address>
         <run_address>0xdea6</run_address>
         <size>0x40</size>
         <input_file_ref idref="fl-82"/>
      </object_component>
      <object_component id="oc-70a">
         <name>.text:_Z23__finalize_destructionsPP20a_needed_destructionPv</name>
         <load_address>0xdee6</load_address>
         <run_address>0xdee6</run_address>
         <size>0x3e</size>
         <input_file_ref idref="fl-23"/>
      </object_component>
      <object_component id="oc-2ab">
         <name>.text:decompress:ZI:__TI_zero_init_nomemset:__TI_zero_init_nomemset</name>
         <load_address>0xdf24</load_address>
         <run_address>0xdf24</run_address>
         <size>0x3e</size>
         <input_file_ref idref="fl-4b"/>
      </object_component>
      <object_component id="oc-6a">
         <name>.text:decompress:none:__TI_decompress_none</name>
         <load_address>0xdf62</load_address>
         <run_address>0xdf62</run_address>
         <size>0x3c</size>
         <input_file_ref idref="fl-53"/>
      </object_component>
      <object_component id="oc-59f">
         <name>.text:_ZNSt3__212basic_stringIcNS_11char_traitsIcEENS_9allocatorIcEEEC1ERKS5_</name>
         <load_address>0xdf9e</load_address>
         <run_address>0xdf9e</run_address>
         <size>0x3a</size>
         <input_file_ref idref="fl-22"/>
      </object_component>
      <object_component id="oc-6bf">
         <name>.text:_ZN3SPI4initEv</name>
         <load_address>0xdfd8</load_address>
         <run_address>0xdfd8</run_address>
         <size>0x34</size>
         <input_file_ref idref="fl-4"/>
      </object_component>
      <object_component id="oc-331">
         <name>.text:main</name>
         <load_address>0xe00c</load_address>
         <run_address>0xe00c</run_address>
         <size>0x2c</size>
         <input_file_ref idref="fl-2"/>
      </object_component>
      <object_component id="oc-5b2">
         <name>.text</name>
         <load_address>0xe038</load_address>
         <run_address>0xe038</run_address>
         <size>0x2c</size>
         <input_file_ref idref="fl-35"/>
      </object_component>
      <object_component id="oc-727">
         <name>.text:free_list_insert</name>
         <load_address>0xe064</load_address>
         <run_address>0xe064</run_address>
         <size>0x28</size>
         <input_file_ref idref="fl-5e"/>
      </object_component>
      <object_component id="oc-35f">
         <name>.text:_ZN33_INTERNAL_11_dtor_list_c_14e673d611__TI_atexitEPFYvPvES0_S0_</name>
         <load_address>0xe08c</load_address>
         <run_address>0xe08c</run_address>
         <size>0x26</size>
         <input_file_ref idref="fl-23"/>
      </object_component>
      <object_component id="oc-494">
         <name>.text:_ZN5UTILS13configure_adcEv</name>
         <load_address>0xe0b2</load_address>
         <run_address>0xe0b2</run_address>
         <size>0x26</size>
         <input_file_ref idref="fl-6"/>
      </object_component>
      <object_component id="oc-388">
         <name>.text:_Znwj</name>
         <load_address>0xe0d8</load_address>
         <run_address>0xe0d8</run_address>
         <size>0x24</size>
         <input_file_ref idref="fl-21"/>
      </object_component>
      <object_component id="oc-4a6">
         <name>.text:_ZN5UTILS8checkADCEv</name>
         <load_address>0xe0fc</load_address>
         <run_address>0xe0fc</run_address>
         <size>0x1e</size>
         <input_file_ref idref="fl-6"/>
      </object_component>
      <object_component id="oc-2bd">
         <name>.text:_isr:_c_int00_noargs</name>
         <load_address>0xe11a</load_address>
         <run_address>0xe11a</run_address>
         <size>0x1c</size>
         <input_file_ref idref="fl-49"/>
      </object_component>
      <object_component id="oc-721">
         <name>.text:free_list_remove</name>
         <load_address>0xe136</load_address>
         <run_address>0xe136</run_address>
         <size>0x1c</size>
         <input_file_ref idref="fl-5e"/>
      </object_component>
      <object_component id="oc-598">
         <name>.text:_ZNSt3__212basic_stringIcNS_11char_traitsIcEENS_9allocatorIcEEE6appendEPKc</name>
         <load_address>0xe152</load_address>
         <run_address>0xe152</run_address>
         <size>0x1a</size>
         <input_file_ref idref="fl-22"/>
      </object_component>
      <object_component id="oc-394">
         <name>.text:_ZNSt3__212basic_stringIcNS_11char_traitsIcEENS_9allocatorIcEEED1Ev</name>
         <load_address>0xe16c</load_address>
         <run_address>0xe16c</run_address>
         <size>0x18</size>
         <input_file_ref idref="fl-22"/>
      </object_component>
      <object_component id="oc-30a">
         <name>.text:strcmp</name>
         <load_address>0xe184</load_address>
         <run_address>0xe184</run_address>
         <size>0x18</size>
         <input_file_ref idref="fl-60"/>
      </object_component>
      <object_component id="oc-7af">
         <name>.text:_ZN10__cxxabiv120__si_class_type_infoD0Ev</name>
         <load_address>0xe19c</load_address>
         <run_address>0xe19c</run_address>
         <size>0x16</size>
         <input_file_ref idref="fl-24"/>
      </object_component>
      <object_component id="oc-3fc">
         <name>.text:_ZN5UTILS8delay_msEj</name>
         <load_address>0xe1b2</load_address>
         <run_address>0xe1b2</run_address>
         <size>0x16</size>
         <input_file_ref idref="fl-6"/>
      </object_component>
      <object_component id="oc-3f6">
         <name>.text</name>
         <load_address>0xe1c8</load_address>
         <run_address>0xe1c8</run_address>
         <size>0x16</size>
         <input_file_ref idref="fl-36"/>
      </object_component>
      <object_component id="oc-763">
         <name>.text:_ZN10__cxxabiv117__class_type_infoD0Ev</name>
         <load_address>0xe1de</load_address>
         <run_address>0xe1de</run_address>
         <size>0x14</size>
         <input_file_ref idref="fl-24"/>
      </object_component>
      <object_component id="oc-735">
         <name>.text:_ZN3SPI5setCSEb</name>
         <load_address>0xe1f2</load_address>
         <run_address>0xe1f2</run_address>
         <size>0x14</size>
         <input_file_ref idref="fl-4"/>
      </object_component>
      <object_component id="oc-73b">
         <name>.text:_ZN3SPI5writeEh</name>
         <load_address>0xe206</load_address>
         <run_address>0xe206</run_address>
         <size>0x14</size>
         <input_file_ref idref="fl-4"/>
      </object_component>
      <object_component id="oc-592">
         <name>.text:_ZN6ST792010fillScreenEh</name>
         <load_address>0xe21a</load_address>
         <run_address>0xe21a</run_address>
         <size>0x14</size>
         <input_file_ref idref="fl-5"/>
      </object_component>
      <object_component id="oc-368">
         <name>.text:memset</name>
         <load_address>0xe22e</load_address>
         <run_address>0xe22e</run_address>
         <size>0x14</size>
         <input_file_ref idref="fl-5f"/>
      </object_component>
      <object_component id="oc-6d2">
         <name>.text</name>
         <load_address>0xe242</load_address>
         <run_address>0xe242</run_address>
         <size>0x14</size>
         <input_file_ref idref="fl-46"/>
      </object_component>
      <object_component id="oc-38e">
         <name>.text:memcpy</name>
         <load_address>0xe256</load_address>
         <run_address>0xe256</run_address>
         <size>0x12</size>
         <input_file_ref idref="fl-5c"/>
      </object_component>
      <object_component id="oc-75d">
         <name>.text:_ZN10__cxxabiv117__class_type_infoD1Ev</name>
         <load_address>0xe268</load_address>
         <run_address>0xe268</run_address>
         <size>0xe</size>
         <input_file_ref idref="fl-24"/>
      </object_component>
      <object_component id="oc-7a9">
         <name>.text:_ZN10__cxxabiv120__si_class_type_infoD1Ev</name>
         <load_address>0xe276</load_address>
         <run_address>0xe276</run_address>
         <size>0xe</size>
         <input_file_ref idref="fl-24"/>
      </object_component>
      <object_component id="oc-36f">
         <name>.text:strlen</name>
         <load_address>0xe284</load_address>
         <run_address>0xe284</run_address>
         <size>0xe</size>
         <input_file_ref idref="fl-61"/>
      </object_component>
      <object_component id="oc-49a">
         <name>.text:_ZN5Pages10InitializeEv</name>
         <load_address>0xe292</load_address>
         <run_address>0xe292</run_address>
         <size>0xa</size>
         <input_file_ref idref="fl-3"/>
      </object_component>
      <object_component id="oc-54f">
         <name>.text:_ZdlPv</name>
         <load_address>0xe29c</load_address>
         <run_address>0xe29c</run_address>
         <size>0xa</size>
         <input_file_ref idref="fl-21"/>
      </object_component>
      <object_component id="oc-648">
         <name>.text:__cxa_ia64_exit</name>
         <load_address>0xe2a6</load_address>
         <run_address>0xe2a6</run_address>
         <size>0xa</size>
         <input_file_ref idref="fl-23"/>
      </object_component>
      <object_component id="oc-2fe">
         <name>.text</name>
         <load_address>0xe2b0</load_address>
         <run_address>0xe2b0</run_address>
         <size>0xa</size>
         <input_file_ref idref="fl-45"/>
      </object_component>
      <object_component id="oc-350">
         <name>.text:_ZN6ST7920C1Ev</name>
         <load_address>0xe2ba</load_address>
         <run_address>0xe2ba</run_address>
         <size>0x8</size>
         <input_file_ref idref="fl-5"/>
      </object_component>
      <object_component id="oc-61d">
         <name>.text:_ZN6ST7920D0Ev</name>
         <load_address>0xe2c2</load_address>
         <run_address>0xe2c2</run_address>
         <size>0x8</size>
         <input_file_ref idref="fl-5"/>
      </object_component>
      <object_component id="oc-375">
         <name>.text:_ZNKSt3__221__basic_string_commonILb1EE20__throw_length_errorEv</name>
         <load_address>0xe2ca</load_address>
         <run_address>0xe2ca</run_address>
         <size>0x8</size>
         <input_file_ref idref="fl-22"/>
      </object_component>
      <object_component id="oc-29a">
         <name>.text:_isr:__TI_ISR_TRAP</name>
         <load_address>0xe2d2</load_address>
         <run_address>0xe2d2</run_address>
         <size>0x8</size>
         <input_file_ref idref="fl-44"/>
      </object_component>
      <object_component id="oc-53c">
         <name>.text:malloc</name>
         <load_address>0xe2da</load_address>
         <run_address>0xe2da</run_address>
         <size>0x8</size>
         <input_file_ref idref="fl-5e"/>
      </object_component>
      <object_component id="oc-381">
         <name>.text:_ZNSt3__220__throw_length_errorEPKc</name>
         <load_address>0xe2e2</load_address>
         <run_address>0xe2e2</run_address>
         <size>0x6</size>
         <input_file_ref idref="fl-3"/>
      </object_component>
      <object_component id="oc-4ad">
         <name>.text:abort</name>
         <load_address>0xe2e8</load_address>
         <run_address>0xe2e8</run_address>
         <size>0x6</size>
         <input_file_ref idref="fl-56"/>
      </object_component>
      <object_component id="oc-6ff">
         <name>.text:_ZdlPvj</name>
         <load_address>0xe2ee</load_address>
         <run_address>0xe2ee</run_address>
         <size>0x4</size>
         <input_file_ref idref="fl-21"/>
      </object_component>
      <object_component id="oc-32b">
         <name>.text:_system_pre_init</name>
         <load_address>0xe2f2</load_address>
         <run_address>0xe2f2</run_address>
         <size>0x4</size>
         <input_file_ref idref="fl-51"/>
      </object_component>
      <object_component id="oc-356">
         <name>.text:_ZN6ST7920D1Ev</name>
         <load_address>0xe2f6</load_address>
         <run_address>0xe2f6</run_address>
         <size>0x2</size>
         <input_file_ref idref="fl-5"/>
      </object_component>
      <object_component id="oc-790">
         <name>.text:_ZNSt9type_infoD1Ev</name>
         <load_address>0xe2f8</load_address>
         <run_address>0xe2f8</run_address>
         <size>0x2</size>
         <input_file_ref idref="fl-78"/>
      </object_component>
      <object_component id="oc-63d">
         <name>.text:_nop</name>
         <load_address>0xe2fa</load_address>
         <run_address>0xe2fa</run_address>
         <size>0x2</size>
         <input_file_ref idref="fl-57"/>
      </object_component>
      <object_component id="oc-5f7">
         <name>.text:_system_post_cinit</name>
         <load_address>0xe2fc</load_address>
         <run_address>0xe2fc</run_address>
         <size>0x2</size>
         <input_file_ref idref="fl-52"/>
      </object_component>
      <object_component id="oc-34d">
         <name>.bss:ST7920</name>
         <uninitialized>true</uninitialized>
         <run_address>0x20de</run_address>
         <size>0x4</size>
         <input_file_ref idref="fl-3"/>
      </object_component>
      <object_component id="oc-365">
         <name>.bss:SSID</name>
         <uninitialized>true</uninitialized>
         <run_address>0x20d2</run_address>
         <size>0x6</size>
         <input_file_ref idref="fl-3"/>
      </object_component>
      <object_component id="oc-39b">
         <name>.bss:PSWD</name>
         <uninitialized>true</uninitialized>
         <run_address>0x20cc</run_address>
         <size>0x6</size>
         <input_file_ref idref="fl-3"/>
      </object_component>
      <object_component id="oc-39e">
         <name>.bss:TEXT</name>
         <uninitialized>true</uninitialized>
         <run_address>0x20d8</run_address>
         <size>0x6</size>
         <input_file_ref idref="fl-3"/>
      </object_component>
      <object_component id="oc-542">
         <name>.bss</name>
         <uninitialized>true</uninitialized>
         <run_address>0x20e2</run_address>
         <size>0x4</size>
         <input_file_ref idref="fl-21"/>
      </object_component>
      <object_component id="oc-71e">
         <name>.bss</name>
         <uninitialized>true</uninitialized>
         <run_address>0x20e6</run_address>
         <size>0x2</size>
         <input_file_ref idref="fl-5e"/>
      </object_component>
      <object_component id="oc-310">
         <name>.common:Pages</name>
         <uninitialized>true</uninitialized>
         <run_address>0x20ea</run_address>
         <size>0x1</size>
      </object_component>
      <object_component id="oc-3fb">
         <name>.common:UTILS</name>
         <uninitialized>true</uninitialized>
         <run_address>0x20eb</run_address>
         <size>0x1</size>
      </object_component>
      <object_component id="oc-35c">
         <name>.common:__dso_handle</name>
         <uninitialized>true</uninitialized>
         <run_address>0x20e8</run_address>
         <size>0x2</size>
      </object_component>
      <object_component id="oc-3db">
         <name>.data</name>
         <load_address>0x20ac</load_address>
         <run_address>0x20ac</run_address>
         <size>0x4</size>
         <input_file_ref idref="fl-3"/>
      </object_component>
      <object_component id="oc-5b7">
         <name>.data:picker_MainMenu</name>
         <load_address>0x20a6</load_address>
         <run_address>0x20a6</run_address>
         <size>0x6</size>
         <input_file_ref idref="fl-3"/>
      </object_component>
      <object_component id="oc-5ae">
         <name>.data:picker_Settings</name>
         <load_address>0x20c0</load_address>
         <run_address>0x20c0</run_address>
         <size>0x4</size>
         <input_file_ref idref="fl-3"/>
      </object_component>
      <object_component id="oc-6c6">
         <name>.data</name>
         <load_address>0x20c4</load_address>
         <run_address>0x20c4</run_address>
         <size>0x2</size>
         <input_file_ref idref="fl-5"/>
      </object_component>
      <object_component id="oc-2fb">
         <name>.data</name>
         <load_address>0x20a0</load_address>
         <run_address>0x20a0</run_address>
         <size>0x6</size>
         <input_file_ref idref="fl-6"/>
      </object_component>
      <object_component id="oc-515">
         <name>.data</name>
         <load_address>0x20c6</load_address>
         <run_address>0x20c6</run_address>
         <size>0x2</size>
         <input_file_ref idref="fl-23"/>
      </object_component>
      <object_component id="oc-5f2">
         <name>.data:__TI_cleanup_ptr</name>
         <load_address>0x20b0</load_address>
         <run_address>0x20b0</run_address>
         <size>0x4</size>
         <input_file_ref idref="fl-4c"/>
      </object_component>
      <object_component id="oc-5ef">
         <name>.data:__TI_dtors_ptr</name>
         <load_address>0x20b4</load_address>
         <run_address>0x20b4</run_address>
         <size>0x4</size>
         <input_file_ref idref="fl-4c"/>
      </object_component>
      <object_component id="oc-5ec">
         <name>.data</name>
         <load_address>0x20c8</load_address>
         <run_address>0x20c8</run_address>
         <size>0x2</size>
         <input_file_ref idref="fl-56"/>
      </object_component>
      <object_component id="oc-512">
         <name>.data:_lock</name>
         <load_address>0x20b8</load_address>
         <run_address>0x20b8</run_address>
         <size>0x4</size>
         <input_file_ref idref="fl-57"/>
      </object_component>
      <object_component id="oc-51e">
         <name>.data:_unlock</name>
         <load_address>0x20bc</load_address>
         <run_address>0x20bc</run_address>
         <size>0x4</size>
         <input_file_ref idref="fl-57"/>
      </object_component>
      <object_component id="oc-71b">
         <name>.data</name>
         <load_address>0x20ca</load_address>
         <run_address>0x20ca</run_address>
         <size>0x2</size>
         <input_file_ref idref="fl-5e"/>
      </object_component>
      <object_component id="oc-280">
         <name>.sysmem</name>
         <uninitialized>true</uninitialized>
         <run_address>0x2000</run_address>
         <size>0x8</size>
         <input_file_ref idref="fl-5e"/>
      </object_component>
      <object_component id="oc-83e">
         <name>.sysmem</name>
         <uninitialized>true</uninitialized>
         <run_address>0x2000</run_address>
         <size>0x0</size>
      </object_component>
      <object_component id="oc-27c">
         <name>.stack</name>
         <uninitialized>true</uninitialized>
         <run_address>0x2760</run_address>
         <size>0x2</size>
         <input_file_ref idref="fl-49"/>
      </object_component>
      <object_component id="oc-83d">
         <name>.stack</name>
         <uninitialized>true</uninitialized>
         <run_address>0x2760</run_address>
         <size>0x0</size>
      </object_component>
      <object_component id="oc-70">
         <name>.int45</name>
         <load_address>0xffe2</load_address>
         <run_address>0xffe2</run_address>
         <size>0x2</size>
         <input_file_ref idref="fl-38"/>
      </object_component>
      <object_component id="oc-71">
         <name>.int46</name>
         <load_address>0xffe4</load_address>
         <run_address>0xffe4</run_address>
         <size>0x2</size>
         <input_file_ref idref="fl-39"/>
      </object_component>
      <object_component id="oc-72">
         <name>.int47</name>
         <load_address>0xffe6</load_address>
         <run_address>0xffe6</run_address>
         <size>0x2</size>
         <input_file_ref idref="fl-6"/>
      </object_component>
      <object_component id="oc-73">
         <name>.int48</name>
         <load_address>0xffe8</load_address>
         <run_address>0xffe8</run_address>
         <size>0x2</size>
         <input_file_ref idref="fl-6"/>
      </object_component>
      <object_component id="oc-74">
         <name>.int49</name>
         <load_address>0xffea</load_address>
         <run_address>0xffea</run_address>
         <size>0x2</size>
         <input_file_ref idref="fl-3a"/>
      </object_component>
      <object_component id="oc-75">
         <name>.int50</name>
         <load_address>0xffec</load_address>
         <run_address>0xffec</run_address>
         <size>0x2</size>
         <input_file_ref idref="fl-3b"/>
      </object_component>
      <object_component id="oc-76">
         <name>.int51</name>
         <load_address>0xffee</load_address>
         <run_address>0xffee</run_address>
         <size>0x2</size>
         <input_file_ref idref="fl-3c"/>
      </object_component>
      <object_component id="oc-77">
         <name>.int52</name>
         <load_address>0xfff0</load_address>
         <run_address>0xfff0</run_address>
         <size>0x2</size>
         <input_file_ref idref="fl-3d"/>
      </object_component>
      <object_component id="oc-78">
         <name>.int53</name>
         <load_address>0xfff2</load_address>
         <run_address>0xfff2</run_address>
         <size>0x2</size>
         <input_file_ref idref="fl-3e"/>
      </object_component>
      <object_component id="oc-79">
         <name>.int54</name>
         <load_address>0xfff4</load_address>
         <run_address>0xfff4</run_address>
         <size>0x2</size>
         <input_file_ref idref="fl-3f"/>
      </object_component>
      <object_component id="oc-7a">
         <name>.int55</name>
         <load_address>0xfff6</load_address>
         <run_address>0xfff6</run_address>
         <size>0x2</size>
         <input_file_ref idref="fl-40"/>
      </object_component>
      <object_component id="oc-7b">
         <name>.int56</name>
         <load_address>0xfff8</load_address>
         <run_address>0xfff8</run_address>
         <size>0x2</size>
         <input_file_ref idref="fl-41"/>
      </object_component>
      <object_component id="oc-7c">
         <name>.int57</name>
         <load_address>0xfffa</load_address>
         <run_address>0xfffa</run_address>
         <size>0x2</size>
         <input_file_ref idref="fl-42"/>
      </object_component>
      <object_component id="oc-7d">
         <name>.int58</name>
         <load_address>0xfffc</load_address>
         <run_address>0xfffc</run_address>
         <size>0x2</size>
         <input_file_ref idref="fl-43"/>
      </object_component>
      <object_component id="oc-27f">
         <name>.reset</name>
         <load_address>0xfffe</load_address>
         <run_address>0xfffe</run_address>
         <size>0x2</size>
         <input_file_ref idref="fl-49"/>
      </object_component>
      <object_component id="oc-311">
         <name>.debug_info</name>
         <load_address>0x0</load_address>
         <run_address>0x0</run_address>
         <size>0x366</size>
         <input_file_ref idref="fl-2"/>
      </object_component>
      <object_component id="oc-332">
         <name>.debug_info</name>
         <load_address>0x366</load_address>
         <run_address>0x366</run_address>
         <size>0x18e</size>
         <input_file_ref idref="fl-2"/>
      </object_component>
      <object_component id="oc-3d6">
         <name>.debug_info</name>
         <load_address>0x4f4</load_address>
         <run_address>0x4f4</run_address>
         <size>0x136</size>
         <input_file_ref idref="fl-2"/>
      </object_component>
      <object_component id="oc-3cd">
         <name>.debug_info</name>
         <load_address>0x62a</load_address>
         <run_address>0x62a</run_address>
         <size>0xae</size>
         <input_file_ref idref="fl-2"/>
      </object_component>
      <object_component id="oc-289">
         <name>.debug_info</name>
         <load_address>0x6d8</load_address>
         <run_address>0x6d8</run_address>
         <size>0x84</size>
         <input_file_ref idref="fl-2"/>
      </object_component>
      <object_component id="oc-3a2">
         <name>.debug_info</name>
         <load_address>0x75c</load_address>
         <run_address>0x75c</run_address>
         <size>0xc9b8</size>
         <input_file_ref idref="fl-3"/>
      </object_component>
      <object_component id="oc-5e1">
         <name>.debug_info</name>
         <load_address>0xd114</load_address>
         <run_address>0xd114</run_address>
         <size>0xdf</size>
         <input_file_ref idref="fl-3"/>
      </object_component>
      <object_component id="oc-34e">
         <name>.debug_info</name>
         <load_address>0xd1f3</load_address>
         <run_address>0xd1f3</run_address>
         <size>0xe4</size>
         <input_file_ref idref="fl-3"/>
      </object_component>
      <object_component id="oc-3dc">
         <name>.debug_info</name>
         <load_address>0xd2d7</load_address>
         <run_address>0xd2d7</run_address>
         <size>0x10f</size>
         <input_file_ref idref="fl-3"/>
      </object_component>
      <object_component id="oc-366">
         <name>.debug_info</name>
         <load_address>0xd3e6</load_address>
         <run_address>0xd3e6</run_address>
         <size>0xe0</size>
         <input_file_ref idref="fl-3"/>
[...]
      </symbol>
      <symbol id="sm-425">
         <name>PageNumber</name>
         <value>0x20ac</value>
         <object_component_ref idref="oc-3db"/>
      </symbol>
      <symbol id="sm-426">
         <name>SSID</name>
         <value>0x20d2</value>
         <object_component_ref idref="oc-365"/>
      </symbol>
      <symbol id="sm-427">
         <name>ST7920</name>
         <value>0x20de</value>
         <object_component_ref idref="oc-34d"/>
      </symbol>
      <symbol id="sm-428">
         <name>_ZN5Pages11ConnectWifiEiPKc</name>
         <value>0xc6ce</value>
         <object_component_ref idref="oc-3e4"/>
      </symbol>
      <symbol id="sm-429">
         <name>_ZN5Pages5IntroEv</name>
         <value>0xda96</value>
         <object_component_ref idref="oc-4a0"/>
      </symbol>
      <symbol id="sm-42a">
         <name>_ZZNSt3__29allocatorIcE8allocateEjPKvEs</name>
         <value>0xc5d4</value>
         <object_component_ref idref="oc-37c"/>
      </symbol>
      <symbol id="sm-42b">
         <name>picker_Settings</name>
         <value>0x20c0</value>
         <object_component_ref idref="oc-5ae"/>
      </symbol>
      <symbol id="sm-446">
         <name>_ZN3SPI5setCSEb</name>
         <value>0xe1f2</value>
         <object_component_ref idref="oc-735"/>
      </symbol>
      <symbol id="sm-447">
         <name>_ZN3SPI5writeEh</name>
         <value>0xe206</value>
         <object_component_ref idref="oc-73b"/>
      </symbol>
      <symbol id="sm-448">
         <name>_ZN3SPI4initEv</name>
         <value>0xdfd8</value>
         <object_component_ref idref="oc-6bf"/>
      </symbol>
      <symbol id="sm-4e9">
         <name>Graphic_Check</name>
         <value>0x20c4</value>
         <object_component_ref idref="oc-6c6"/>
      </symbol>
      <symbol id="sm-4ea">
         <name>_ZN6ST7920C2Ev</name>
         <value>0xe2ba</value>
         <object_component_ref idref="oc-350"/>
      </symbol>
      <symbol id="sm-4eb">
         <name>_ZN6ST7920D0Ev</name>
         <value>0xe2c2</value>
         <object_component_ref idref="oc-61d"/>
      </symbol>
      <symbol id="sm-4ec">
         <name>_ZN6ST792011GraphicModeEi</name>
         <value>0xdc1c</value>
         <object_component_ref idref="oc-5da"/>
      </symbol>
      <symbol id="sm-4ed">
         <name>_ZN6ST792010SendStringEiiNSt3__212basic_stringIcNS0_11char_traitsIcEENS0_9allocatorIcEEEE</name>
         <value>0xd84e</value>
         <object_component_ref idref="oc-5a6"/>
      </symbol>
      <symbol id="sm-4ee">
         <name>_ZN6ST7920C1Ev</name>
         <value>0xe2ba</value>
         <object_component_ref idref="oc-350"/>
      </symbol>
      <symbol id="sm-4ef">
         <name>_ZTV6ST7920</name>
         <value>0xc660</value>
         <object_component_ref idref="oc-4f3"/>
      </symbol>
      <symbol id="sm-4f0">
         <name>_ZN6ST79208sendDataEh</name>
         <value>0xdd54</value>
         <object_component_ref idref="oc-6b3"/>
      </symbol>
      <symbol id="sm-4f1">
         <name>_ZN6ST79206gotoXYEii</name>
         <value>0xdbc4</value>
         <object_component_ref idref="oc-6cc"/>
      </symbol>
      <symbol id="sm-4f2">
         <name>_ZN6ST7920D2Ev</name>
         <value>0xe2f6</value>
         <object_component_ref idref="oc-356"/>
      </symbol>
      <symbol id="sm-4f3">
         <name>_ZN6ST79204initEv</name>
         <value>0xde22</value>
         <object_component_ref idref="oc-5d3"/>
      </symbol>
      <symbol id="sm-4f4">
         <name>_ZN6ST792011sendCommandEh</name>
         <value>0xdc72</value>
         <object_component_ref idref="oc-69d"/>
      </symbol>
      <symbol id="sm-4f5">
         <name>_ZTI6ST7920</name>
         <value>0xc6c6</value>
         <object_component_ref idref="oc-618"/>
      </symbol>
      <symbol id="sm-4f6">
         <name>_ZN6ST79209drawImageEPKciiii</name>
         <value>0xda14</value>
         <object_component_ref idref="oc-5e3"/>
      </symbol>
      <symbol id="sm-4f7">
         <name>_ZN6ST7920D1Ev</name>
         <value>0xe2f6</value>
         <object_component_ref idref="oc-356"/>
      </symbol>
      <symbol id="sm-4f8">
         <name>_ZTS6ST7920</name>
         <value>0xc6ac</value>
         <object_component_ref idref="oc-6fa"/>
      </symbol>
      <symbol id="sm-4f9">
         <name>_ZN6ST792010fillScreenEh</name>
         <value>0xe21a</value>
         <object_component_ref idref="oc-592"/>
      </symbol>
      <symbol id="sm-5dc">
         <name>_ZN5UTILS8checkADCEv</name>
         <value>0xe0fc</value>
         <object_component_ref idref="oc-4a6"/>
      </symbol>
      <symbol id="sm-5dd">
         <name>_Z17Port_1_IntHandlerv</name>
         <value>0xd302</value>
         <object_component_ref idref="oc-29f"/>
      </symbol>
      <symbol id="sm-5de">
         <name>_Z7ADC_ISRv</name>
         <value>0xde64</value>
         <object_component_ref idref="oc-2a5"/>
      </symbol>
      <symbol id="sm-5df">
         <name>__TI_int48</name>
         <value>0xffe8</value>
         <object_component_ref idref="oc-73"/>
      </symbol>
      <symbol id="sm-5e0">
         <name>__TI_int47</name>
         <value>0xffe6</value>
         <object_component_ref idref="oc-72"/>
      </symbol>
      <symbol id="sm-5e1">
         <name>option_num</name>
         <value>0x20a0</value>
         <object_component_ref idref="oc-2fb"/>
      </symbol>
      <symbol id="sm-5e2">
         <name>val</name>
         <value>0x20a2</value>
         <object_component_ref idref="oc-2fb"/>
      </symbol>
      <symbol id="sm-5e3">
         <name>ADC_Result</name>
         <value>0x20a4</value>
         <object_component_ref idref="oc-2fb"/>
      </symbol>
      <symbol id="sm-5e4">
         <name>_ZN5UTILS9init_gpioEv</name>
         <value>0xdcc4</value>
         <object_component_ref idref="oc-48e"/>
      </symbol>
      <symbol id="sm-5e5">
         <name>_ZN5UTILS8delay_msEj</name>
         <value>0xe1b2</value>
         <object_component_ref idref="oc-3fc"/>
      </symbol>
      <symbol id="sm-5e6">
         <name>_ZN5UTILS7toASCIIEj</name>
         <value>0xcc48</value>
         <object_component_ref idref="oc-303"/>
      </symbol>
      <symbol id="sm-5e7">
         <name>_ZN5UTILS13configure_adcEv</name>
         <value>0xe0b2</value>
         <object_component_ref idref="oc-494"/>
      </symbol>
      <symbol id="sm-616">
         <name>_Znwj</name>
         <value>0xe0d8</value>
         <object_component_ref idref="oc-388"/>
      </symbol>
      <symbol id="sm-617">
         <name>_ZdlPv</name>
         <value>0xe29c</value>
         <object_component_ref idref="oc-54f"/>
      </symbol>
      <symbol id="sm-618">
         <name>_ZdlPvj</name>
         <value>0xe2ee</value>
         <object_component_ref idref="oc-6ff"/>
      </symbol>
      <symbol id="sm-6c5">
         <name>_ZNSt3__212basic_stringIcNS_11char_traitsIcEENS_9allocatorIcEEE6appendEPKc</name>
         <value>0xe152</value>
         <object_component_ref idref="oc-598"/>
      </symbol>
      <symbol id="sm-6c6">
         <name>_ZZNKSt3__221__basic_string_commonILb1EE20__throw_length_errorEvEs</name>
         <value>0xc690</value>
         <object_component_ref idref="oc-532"/>
      </symbol>
      <symbol id="sm-6c7">
         <name>_ZNSt3__212basic_stringIcNS_11char_traitsIcEENS_9allocatorIcEEEC1ERKS5_</name>
         <value>0xdf9e</value>
         <object_component_ref idref="oc-59f"/>
      </symbol>
      <symbol id="sm-6c8">
         <name>_ZNKSt3__221__basic_string_commonILb1EE20__throw_length_errorEv</name>
         <value>0xe2ca</value>
         <object_component_ref idref="oc-375"/>
      </symbol>
      <symbol id="sm-6c9">
         <name>_ZNSt3__212basic_stringIcNS_11char_traitsIcEENS_9allocatorIcEEE6__initEPKcj</name>
         <value>0xdb6a</value>
         <object_component_ref idref="oc-6ac"/>
      </symbol>
      <symbol id="sm-6ca">
         <name>_ZNSt3__212basic_stringIcNS_11char_traitsIcEENS_9allocatorIcEEE21__grow_by_and_replaceEjjjjjjPKc</name>
         <value>0xd1fc</value>
         <object_component_ref idref="oc-742"/>
      </symbol>
      <symbol id="sm-6cb">
         <name>_ZNSt3__212basic_stringIcNS_11char_traitsIcEENS_9allocatorIcEEED1Ev</name>
         <value>0xe16c</value>
         <object_component_ref idref="oc-394"/>
      </symbol>
      <symbol id="sm-6cc">
         <name>_ZNSt3__212basic_stringIcNS_11char_traitsIcEENS_9allocatorIcEEE6appendEPKcj</name>
         <value>0xd8f8</value>
         <object_component_ref idref="oc-6a4"/>
      </symbol>
      <symbol id="sm-706">
         <name>__dso_handle</name>
         <value>0x20e8</value>
      </symbol>
      <symbol id="sm-707">
         <name>_Z25__add_destruction_to_listPP20a_needed_destructionPFYvPvES2_S2_</name>
         <value>0xdd9a</value>
         <object_component_ref idref="oc-518"/>
      </symbol>
      <symbol id="sm-708">
         <name>__cxa_atexit</name>
         <value>0xe08c</value>
         <object_component_ref idref="oc-35f"/>
      </symbol>
      <symbol id="sm-709">
         <name>_Z23__finalize_destructionsPP20a_needed_destructionPv</name>
         <value>0xdee6</value>
         <object_component_ref idref="oc-70a"/>
      </symbol>
      <symbol id="sm-70a">
         <name>__cxa_ia64_exit</name>
         <value>0xe2a6</value>
         <object_component_ref idref="oc-648"/>
      </symbol>
      <symbol id="sm-755">
         <name>_ZN10__cxxabiv117__class_type_infoD1Ev</name>
         <value>0xe268</value>
         <object_component_ref idref="oc-75d"/>
      </symbol>
      <symbol id="sm-756">
         <name>_ZTSN10__cxxabiv120__si_class_type_infoE</name>
         <value>0xc618</value>
         <object_component_ref idref="oc-7bd"/>
      </symbol>
      <symbol id="sm-757">
         <name>_ZTSN10__cxxabiv117__class_type_infoE</name>
         <value>0xc63e</value>
         <object_component_ref idref="oc-786"/>
      </symbol>
      <symbol id="sm-758">
         <name>_ZN10__cxxabiv117__class_type_infoD2Ev</name>
         <value>0xe268</value>
         <object_component_ref idref="oc-75d"/>
      </symbol>
      <symbol id="sm-759">
         <name>_ZN10__cxxabiv120__si_class_type_infoD2Ev</name>
         <value>0xe276</value>
         <object_component_ref idref="oc-7a9"/>
      </symbol>
      <symbol id="sm-75a">
         <name>_ZTVN10__cxxabiv117__class_type_infoE</name>
         <value>0xc670</value>
         <object_component_ref idref="oc-6f5"/>
      </symbol>
      <symbol id="sm-75b">
         <name>_ZTIN10__cxxabiv117__class_type_infoE</name>
         <value>0xc6ba</value>
         <object_component_ref idref="oc-758"/>
      </symbol>
      <symbol id="sm-75c">
         <name>_ZN10__cxxabiv120__si_class_type_infoD1Ev</name>
         <value>0xe276</value>
         <object_component_ref idref="oc-7a9"/>
      </symbol>
      <symbol id="sm-75d">
         <name>_ZTIN10__cxxabiv120__si_class_type_infoE</name>
         <value>0xc6c0</value>
         <object_component_ref idref="oc-7a4"/>
      </symbol>
      <symbol id="sm-75e">
         <name>_ZN10__cxxabiv117__class_type_infoD0Ev</name>
         <value>0xe1de</value>
         <object_component_ref idref="oc-763"/>
      </symbol>
      <symbol id="sm-75f">
         <name>_ZTVN10__cxxabiv120__si_class_type_infoE</name>
         <value>0xc680</value>
         <object_component_ref idref="oc-781"/>
      </symbol>
      <symbol id="sm-760">
         <name>_ZN10__cxxabiv120__si_class_type_infoD0Ev</name>
         <value>0xe19c</value>
         <object_component_ref idref="oc-7af"/>
      </symbol>
      <symbol id="sm-781">
         <name>__mspabi_remi</name>
         <value>0xe038</value>
         <object_component_ref idref="oc-5b2"/>
      </symbol>
      <symbol id="sm-782">
         <name>__mspabi_divi</name>
         <value>0xe038</value>
         <object_component_ref idref="oc-5b2"/>
      </symbol>
      <symbol id="sm-78c">
         <name>__mspabi_remu</name>
         <value>0xe1c8</value>
         <object_component_ref idref="oc-3f6"/>
      </symbol>
      <symbol id="sm-78d">
         <name>__mspabi_divu</name>
         <value>0xe1c8</value>
         <object_component_ref idref="oc-3f6"/>
      </symbol>
      <symbol id="sm-791">
         <name>__TI_int45</name>
         <value>0xffe2</value>
         <object_component_ref idref="oc-70"/>
      </symbol>
      <symbol id="sm-794">
         <name>__TI_int46</name>
         <value>0xffe4</value>
         <object_component_ref idref="oc-71"/>
      </symbol>
      <symbol id="sm-797">
         <name>__TI_int49</name>
         <value>0xffea</value>
         <object_component_ref idref="oc-74"/>
      </symbol>
      <symbol id="sm-79a">
         <name>__TI_int50</name>
         <value>0xffec</value>
         <object_component_ref idref="oc-75"/>
      </symbol>
      <symbol id="sm-79d">
         <name>__TI_int51</name>
         <value>0xffee</value>
         <object_component_ref idref="oc-76"/>
      </symbol>
      <symbol id="sm-7a0">
         <name>__TI_int52</name>
         <value>0xfff0</value>
         <object_component_ref idref="oc-77"/>
      </symbol>
      <symbol id="sm-7a3">
         <name>__TI_int53</name>
         <value>0xfff2</value>
         <object_component_ref idref="oc-78"/>
      </symbol>
      <symbol id="sm-7a6">
         <name>__TI_int54</name>
         <value>0xfff4</value>
         <object_component_ref idref="oc-79"/>
      </symbol>
      <symbol id="sm-7a9">
         <name>__TI_int55</name>
         <value>0xfff6</value>
         <object_component_ref idref="oc-7a"/>
      </symbol>
      <symbol id="sm-7ac">
         <name>__TI_int56</name>
         <value>0xfff8</value>
         <object_component_ref idref="oc-7b"/>
      </symbol>
      <symbol id="sm-7af">
         <name>__TI_int57</name>
         <value>0xfffa</value>
         <object_component_ref idref="oc-7c"/>
      </symbol>
      <symbol id="sm-7b2">
         <name>__TI_int58</name>
         <value>0xfffc</value>
         <object_component_ref idref="oc-7d"/>
      </symbol>
      <symbol id="sm-7ba">
         <name>__TI_ISR_TRAP</name>
         <value>0xe2d2</value>
         <object_component_ref idref="oc-29a"/>
      </symbol>
      <symbol id="sm-7c3">
         <name>__mspabi_slli</name>
         <value>0xe2b0</value>
         <object_component_ref idref="oc-2fe"/>
      </symbol>
      <symbol id="sm-7cd">
         <name>__mspabi_mpyi_sw</name>
         <value>0xe242</value>
         <object_component_ref idref="oc-6d2"/>
      </symbol>
      <symbol id="sm-7ce">
         <name>__mspabi_mpyi</name>
         <value>0xe242</value>
         <object_component_ref idref="oc-6d2"/>
      </symbol>
      <symbol id="sm-7e0">
         <name>_stack</name>
         <value>0x2760</value>
         <object_component_ref idref="oc-27c"/>
      </symbol>
      <symbol id="sm-7e1">
         <name>_c_int00_noargs</name>
         <value>0xe11a</value>
         <object_component_ref idref="oc-2bd"/>
      </symbol>
      <symbol id="sm-7e2">
         <name>_reset_vector</name>
         <value>0xfffe</value>
         <object_component_ref idref="oc-27f"/>
      </symbol>
      <symbol id="sm-807">
         <name>__TI_auto_init_nobinit_hold_wdt</name>
         <value>0xd990</value>
         <object_component_ref idref="oc-4d7"/>
      </symbol>
      <symbol id="sm-817">
         <name>__TI_zero_init_nomemset</name>
         <value>0xdf24</value>
         <object_component_ref idref="oc-2ab"/>
      </symbol>
      <symbol id="sm-826">
         <name>__TI_dtors_ptr</name>
         <value>0x20b4</value>
         <object_component_ref idref="oc-5ef"/>
      </symbol>
      <symbol id="sm-827">
         <name>__TI_cleanup_ptr</name>
         <value>0x20b0</value>
         <object_component_ref idref="oc-5f2"/>
      </symbol>
      <symbol id="sm-834">
         <name>_system_pre_init</name>
         <value>0xe2f2</value>
         <object_component_ref idref="oc-32b"/>
      </symbol>
      <symbol id="sm-83d">
         <name>_system_post_cinit</name>
         <value>0xe2fc</value>
         <object_component_ref idref="oc-5f7"/>
      </symbol>
      <symbol id="sm-84e">
         <name>__TI_decompress_none</name>
         <value>0xdf62</value>
         <object_component_ref idref="oc-6a"/>
      </symbol>
      <symbol id="sm-86f">
         <name>__TI_decompress_lzss</name>
         <value>0xd4ee</value>
         <object_component_ref idref="oc-64"/>
      </symbol>
      <symbol id="sm-88d">
         <name>C$$EXIT</name>
         <value>0xe2e8</value>
         <object_component_ref idref="oc-4ad"/>
      </symbol>
      <symbol id="sm-88e">
         <name>abort</name>
         <value>0xe2e8</value>
         <object_component_ref idref="oc-4ad"/>
      </symbol>
      <symbol id="sm-88f">
         <name>__TI_enable_exit_profile_output</name>
         <value>0x20c8</value>
         <object_component_ref idref="oc-5ec"/>
      </symbol>
      <symbol id="sm-890">
         <name>exit</name>
         <value>0xdd0c</value>
         <object_component_ref idref="oc-4b3"/>
      </symbol>
      <symbol id="sm-8a6">
         <name>_nop</name>
         <value>0xe2fa</value>
         <object_component_ref idref="oc-63d"/>
      </symbol>
      <symbol id="sm-8a7">
         <name>_lock</name>
         <value>0x20b8</value>
         <object_component_ref idref="oc-512"/>
      </symbol>
      <symbol id="sm-8a8">
         <name>_unlock</name>
         <value>0x20bc</value>
         <object_component_ref idref="oc-51e"/>
      </symbol>
      <symbol id="sm-8ba">
         <name>memcpy</name>
         <value>0xe256</value>
         <object_component_ref idref="oc-38e"/>
      </symbol>
      <symbol id="sm-939">
         <name>_sys_memory</name>
         <value>0x2000</value>
         <object_component_ref idref="oc-280"/>
      </symbol>
      <symbol id="sm-93a">
         <name>free</name>
         <value>0xd6b6</value>
         <object_component_ref idref="oc-680"/>
      </symbol>
      <symbol id="sm-93b">
         <name>memalign</name>
         <value>0xd3fe</value>
         <object_component_ref idref="oc-673"/>
      </symbol>
      <symbol id="sm-93c">
         <name>malloc</name>
         <value>0xe2da</value>
         <object_component_ref idref="oc-53c"/>
      </symbol>
      <symbol id="sm-93d">
         <name>aligned_alloc</name>
         <value>0xd3fe</value>
         <object_component_ref idref="oc-673"/>
      </symbol>
      <symbol id="sm-94b">
         <name>memset</name>
         <value>0xe22e</value>
         <object_component_ref idref="oc-368"/>
      </symbol>
      <symbol id="sm-959">
         <name>strcmp</name>
         <value>0xe184</value>
         <object_component_ref idref="oc-30a"/>
      </symbol>
      <symbol id="sm-966">
         <name>strlen</name>
         <value>0xe284</value>
         <object_component_ref idref="oc-36f"/>
      </symbol>
      <symbol id="sm-99d">
         <name>_ZTSSt9type_info</name>
         <value>0xc69e</value>
         <object_component_ref idref="oc-7b5"/>
      </symbol>
      <symbol id="sm-99e">
         <name>_ZNSt9type_infoD2Ev</name>
         <value>0xe2f8</value>
         <object_component_ref idref="oc-790"/>
      </symbol>
      <symbol id="sm-99f">
         <name>_ZNSt9type_infoD1Ev</name>
         <value>0xe2f8</value>
         <object_component_ref idref="oc-790"/>
      </symbol>
      <symbol id="sm-9a0">
         <name>_ZTISt9type_info</name>
         <value>0xc6ca</value>
         <object_component_ref idref="oc-78b"/>
      </symbol>
      <symbol id="sm-9b4">
         <name>__memcpy_far</name>
         <value>0xdea6</value>
         <object_component_ref idref="oc-28e"/>
      </symbol>
      <symbol id="sm-9f4">
         <name>_ZSt17__throw_bad_allocv</name>
         <value>0xe2e8</value>
      </symbol>
   </symbol_table>
   <title>Link successful</title>
</link_info>
